C:/PYRASOBC-main/OBC_STDPF/espf/core/middlewares/external/csp/src/csp_endian.c:24:45:csp_hton16	0	static
C:/PYRASOBC-main/OBC_STDPF/espf/core/middlewares/external/csp/src/csp_endian.c:34:45:csp_ntoh16	0	static
C:/PYRASOBC-main/OBC_STDPF/espf/core/middlewares/external/csp/src/csp_endian.c:39:45:csp_hton32	0	static
C:/PYRASOBC-main/OBC_STDPF/espf/core/middlewares/external/csp/src/csp_endian.c:51:45:csp_ntoh32	0	static
C:/PYRASOBC-main/OBC_STDPF/espf/core/middlewares/external/csp/src/csp_endian.c:56:45:csp_hton64	0	static
C:/PYRASOBC-main/OBC_STDPF/espf/core/middlewares/external/csp/src/csp_endian.c:72:45:csp_ntoh64	8	static
C:/PYRASOBC-main/OBC_STDPF/espf/core/middlewares/external/csp/src/csp_endian.c:77:45:csp_htobe16	0	static
C:/PYRASOBC-main/OBC_STDPF/espf/core/middlewares/external/csp/src/csp_endian.c:82:45:csp_htole16	0	static
C:/PYRASOBC-main/OBC_STDPF/espf/core/middlewares/external/csp/src/csp_endian.c:92:45:csp_betoh16	0	static
C:/PYRASOBC-main/OBC_STDPF/espf/core/middlewares/external/csp/src/csp_endian.c:97:45:csp_letoh16	0	static
C:/PYRASOBC-main/OBC_STDPF/espf/core/middlewares/external/csp/src/csp_endian.c:102:45:csp_htobe32	0	static
C:/PYRASOBC-main/OBC_STDPF/espf/core/middlewares/external/csp/src/csp_endian.c:107:45:csp_htole32	0	static
C:/PYRASOBC-main/OBC_STDPF/espf/core/middlewares/external/csp/src/csp_endian.c:119:45:csp_betoh32	0	static
C:/PYRASOBC-main/OBC_STDPF/espf/core/middlewares/external/csp/src/csp_endian.c:124:45:csp_letoh32	0	static
C:/PYRASOBC-main/OBC_STDPF/espf/core/middlewares/external/csp/src/csp_endian.c:129:45:csp_htobe64	8	static
C:/PYRASOBC-main/OBC_STDPF/espf/core/middlewares/external/csp/src/csp_endian.c:134:45:csp_htole64	0	static
C:/PYRASOBC-main/OBC_STDPF/espf/core/middlewares/external/csp/src/csp_endian.c:150:45:csp_betoh64	8	static
C:/PYRASOBC-main/OBC_STDPF/espf/core/middlewares/external/csp/src/csp_endian.c:155:45:csp_letoh64	0	static
C:/PYRASOBC-main/OBC_STDPF/espf/core/middlewares/external/csp/src/csp_endian.c:161:42:csp_htonflt	8	static
C:/PYRASOBC-main/OBC_STDPF/espf/core/middlewares/external/csp/src/csp_endian.c:177:42:csp_ntohflt	8	static
C:/PYRASOBC-main/OBC_STDPF/espf/core/middlewares/external/csp/src/csp_endian.c:182:43:csp_htondbl	8	static
C:/PYRASOBC-main/OBC_STDPF/espf/core/middlewares/external/csp/src/csp_endian.c:198:43:csp_ntohdbl	8	static
