C:/PYRASOBC-main/OBC_STDPF/espf/core/middlewares/external/csp/src/arch/freertos/csp_semaphore.c:24:5:csp_mutex_create	8	static
C:/PYRASOBC-main/OBC_STDPF/espf/core/middlewares/external/csp/src/arch/freertos/csp_semaphore.c:45:5:csp_bin_sem_create	8	static
C:/PYRASOBC-main/OBC_STDPF/espf/core/middlewares/external/csp/src/arch/freertos/csp_semaphore.c:50:5:csp_bin_sem_remove	8	static
C:/PYRASOBC-main/OBC_STDPF/espf/core/middlewares/external/csp/src/arch/freertos/csp_semaphore.c:33:5:csp_mutex_remove	8	static
C:/PYRASOBC-main/OBC_STDPF/espf/core/middlewares/external/csp/src/arch/freertos/csp_semaphore.c:57:5:csp_bin_sem_wait	16	static
C:/PYRASOBC-main/OBC_STDPF/espf/core/middlewares/external/csp/src/arch/freertos/csp_semaphore.c:37:5:csp_mutex_lock	8	static
C:/PYRASOBC-main/OBC_STDPF/espf/core/middlewares/external/csp/src/arch/freertos/csp_semaphore.c:68:5:csp_bin_sem_post	8	static
C:/PYRASOBC-main/OBC_STDPF/espf/core/middlewares/external/csp/src/arch/freertos/csp_semaphore.c:41:5:csp_mutex_unlock	8	static
C:/PYRASOBC-main/OBC_STDPF/espf/core/middlewares/external/csp/src/arch/freertos/csp_semaphore.c:76:5:csp_bin_sem_post_isr	16	static
