C:/PYRASOBC-main/OBC_STDPF/espf/arch/stm32h753iit/drivers/power/eps_i/fp/EPS1/v0.1/EPS1_client/FP_EPS1ClientApp.c:137:13:EPS1_ToggleOutPutResponseHandlerImpl	0	static
C:/PYRASOBC-main/OBC_STDPF/espf/arch/stm32h753iit/drivers/power/eps_i/fp/EPS1/v0.1/EPS1_client/FP_EPS1ClientApp.c:117:13:EPS1_queryControlsResponseHandlerImpl	8	static
C:/PYRASOBC-main/OBC_STDPF/espf/arch/stm32h753iit/drivers/power/eps_i/fp/EPS1/v0.1/EPS1_client/FP_EPS1ClientApp.c:99:13:EPS1_getConfigurationInfoResponseHandlerImpl	8	static
C:/PYRASOBC-main/OBC_STDPF/espf/arch/stm32h753iit/drivers/power/eps_i/fp/EPS1/v0.1/EPS1_client/FP_EPS1ClientApp.c:79:13:EPS1_getBatteryInfoResponseHandlerImpl	8	static
C:/PYRASOBC-main/OBC_STDPF/espf/arch/stm32h753iit/drivers/power/eps_i/fp/EPS1/v0.1/EPS1_client/FP_EPS1ClientApp.c:58:1:cmp_logger_def_init	0	static
C:/PYRASOBC-main/OBC_STDPF/espf/arch/stm32h753iit/drivers/power/eps_i/fp/EPS1/v0.1/EPS1_client/FP_EPS1ClientApp.c:162:6:EPS1ClientAppInit	8	static
