C:/PYRASOBC-main/OBC_STDPF/espf/core/services/upython/src/core/cmodules/fdir_srv/upy_fdir_srv.c:1555:17:resp_force_clear_all_faults_get_fault_id	8	static
C:/PYRASOBC-main/OBC_STDPF/espf/core/services/upython/src/core/cmodules/fdir_srv/upy_fdir_srv.c:1546:17:resp_force_clear_all_faults_get_status	8	static
C:/PYRASOBC-main/OBC_STDPF/espf/core/services/upython/src/core/cmodules/fdir_srv/upy_fdir_srv.c:1446:17:resp_force_clear_fault_get_status	8	static
C:/PYRASOBC-main/OBC_STDPF/espf/core/services/upython/src/core/cmodules/fdir_srv/upy_fdir_srv.c:1340:17:resp_set_fault_get_status	8	static
C:/PYRASOBC-main/OBC_STDPF/espf/core/services/upython/src/core/cmodules/fdir_srv/upy_fdir_srv.c:1230:17:resp_get_fault_get_fdir_level	8	static
C:/PYRASOBC-main/OBC_STDPF/espf/core/services/upython/src/core/cmodules/fdir_srv/upy_fdir_srv.c:1221:17:resp_get_fault_get_is_active	8	static
C:/PYRASOBC-main/OBC_STDPF/espf/core/services/upython/src/core/cmodules/fdir_srv/upy_fdir_srv.c:1212:17:resp_get_fault_get_status	8	static
C:/PYRASOBC-main/OBC_STDPF/espf/core/services/upython/src/core/cmodules/fdir_srv/upy_fdir_srv.c:1105:17:resp_set_fault_user_clear_level_get_fdir_level_set	8	static
C:/PYRASOBC-main/OBC_STDPF/espf/core/services/upython/src/core/cmodules/fdir_srv/upy_fdir_srv.c:1096:17:resp_set_fault_user_clear_level_get_status	8	static
C:/PYRASOBC-main/OBC_STDPF/espf/core/services/upython/src/core/cmodules/fdir_srv/upy_fdir_srv.c:989:17:resp_get_fault_user_clear_level_get_fdir_level	8	static
C:/PYRASOBC-main/OBC_STDPF/espf/core/services/upython/src/core/cmodules/fdir_srv/upy_fdir_srv.c:980:17:resp_get_fault_user_clear_level_get_status	8	static
C:/PYRASOBC-main/OBC_STDPF/espf/core/services/upython/src/core/cmodules/fdir_srv/upy_fdir_srv.c:879:17:resp_set_min_active_fdir_get_fdir_level_set	8	static
C:/PYRASOBC-main/OBC_STDPF/espf/core/services/upython/src/core/cmodules/fdir_srv/upy_fdir_srv.c:870:17:resp_set_min_active_fdir_get_status	8	static
C:/PYRASOBC-main/OBC_STDPF/espf/core/services/upython/src/core/cmodules/fdir_srv/upy_fdir_srv.c:763:17:resp_get_min_active_fdir_get_fdir_level_set	8	static
C:/PYRASOBC-main/OBC_STDPF/espf/core/services/upython/src/core/cmodules/fdir_srv/upy_fdir_srv.c:754:17:resp_get_min_active_fdir_get_status	8	static
C:/PYRASOBC-main/OBC_STDPF/espf/core/services/upython/src/core/cmodules/fdir_srv/upy_fdir_srv.c:653:17:resp_set_detection_for_all_faults_get_fault_id	8	static
C:/PYRASOBC-main/OBC_STDPF/espf/core/services/upython/src/core/cmodules/fdir_srv/upy_fdir_srv.c:644:17:resp_set_detection_for_all_faults_get_status	8	static
C:/PYRASOBC-main/OBC_STDPF/espf/core/services/upython/src/core/cmodules/fdir_srv/upy_fdir_srv.c:537:17:resp_set_detection_for_fault_get_detection_enabled	8	static
C:/PYRASOBC-main/OBC_STDPF/espf/core/services/upython/src/core/cmodules/fdir_srv/upy_fdir_srv.c:528:17:resp_set_detection_for_fault_get_status	8	static
C:/PYRASOBC-main/OBC_STDPF/espf/core/services/upython/src/core/cmodules/fdir_srv/upy_fdir_srv.c:420:17:resp_get_detection_for_fault_get_detection_enabled	8	static
C:/PYRASOBC-main/OBC_STDPF/espf/core/services/upython/src/core/cmodules/fdir_srv/upy_fdir_srv.c:411:17:resp_get_detection_for_fault_get_status	8	static
C:/PYRASOBC-main/OBC_STDPF/espf/core/services/upython/src/core/cmodules/fdir_srv/upy_fdir_srv.c:304:17:resp_get_agent_fdir_level_get_fdir_level	8	static
C:/PYRASOBC-main/OBC_STDPF/espf/core/services/upython/src/core/cmodules/fdir_srv/upy_fdir_srv.c:295:17:resp_get_agent_fdir_level_get_status	8	static
C:/PYRASOBC-main/OBC_STDPF/espf/core/services/upython/src/core/cmodules/fdir_srv/upy_fdir_srv.c:188:17:resp_get_system_fdir_level_get_fdir_level	8	static
C:/PYRASOBC-main/OBC_STDPF/espf/core/services/upython/src/core/cmodules/fdir_srv/upy_fdir_srv.c:179:17:resp_get_system_fdir_level_get_status	8	static
C:/PYRASOBC-main/OBC_STDPF/espf/core/services/upython/src/core/cmodules/fdir_srv/upy_fdir_srv.c:1513:17:resp_force_clear_all_faults_make_new	32	static
C:/PYRASOBC-main/OBC_STDPF/espf/core/services/upython/src/core/cmodules/fdir_srv/upy_fdir_srv.c:1413:17:resp_force_clear_fault_make_new	32	static
C:/PYRASOBC-main/OBC_STDPF/espf/core/services/upython/src/core/cmodules/fdir_srv/upy_fdir_srv.c:1307:17:resp_set_fault_make_new	32	static
C:/PYRASOBC-main/OBC_STDPF/espf/core/services/upython/src/core/cmodules/fdir_srv/upy_fdir_srv.c:1179:17:resp_get_fault_make_new	32	static
C:/PYRASOBC-main/OBC_STDPF/espf/core/services/upython/src/core/cmodules/fdir_srv/upy_fdir_srv.c:1063:17:resp_set_fault_user_clear_level_make_new	32	static
C:/PYRASOBC-main/OBC_STDPF/espf/core/services/upython/src/core/cmodules/fdir_srv/upy_fdir_srv.c:947:17:resp_get_fault_user_clear_level_make_new	32	static
C:/PYRASOBC-main/OBC_STDPF/espf/core/services/upython/src/core/cmodules/fdir_srv/upy_fdir_srv.c:837:17:resp_set_min_active_fdir_make_new	32	static
C:/PYRASOBC-main/OBC_STDPF/espf/core/services/upython/src/core/cmodules/fdir_srv/upy_fdir_srv.c:721:17:resp_get_min_active_fdir_make_new	32	static
C:/PYRASOBC-main/OBC_STDPF/espf/core/services/upython/src/core/cmodules/fdir_srv/upy_fdir_srv.c:611:17:resp_set_detection_for_all_faults_make_new	32	static
C:/PYRASOBC-main/OBC_STDPF/espf/core/services/upython/src/core/cmodules/fdir_srv/upy_fdir_srv.c:495:17:resp_set_detection_for_fault_make_new	32	static
C:/PYRASOBC-main/OBC_STDPF/espf/core/services/upython/src/core/cmodules/fdir_srv/upy_fdir_srv.c:378:17:resp_get_detection_for_fault_make_new	32	static
C:/PYRASOBC-main/OBC_STDPF/espf/core/services/upython/src/core/cmodules/fdir_srv/upy_fdir_srv.c:262:17:resp_get_agent_fdir_level_make_new	32	static
C:/PYRASOBC-main/OBC_STDPF/espf/core/services/upython/src/core/cmodules/fdir_srv/upy_fdir_srv.c:146:17:resp_get_system_fdir_level_make_new	32	static
C:/PYRASOBC-main/OBC_STDPF/espf/core/services/upython/src/core/cmodules/fdir_srv/upy_fdir_srv.c:1477:17:req_force_clear_all_faults	8	static
C:/PYRASOBC-main/OBC_STDPF/espf/core/services/upython/src/core/cmodules/fdir_srv/upy_fdir_srv.c:911:17:req_get_fault_user_clear_level	8	static
C:/PYRASOBC-main/OBC_STDPF/espf/core/services/upython/src/core/cmodules/fdir_srv/upy_fdir_srv.c:685:17:req_get_min_active_fdir	8	static
C:/PYRASOBC-main/OBC_STDPF/espf/core/services/upython/src/core/cmodules/fdir_srv/upy_fdir_srv.c:110:17:req_get_system_fdir_level	8	static
C:/PYRASOBC-main/OBC_STDPF/espf/core/services/upython/src/core/cmodules/fdir_srv/upy_fdir_srv.c:1372:17:req_force_clear_fault	16	static
C:/PYRASOBC-main/OBC_STDPF/espf/core/services/upython/src/core/cmodules/fdir_srv/upy_fdir_srv.c:1264:17:req_set_fault	16	static
C:/PYRASOBC-main/OBC_STDPF/espf/core/services/upython/src/core/cmodules/fdir_srv/upy_fdir_srv.c:1138:17:req_get_fault	16	static
C:/PYRASOBC-main/OBC_STDPF/espf/core/services/upython/src/core/cmodules/fdir_srv/upy_fdir_srv.c:1022:17:req_set_fault_user_clear_level	16	static
C:/PYRASOBC-main/OBC_STDPF/espf/core/services/upython/src/core/cmodules/fdir_srv/upy_fdir_srv.c:796:17:req_set_min_active_fdir	16	static
C:/PYRASOBC-main/OBC_STDPF/espf/core/services/upython/src/core/cmodules/fdir_srv/upy_fdir_srv.c:570:17:req_set_detection_for_all_faults	16	static
C:/PYRASOBC-main/OBC_STDPF/espf/core/services/upython/src/core/cmodules/fdir_srv/upy_fdir_srv.c:453:17:req_set_detection_for_fault	16	static
C:/PYRASOBC-main/OBC_STDPF/espf/core/services/upython/src/core/cmodules/fdir_srv/upy_fdir_srv.c:337:17:req_get_detection_for_fault	16	static
C:/PYRASOBC-main/OBC_STDPF/espf/core/services/upython/src/core/cmodules/fdir_srv/upy_fdir_srv.c:221:17:req_get_agent_fdir_level	16	static
