C:/PYRASOBC-main/OBC_STDPF/espf/arch/stm32h753iit/drivers/power/eps_iii/fp/eps_iii_pdm_b/v2.0/eps_iii_pdm_b_client/FP_eps_iii_pdm_bClientApp.c:88:13:eps_iii_pdm_b_A_B_controlResponseHandlerImpl	8	static
C:/PYRASOBC-main/OBC_STDPF/espf/arch/stm32h753iit/drivers/power/eps_iii/fp/eps_iii_pdm_b/v2.0/eps_iii_pdm_b_client/FP_eps_iii_pdm_bClientApp.c:69:13:eps_iii_pdm_b_get_telemetryResponseHandlerImpl	8	static
C:/PYRASOBC-main/OBC_STDPF/espf/arch/stm32h753iit/drivers/power/eps_iii/fp/eps_iii_pdm_b/v2.0/eps_iii_pdm_b_client/FP_eps_iii_pdm_bClientApp.c:112:6:eps_iii_pdm_bClientAppInit	8	static
