C:/PYRASOBC-main/OBC_STDPF/espf/core/middlewares/external/csp/src/transport/csp_rdp.c:119:23:csp_rdp_header_remove	0	static
C:/PYRASOBC-main/OBC_STDPF/espf/core/middlewares/external/csp/src/transport/csp_rdp.c:125:23:csp_rdp_header_ref	0	static
C:/PYRASOBC-main/OBC_STDPF/espf/core/middlewares/external/csp/src/transport/csp_rdp.c:420:20:csp_rdp_should_ack	8	static
C:/PYRASOBC-main/OBC_STDPF/espf/core/middlewares/external/csp/src/transport/csp_rdp.c:108:23:csp_rdp_header_add	16	static
C:/PYRASOBC-main/OBC_STDPF/espf/core/middlewares/external/csp/src/transport/csp_rdp.c:167:12:csp_rdp_send_cmp	96	static
C:/PYRASOBC-main/OBC_STDPF/espf/core/middlewares/external/csp/src/transport/csp_rdp.c:337:20:csp_rdp_seq_in_rx_queue	32	static
C:/PYRASOBC-main/OBC_STDPF/espf/core/middlewares/external/csp/src/transport/csp_rdp.c:367:19:csp_rdp_rx_queue_add	16	static
C:/PYRASOBC-main/OBC_STDPF/espf/core/middlewares/external/csp/src/transport/csp_rdp.c:230:12:csp_rdp_send_eack	48	static
C:/PYRASOBC-main/OBC_STDPF/espf/core/middlewares/external/csp/src/transport/csp_rdp.c:1075:12:csp_rdp_close_internal	32	static
C:/PYRASOBC-main/OBC_STDPF/espf/core/middlewares/external/csp/src/transport/csp_rdp.c:287:19:csp_rdp_receive_data	16	static
C:/PYRASOBC-main/OBC_STDPF/espf/core/middlewares/external/csp/src/transport/csp_rdp.c:302:20:csp_rdp_rx_queue_flush	32	static
C:/PYRASOBC-main/OBC_STDPF/espf/core/middlewares/external/csp/src/transport/csp_rdp.c:375:13:csp_rdp_flush_eack	64	static
C:/PYRASOBC-main/OBC_STDPF/espf/core/middlewares/external/csp/src/transport/csp_rdp.c:268:12:csp_rdp_send_syn	24	static
C:/PYRASOBC-main/OBC_STDPF/espf/core/middlewares/external/csp/src/transport/csp_rdp.c:440:6:csp_rdp_flush_all	32	static
C:/PYRASOBC-main/OBC_STDPF/espf/core/middlewares/external/csp/src/transport/csp_rdp.c:468:5:csp_rdp_check_ack	24	static
C:/PYRASOBC-main/OBC_STDPF/espf/core/middlewares/external/csp/src/transport/csp_rdp.c:503:6:csp_rdp_check_timeouts	48	static
C:/PYRASOBC-main/OBC_STDPF/espf/core/middlewares/external/csp/src/transport/csp_rdp.c:591:6:csp_rdp_new_packet	72	static
C:/PYRASOBC-main/OBC_STDPF/espf/core/middlewares/external/csp/src/transport/csp_rdp.c:905:5:csp_rdp_connect	24	static
C:/PYRASOBC-main/OBC_STDPF/espf/core/middlewares/external/csp/src/transport/csp_rdp.c:968:5:csp_rdp_send	88	static
C:/PYRASOBC-main/OBC_STDPF/espf/core/middlewares/external/csp/src/transport/csp_rdp.c:1024:5:csp_rdp_init	16	static
C:/PYRASOBC-main/OBC_STDPF/espf/core/middlewares/external/csp/src/transport/csp_rdp.c:1060:6:csp_rdp_free_resources	8	static
C:/PYRASOBC-main/OBC_STDPF/espf/core/middlewares/external/csp/src/transport/csp_rdp.c:1071:5:csp_rdp_close	8	static
C:/PYRASOBC-main/OBC_STDPF/espf/core/middlewares/external/csp/src/transport/csp_rdp.c:1116:6:csp_rdp_set_opt	4	static
C:/PYRASOBC-main/OBC_STDPF/espf/core/middlewares/external/csp/src/transport/csp_rdp.c:1127:6:csp_rdp_get_opt	8	static
C:/PYRASOBC-main/OBC_STDPF/espf/core/middlewares/external/csp/src/transport/csp_rdp.c:1146:6:csp_rdp_conn_print	16	static
