C:/PYRASOBC-main/OBC_STDPF/espf/core/services/upython/src/core/cmodules/conops/upy_conops.c:310:17:AocsRefParams_make_from_c_buf	8	static
C:/PYRASOBC-main/OBC_STDPF/espf/core/services/upython/src/core/cmodules/conops/upy_conops.c:328:17:AocsRefParams_make_from_buf	24	static
C:/PYRASOBC-main/OBC_STDPF/espf/core/services/upython/src/core/cmodules/conops/upy_conops.c:388:17:ControlMode_get_params	8	static
C:/PYRASOBC-main/OBC_STDPF/espf/core/services/upython/src/core/cmodules/conops/upy_conops.c:413:17:ControlMode_make_from_c_buf	8	static
C:/PYRASOBC-main/OBC_STDPF/espf/core/services/upython/src/core/cmodules/conops/upy_conops.c:431:17:ControlMode_make_from_buf	24	static
C:/PYRASOBC-main/OBC_STDPF/espf/core/services/upython/src/core/cmodules/conops/upy_conops.c:1679:17:resp_set_default_control_mode_get_set_control_mode	8	static
C:/PYRASOBC-main/OBC_STDPF/espf/core/services/upython/src/core/cmodules/conops/upy_conops.c:1562:17:resp_get_default_control_mode_get_control_mode	8	static
C:/PYRASOBC-main/OBC_STDPF/espf/core/services/upython/src/core/cmodules/conops/upy_conops.c:195:17:ThresholdValues_make_from_c_buf	16	static
C:/PYRASOBC-main/OBC_STDPF/espf/core/services/upython/src/core/cmodules/conops/upy_conops.c:213:17:ThresholdValues_make_from_buf	24	static
C:/PYRASOBC-main/OBC_STDPF/espf/core/services/upython/src/core/cmodules/conops/upy_conops.c:1240:17:resp_get_all_thresh_val_get_thresh_vals	8	static
C:/PYRASOBC-main/OBC_STDPF/espf/core/services/upython/src/core/cmodules/conops/upy_conops.c:1817:17:req_get_force_allow_payloads	8	static
C:/PYRASOBC-main/OBC_STDPF/espf/core/services/upython/src/core/cmodules/conops/upy_conops.c:1378:17:req_request_mission_mode_exit	8	static
C:/PYRASOBC-main/OBC_STDPF/espf/core/services/upython/src/core/cmodules/conops/upy_conops.c:1162:17:req_get_all_thresh_val	8	static
C:/PYRASOBC-main/OBC_STDPF/espf/core/services/upython/src/core/cmodules/conops/upy_conops.c:1057:17:req_set_all_thresh_val	8	static
C:/PYRASOBC-main/OBC_STDPF/espf/core/services/upython/src/core/cmodules/conops/upy_conops.c:723:17:req_get_op_mode	8	static
C:/PYRASOBC-main/OBC_STDPF/espf/core/services/upython/src/core/cmodules/conops/upy_conops.c:379:17:ControlMode_get_mode	8	static
C:/PYRASOBC-main/OBC_STDPF/espf/core/services/upython/src/core/cmodules/conops/upy_conops.c:165:17:ThresholdValues_get_ang_vel_y_thom_low	8	static
C:/PYRASOBC-main/OBC_STDPF/espf/core/services/upython/src/core/cmodules/conops/upy_conops.c:156:17:ThresholdValues_get_ang_vel_y_thom_high	8	static
C:/PYRASOBC-main/OBC_STDPF/espf/core/services/upython/src/core/cmodules/conops/upy_conops.c:147:17:ThresholdValues_get_ang_vel_low	8	static
C:/PYRASOBC-main/OBC_STDPF/espf/core/services/upython/src/core/cmodules/conops/upy_conops.c:138:17:ThresholdValues_get_ang_vel_max	8	static
C:/PYRASOBC-main/OBC_STDPF/espf/core/services/upython/src/core/cmodules/conops/upy_conops.c:129:17:ThresholdValues_get_t_batt_safe_upper	8	static
C:/PYRASOBC-main/OBC_STDPF/espf/core/services/upython/src/core/cmodules/conops/upy_conops.c:120:17:ThresholdValues_get_t_batt_safe_lower	8	static
C:/PYRASOBC-main/OBC_STDPF/espf/core/services/upython/src/core/cmodules/conops/upy_conops.c:111:17:ThresholdValues_get_v_batt_safe	8	static
C:/PYRASOBC-main/OBC_STDPF/espf/core/services/upython/src/core/cmodules/conops/upy_conops.c:1886:17:resp_get_force_allow_payloads_get_set_is_allowed	8	static
C:/PYRASOBC-main/OBC_STDPF/espf/core/services/upython/src/core/cmodules/conops/upy_conops.c:1786:17:resp_set_force_allow_payloads_get_op_result	8	static
C:/PYRASOBC-main/OBC_STDPF/espf/core/services/upython/src/core/cmodules/conops/upy_conops.c:1670:17:resp_set_default_control_mode_get_op_result	8	static
C:/PYRASOBC-main/OBC_STDPF/espf/core/services/upython/src/core/cmodules/conops/upy_conops.c:1553:17:resp_get_default_control_mode_get_op_result	8	static
C:/PYRASOBC-main/OBC_STDPF/espf/core/services/upython/src/core/cmodules/conops/upy_conops.c:1447:17:resp_request_mission_mode_exit_get_op_result	8	static
C:/PYRASOBC-main/OBC_STDPF/espf/core/services/upython/src/core/cmodules/conops/upy_conops.c:1347:17:resp_request_mission_mode_enter_get_op_result	8	static
C:/PYRASOBC-main/OBC_STDPF/espf/core/services/upython/src/core/cmodules/conops/upy_conops.c:1231:17:resp_get_all_thresh_val_get_op_result	8	static
C:/PYRASOBC-main/OBC_STDPF/espf/core/services/upython/src/core/cmodules/conops/upy_conops.c:1131:17:resp_set_all_thresh_val_get_op_result	8	static
C:/PYRASOBC-main/OBC_STDPF/espf/core/services/upython/src/core/cmodules/conops/upy_conops.c:1024:17:resp_get_thresh_val_get_thresh_value	8	static
C:/PYRASOBC-main/OBC_STDPF/espf/core/services/upython/src/core/cmodules/conops/upy_conops.c:1015:17:resp_get_thresh_val_get_op_result	8	static
C:/PYRASOBC-main/OBC_STDPF/espf/core/services/upython/src/core/cmodules/conops/upy_conops.c:909:17:resp_set_thresh_val_get_op_result	8	static
C:/PYRASOBC-main/OBC_STDPF/espf/core/services/upython/src/core/cmodules/conops/upy_conops.c:801:17:resp_get_op_mode_get_op_mode	8	static
C:/PYRASOBC-main/OBC_STDPF/espf/core/services/upython/src/core/cmodules/conops/upy_conops.c:792:17:resp_get_op_mode_get_op_result	8	static
C:/PYRASOBC-main/OBC_STDPF/espf/core/services/upython/src/core/cmodules/conops/upy_conops.c:692:17:resp_send_new_event_get_op_result	8	static
C:/PYRASOBC-main/OBC_STDPF/espf/core/services/upython/src/core/cmodules/conops/upy_conops.c:1712:17:req_set_force_allow_payloads	16	static
C:/PYRASOBC-main/OBC_STDPF/espf/core/services/upython/src/core/cmodules/conops/upy_conops.c:1595:17:req_set_default_control_mode	16	static
C:/PYRASOBC-main/OBC_STDPF/espf/core/services/upython/src/core/cmodules/conops/upy_conops.c:1479:17:req_get_default_control_mode	16	static
C:/PYRASOBC-main/OBC_STDPF/espf/core/services/upython/src/core/cmodules/conops/upy_conops.c:1273:17:req_request_mission_mode_enter	16	static
C:/PYRASOBC-main/OBC_STDPF/espf/core/services/upython/src/core/cmodules/conops/upy_conops.c:941:17:req_get_thresh_val	16	static
C:/PYRASOBC-main/OBC_STDPF/espf/core/services/upython/src/core/cmodules/conops/upy_conops.c:834:17:req_set_thresh_val	16	static
C:/PYRASOBC-main/OBC_STDPF/espf/core/services/upython/src/core/cmodules/conops/upy_conops.c:618:17:req_send_new_event	16	static
C:/PYRASOBC-main/OBC_STDPF/espf/core/services/upython/src/core/cmodules/conops/upy_conops.c:361:17:ControlMode_make_new	16	static
C:/PYRASOBC-main/OBC_STDPF/espf/core/services/upython/src/core/cmodules/conops/upy_conops.c:83:17:ThresholdValues_make_new	16	static
C:/PYRASOBC-main/OBC_STDPF/espf/core/services/upython/src/core/cmodules/conops/upy_conops.c:1853:17:resp_get_force_allow_payloads_make_new	32	static
C:/PYRASOBC-main/OBC_STDPF/espf/core/services/upython/src/core/cmodules/conops/upy_conops.c:1753:17:resp_set_force_allow_payloads_make_new	32	static
C:/PYRASOBC-main/OBC_STDPF/espf/core/services/upython/src/core/cmodules/conops/upy_conops.c:1637:17:resp_set_default_control_mode_make_new	32	static
C:/PYRASOBC-main/OBC_STDPF/espf/core/services/upython/src/core/cmodules/conops/upy_conops.c:1520:17:resp_get_default_control_mode_make_new	32	static
C:/PYRASOBC-main/OBC_STDPF/espf/core/services/upython/src/core/cmodules/conops/upy_conops.c:1414:17:resp_request_mission_mode_exit_make_new	32	static
C:/PYRASOBC-main/OBC_STDPF/espf/core/services/upython/src/core/cmodules/conops/upy_conops.c:1314:17:resp_request_mission_mode_enter_make_new	32	static
C:/PYRASOBC-main/OBC_STDPF/espf/core/services/upython/src/core/cmodules/conops/upy_conops.c:1198:17:resp_get_all_thresh_val_make_new	32	static
C:/PYRASOBC-main/OBC_STDPF/espf/core/services/upython/src/core/cmodules/conops/upy_conops.c:1098:17:resp_set_all_thresh_val_make_new	32	static
C:/PYRASOBC-main/OBC_STDPF/espf/core/services/upython/src/core/cmodules/conops/upy_conops.c:982:17:resp_get_thresh_val_make_new	32	static
C:/PYRASOBC-main/OBC_STDPF/espf/core/services/upython/src/core/cmodules/conops/upy_conops.c:876:17:resp_set_thresh_val_make_new	32	static
C:/PYRASOBC-main/OBC_STDPF/espf/core/services/upython/src/core/cmodules/conops/upy_conops.c:759:17:resp_get_op_mode_make_new	32	static
C:/PYRASOBC-main/OBC_STDPF/espf/core/services/upython/src/core/cmodules/conops/upy_conops.c:659:17:resp_send_new_event_make_new	32	static
C:/PYRASOBC-main/OBC_STDPF/espf/core/services/upython/src/core/cmodules/conops/upy_conops.c:284:17:AocsRefParams_get_refParam3	8	static
C:/PYRASOBC-main/OBC_STDPF/espf/core/services/upython/src/core/cmodules/conops/upy_conops.c:275:17:AocsRefParams_get_refParam2	8	static
C:/PYRASOBC-main/OBC_STDPF/espf/core/services/upython/src/core/cmodules/conops/upy_conops.c:266:17:AocsRefParams_get_refParam1	8	static
C:/PYRASOBC-main/OBC_STDPF/espf/core/services/upython/src/core/cmodules/conops/upy_conops.c:246:17:AocsRefParams_make_new	24	static
