C:/PYRASOBC-main/OBC_STDPF/espf/core/middlewares/external/csp/src/crypto/csp_hmac.c:41:12:csp_hmac_init	80	static
C:/PYRASOBC-main/OBC_STDPF/espf/core/middlewares/external/csp/src/crypto/csp_hmac.c:72:12:csp_hmac_process	8	static
C:/PYRASOBC-main/OBC_STDPF/espf/core/middlewares/external/csp/src/crypto/csp_hmac.c:84:12:csp_hmac_done	104	static
C:/PYRASOBC-main/OBC_STDPF/espf/core/middlewares/external/csp/src/crypto/csp_hmac.c:111:5:csp_hmac_memory	176	static
C:/PYRASOBC-main/OBC_STDPF/espf/core/middlewares/external/csp/src/crypto/csp_hmac.c:133:5:csp_hmac_set_key	40	static
C:/PYRASOBC-main/OBC_STDPF/espf/core/middlewares/external/csp/src/crypto/csp_hmac.c:146:5:csp_hmac_append	48	static
C:/PYRASOBC-main/OBC_STDPF/espf/core/middlewares/external/csp/src/crypto/csp_hmac.c:168:5:csp_hmac_verify	48	static
