C:/PYRASOBC-main/OBC_STDPF/espf/arch/stm32h753iit/drivers/positioning/libcubeadcs/src/cubeadcs_ftransfer.c:385:13:fs_CubeADCS_FTransfer_DownloadFile	8	static
C:/PYRASOBC-main/OBC_STDPF/espf/arch/stm32h753iit/drivers/positioning/libcubeadcs/src/cubeadcs_ftransfer.c:864:13:fs_CubeADCS_FTransfer_DownloadFileList	8	static
C:/PYRASOBC-main/OBC_STDPF/espf/arch/stm32h753iit/drivers/positioning/libcubeadcs/src/cubeadcs_ftransfer.c:1103:13:fs_CubeADCS_FTransfer_UpdateFDwnFPtr	0	static
C:/PYRASOBC-main/OBC_STDPF/espf/arch/stm32h753iit/drivers/positioning/libcubeadcs/src/cubeadcs_ftransfer.c:1112:13:fs_CubeADCS_FTransfer_UpdateDwnFListPtr	0	static
C:/PYRASOBC-main/OBC_STDPF/espf/arch/stm32h753iit/drivers/positioning/libcubeadcs/src/cubeadcs_ftransfer.c:1036:13:fs_CubeADCS_FTransfer_DownloadFileList_End	8	static
C:/PYRASOBC-main/OBC_STDPF/espf/arch/stm32h753iit/drivers/positioning/libcubeadcs/src/cubeadcs_ftransfer.c:322:13:fs_CubeADCS_FTransfer_FHandlTask	8	static
C:/PYRASOBC-main/OBC_STDPF/espf/arch/stm32h753iit/drivers/positioning/libcubeadcs/src/cubeadcs_ftransfer.c:850:13:fs_CubeADCS_FTransfer_DownloadFile_End	8	static
C:/PYRASOBC-main/OBC_STDPF/espf/arch/stm32h753iit/drivers/positioning/libcubeadcs/src/cubeadcs_ftransfer.c:992:13:fs_CubeADCS_FTransfer_DownloadFileList_Wait	8	static
C:/PYRASOBC-main/OBC_STDPF/espf/arch/stm32h753iit/drivers/positioning/libcubeadcs/src/cubeadcs_ftransfer.c:1183:26:fs_CubeADCS_FTransfer_CalcSavedBlockCRC16	48	static
C:/PYRASOBC-main/OBC_STDPF/espf/arch/stm32h753iit/drivers/positioning/libcubeadcs/src/cubeadcs_ftransfer.c:1053:26:fs_CubeADCS_FTransfer_SendCmdWithRpt	24	static
C:/PYRASOBC-main/OBC_STDPF/espf/arch/stm32h753iit/drivers/positioning/libcubeadcs/src/cubeadcs_ftransfer.c:1000:13:fs_CubeADCS_FTransfer_DownloadFileList_Advance	56	static
C:/PYRASOBC-main/OBC_STDPF/espf/arch/stm32h753iit/drivers/positioning/libcubeadcs/src/cubeadcs_ftransfer.c:894:13:fs_CubeADCS_FTransfer_DownloadFileList_Rst	56	static
C:/PYRASOBC-main/OBC_STDPF/espf/arch/stm32h753iit/drivers/positioning/libcubeadcs/src/cubeadcs_ftransfer.c:557:13:fs_CubeADCS_FTransfer_DownloadFile_PollDwnBurst	96	static
C:/PYRASOBC-main/OBC_STDPF/espf/arch/stm32h753iit/drivers/positioning/libcubeadcs/src/cubeadcs_ftransfer.c:429:13:fs_CubeADCS_FTransfer_DownloadFile_Cfg	8	static
C:/PYRASOBC-main/OBC_STDPF/espf/arch/stm32h753iit/drivers/positioning/libcubeadcs/src/cubeadcs_ftransfer.c:1125:13:fs_CubeADCS_FTransfer_CreateFileName	40	static
C:/PYRASOBC-main/OBC_STDPF/espf/arch/stm32h753iit/drivers/positioning/libcubeadcs/src/cubeadcs_ftransfer.c:914:13:fs_CubeADCS_FTransfer_DownloadFileList_FileInfo	680	static
C:/PYRASOBC-main/OBC_STDPF/espf/arch/stm32h753iit/drivers/positioning/libcubeadcs/src/cubeadcs_ftransfer.c:233:6:CubeADCS_FTransfer_TaskInit	16	static
C:/PYRASOBC-main/OBC_STDPF/espf/arch/stm32h753iit/drivers/positioning/libcubeadcs/src/cubeadcs_ftransfer.c:250:14:CubeADCS_FTransfer_GetThreadHandle	0	static
C:/PYRASOBC-main/OBC_STDPF/espf/arch/stm32h753iit/drivers/positioning/libcubeadcs/src/cubeadcs_ftransfer.c:255:27:CubeADCS_FTransfer_GetTaskState	0	static
C:/PYRASOBC-main/OBC_STDPF/espf/arch/stm32h753iit/drivers/positioning/libcubeadcs/src/cubeadcs_ftransfer.c:1077:13:fs_CubeADCS_FTransfer_UpdateReqHandlStatus	8	static
C:/PYRASOBC-main/OBC_STDPF/espf/arch/stm32h753iit/drivers/positioning/libcubeadcs/src/cubeadcs_ftransfer.c:834:13:fs_CubeADCS_FTransfer_DownloadFile_Err	8	static
C:/PYRASOBC-main/OBC_STDPF/espf/arch/stm32h753iit/drivers/positioning/libcubeadcs/src/cubeadcs_ftransfer.c:791:13:fs_CubeADCS_FTransfer_DownloadFile_Done	24	static
C:/PYRASOBC-main/OBC_STDPF/espf/arch/stm32h753iit/drivers/positioning/libcubeadcs/src/cubeadcs_ftransfer.c:691:13:fs_CubeADCS_FTransfer_DownloadFile_CheckFTransfStatus	96	static
C:/PYRASOBC-main/OBC_STDPF/espf/arch/stm32h753iit/drivers/positioning/libcubeadcs/src/cubeadcs_ftransfer.c:529:13:fs_CubeADCS_FTransfer_DownloadFile_StartDwnBurst	80	static
C:/PYRASOBC-main/OBC_STDPF/espf/arch/stm32h753iit/drivers/positioning/libcubeadcs/src/cubeadcs_ftransfer.c:480:13:fs_CubeADCS_FTransfer_DownloadFile_PollBlockRdy	56	static
C:/PYRASOBC-main/OBC_STDPF/espf/arch/stm32h753iit/drivers/positioning/libcubeadcs/src/cubeadcs_ftransfer.c:449:13:fs_CubeADCS_FTransfer_DownloadFile_LoadBlock	56	static
C:/PYRASOBC-main/OBC_STDPF/espf/arch/stm32h753iit/drivers/positioning/libcubeadcs/src/cubeadcs_ftransfer.c:394:13:fs_CubeADCS_FTransfer_DownloadFile_Init	8	static
C:/PYRASOBC-main/OBC_STDPF/espf/arch/stm32h753iit/drivers/positioning/libcubeadcs/src/cubeadcs_ftransfer.c:1028:13:fs_CubeADCS_FTransfer_DownloadFileList_Err	8	static
C:/PYRASOBC-main/OBC_STDPF/espf/arch/stm32h753iit/drivers/positioning/libcubeadcs/src/cubeadcs_ftransfer.c:1020:13:fs_CubeADCS_FTransfer_DownloadFileList_Done	8	static
C:/PYRASOBC-main/OBC_STDPF/espf/arch/stm32h753iit/drivers/positioning/libcubeadcs/src/cubeadcs_ftransfer.c:870:13:fs_CubeADCS_FTransfer_DownloadFileList_Init	584	static
C:/PYRASOBC-main/OBC_STDPF/espf/arch/stm32h753iit/drivers/positioning/libcubeadcs/src/cubeadcs_ftransfer.c:260:20:CubeADCS_FTransfer_GetFTransfReq	4	static
C:/PYRASOBC-main/OBC_STDPF/espf/arch/stm32h753iit/drivers/positioning/libcubeadcs/src/cubeadcs_ftransfer.c:265:6:CubeADCS_FTransfer_StopOngoingFTransfer	0	static
C:/PYRASOBC-main/OBC_STDPF/espf/arch/stm32h753iit/drivers/positioning/libcubeadcs/src/cubeadcs_ftransfer.c:270:25:CubeADCS_FTransfer_SetFTransfReq	24	static
