C:/PYRASOBC-main/OBC_STDPF/espf/core/services/upython/src/core/cmodules/telemetry/upy_telemetry.c:474:17:tlm_stats_get_active_slot_id	8	static
C:/PYRASOBC-main/OBC_STDPF/espf/core/services/upython/src/core/cmodules/telemetry/upy_telemetry.c:465:17:tlm_stats_get_max_number_of_batch_msg	8	static
C:/PYRASOBC-main/OBC_STDPF/espf/core/services/upython/src/core/cmodules/telemetry/upy_telemetry.c:456:17:tlm_stats_get_discarded_messages_cnt	8	static
C:/PYRASOBC-main/OBC_STDPF/espf/core/services/upython/src/core/cmodules/telemetry/upy_telemetry.c:447:17:tlm_stats_get_free_bytes_min	8	static
C:/PYRASOBC-main/OBC_STDPF/espf/core/services/upython/src/core/cmodules/telemetry/upy_telemetry.c:438:17:tlm_stats_get_msg_popped_cnt	8	static
C:/PYRASOBC-main/OBC_STDPF/espf/core/services/upython/src/core/cmodules/telemetry/upy_telemetry.c:429:17:tlm_stats_get_msg_pushed_cnt	8	static
C:/PYRASOBC-main/OBC_STDPF/espf/core/services/upython/src/core/cmodules/telemetry/upy_telemetry.c:420:17:tlm_stats_get_is_started	8	static
C:/PYRASOBC-main/OBC_STDPF/espf/core/services/upython/src/core/cmodules/telemetry/upy_telemetry.c:317:17:tlm_general_cfg_get_tlm_auto_start_en	8	static
C:/PYRASOBC-main/OBC_STDPF/espf/core/services/upython/src/core/cmodules/telemetry/upy_telemetry.c:225:17:tlm_file_size_limit_cfg_get_max_log_files_cnt	8	static
C:/PYRASOBC-main/OBC_STDPF/espf/core/services/upython/src/core/cmodules/telemetry/upy_telemetry.c:216:17:tlm_file_size_limit_cfg_get_size_limit_kb	8	static
C:/PYRASOBC-main/OBC_STDPF/espf/core/services/upython/src/core/cmodules/telemetry/upy_telemetry.c:121:17:tlm_preset_cfg_get_acq_period_ms	8	static
C:/PYRASOBC-main/OBC_STDPF/espf/core/services/upython/src/core/cmodules/telemetry/upy_telemetry.c:112:17:tlm_preset_cfg_get_active	8	static
C:/PYRASOBC-main/OBC_STDPF/espf/core/services/upython/src/core/cmodules/telemetry/upy_telemetry.c:103:17:tlm_preset_cfg_get_data_id	8	static
C:/PYRASOBC-main/OBC_STDPF/espf/core/services/upython/src/core/cmodules/telemetry/upy_telemetry.c:2055:17:resp_stopTelemetry_get_res	8	static
C:/PYRASOBC-main/OBC_STDPF/espf/core/services/upython/src/core/cmodules/telemetry/upy_telemetry.c:1948:17:resp_startTelemetry_get_res	8	static
C:/PYRASOBC-main/OBC_STDPF/espf/core/services/upython/src/core/cmodules/telemetry/upy_telemetry.c:1831:17:resp_getTelemetryOperationStats_get_res	8	static
C:/PYRASOBC-main/OBC_STDPF/espf/core/services/upython/src/core/cmodules/telemetry/upy_telemetry.c:1725:17:resp_cleanTelemetryFiles_get_res	8	static
C:/PYRASOBC-main/OBC_STDPF/espf/core/services/upython/src/core/cmodules/telemetry/upy_telemetry.c:1619:17:resp_setTelemetryFileSzLimitConfig_get_res	8	static
C:/PYRASOBC-main/OBC_STDPF/espf/core/services/upython/src/core/cmodules/telemetry/upy_telemetry.c:1501:17:resp_getTelemetryFileSinkConfig_get_active_file_cfg_type	8	static
C:/PYRASOBC-main/OBC_STDPF/espf/core/services/upython/src/core/cmodules/telemetry/upy_telemetry.c:1492:17:resp_getTelemetryFileSinkConfig_get_res	8	static
C:/PYRASOBC-main/OBC_STDPF/espf/core/services/upython/src/core/cmodules/telemetry/upy_telemetry.c:1386:17:resp_restoreActivePreset_get_res	8	static
C:/PYRASOBC-main/OBC_STDPF/espf/core/services/upython/src/core/cmodules/telemetry/upy_telemetry.c:1279:17:resp_getActivePreset_get_active_preset_id	8	static
C:/PYRASOBC-main/OBC_STDPF/espf/core/services/upython/src/core/cmodules/telemetry/upy_telemetry.c:1270:17:resp_getActivePreset_get_res	8	static
C:/PYRASOBC-main/OBC_STDPF/espf/core/services/upython/src/core/cmodules/telemetry/upy_telemetry.c:1163:17:resp_setActivePreset_get_avail_presets_cnt	8	static
C:/PYRASOBC-main/OBC_STDPF/espf/core/services/upython/src/core/cmodules/telemetry/upy_telemetry.c:1154:17:resp_setActivePreset_get_res	8	static
C:/PYRASOBC-main/OBC_STDPF/espf/core/services/upython/src/core/cmodules/telemetry/upy_telemetry.c:1047:17:resp_setTelemetryPresetConfig_get_res	8	static
C:/PYRASOBC-main/OBC_STDPF/espf/core/services/upython/src/core/cmodules/telemetry/upy_telemetry.c:928:17:resp_getTelemetryPresetConfig_get_max_tlm_msg_cnt	8	static
C:/PYRASOBC-main/OBC_STDPF/espf/core/services/upython/src/core/cmodules/telemetry/upy_telemetry.c:919:17:resp_getTelemetryPresetConfig_get_slot_preset_cnt	8	static
C:/PYRASOBC-main/OBC_STDPF/espf/core/services/upython/src/core/cmodules/telemetry/upy_telemetry.c:910:17:resp_getTelemetryPresetConfig_get_res	8	static
C:/PYRASOBC-main/OBC_STDPF/espf/core/services/upython/src/core/cmodules/telemetry/upy_telemetry.c:804:17:resp_setTelemetryGeneralConfig_get_res	8	static
C:/PYRASOBC-main/OBC_STDPF/espf/core/services/upython/src/core/cmodules/telemetry/upy_telemetry.c:687:17:resp_getTelemetryGeneralConfig_get_res	8	static
C:/PYRASOBC-main/OBC_STDPF/espf/core/services/upython/src/core/cmodules/telemetry/upy_telemetry.c:392:17:tlm_stats_make_new	16	static
C:/PYRASOBC-main/OBC_STDPF/espf/core/services/upython/src/core/cmodules/telemetry/upy_telemetry.c:301:17:tlm_general_cfg_make_new	16	static
C:/PYRASOBC-main/OBC_STDPF/espf/core/services/upython/src/core/cmodules/telemetry/upy_telemetry.c:198:17:tlm_file_size_limit_cfg_make_new	16	static
C:/PYRASOBC-main/OBC_STDPF/espf/core/services/upython/src/core/cmodules/telemetry/upy_telemetry.c:83:17:tlm_preset_cfg_make_new	16	static
C:/PYRASOBC-main/OBC_STDPF/espf/core/services/upython/src/core/cmodules/telemetry/upy_telemetry.c:504:17:tlm_stats_make_from_c_buf	16	static
C:/PYRASOBC-main/OBC_STDPF/espf/core/services/upython/src/core/cmodules/telemetry/upy_telemetry.c:522:17:tlm_stats_make_from_buf	24	static
C:/PYRASOBC-main/OBC_STDPF/espf/core/services/upython/src/core/cmodules/telemetry/upy_telemetry.c:341:17:tlm_general_cfg_make_from_c_buf	8	static
C:/PYRASOBC-main/OBC_STDPF/espf/core/services/upython/src/core/cmodules/telemetry/upy_telemetry.c:359:17:tlm_general_cfg_make_from_buf	24	static
C:/PYRASOBC-main/OBC_STDPF/espf/core/services/upython/src/core/cmodules/telemetry/upy_telemetry.c:250:17:tlm_file_size_limit_cfg_make_from_c_buf	8	static
C:/PYRASOBC-main/OBC_STDPF/espf/core/services/upython/src/core/cmodules/telemetry/upy_telemetry.c:268:17:tlm_file_size_limit_cfg_make_from_buf	24	static
C:/PYRASOBC-main/OBC_STDPF/espf/core/services/upython/src/core/cmodules/telemetry/upy_telemetry.c:147:17:tlm_preset_cfg_make_from_c_buf	8	static
C:/PYRASOBC-main/OBC_STDPF/espf/core/services/upython/src/core/cmodules/telemetry/upy_telemetry.c:165:17:tlm_preset_cfg_make_from_buf	24	static
C:/PYRASOBC-main/OBC_STDPF/espf/core/services/upython/src/core/cmodules/telemetry/upy_telemetry.c:2022:17:resp_stopTelemetry_make_new	32	static
C:/PYRASOBC-main/OBC_STDPF/espf/core/services/upython/src/core/cmodules/telemetry/upy_telemetry.c:1915:17:resp_startTelemetry_make_new	32	static
C:/PYRASOBC-main/OBC_STDPF/espf/core/services/upython/src/core/cmodules/telemetry/upy_telemetry.c:1798:17:resp_getTelemetryOperationStats_make_new	32	static
C:/PYRASOBC-main/OBC_STDPF/espf/core/services/upython/src/core/cmodules/telemetry/upy_telemetry.c:1692:17:resp_cleanTelemetryFiles_make_new	32	static
C:/PYRASOBC-main/OBC_STDPF/espf/core/services/upython/src/core/cmodules/telemetry/upy_telemetry.c:1586:17:resp_setTelemetryFileSzLimitConfig_make_new	32	static
C:/PYRASOBC-main/OBC_STDPF/espf/core/services/upython/src/core/cmodules/telemetry/upy_telemetry.c:1459:17:resp_getTelemetryFileSinkConfig_make_new	32	static
C:/PYRASOBC-main/OBC_STDPF/espf/core/services/upython/src/core/cmodules/telemetry/upy_telemetry.c:1353:17:resp_restoreActivePreset_make_new	32	static
C:/PYRASOBC-main/OBC_STDPF/espf/core/services/upython/src/core/cmodules/telemetry/upy_telemetry.c:1237:17:resp_getActivePreset_make_new	32	static
C:/PYRASOBC-main/OBC_STDPF/espf/core/services/upython/src/core/cmodules/telemetry/upy_telemetry.c:1121:17:resp_setActivePreset_make_new	32	static
C:/PYRASOBC-main/OBC_STDPF/espf/core/services/upython/src/core/cmodules/telemetry/upy_telemetry.c:1014:17:resp_setTelemetryPresetConfig_make_new	32	static
C:/PYRASOBC-main/OBC_STDPF/espf/core/services/upython/src/core/cmodules/telemetry/upy_telemetry.c:877:17:resp_getTelemetryPresetConfig_make_new	32	static
C:/PYRASOBC-main/OBC_STDPF/espf/core/services/upython/src/core/cmodules/telemetry/upy_telemetry.c:771:17:resp_setTelemetryGeneralConfig_make_new	32	static
C:/PYRASOBC-main/OBC_STDPF/espf/core/services/upython/src/core/cmodules/telemetry/upy_telemetry.c:654:17:resp_getTelemetryGeneralConfig_make_new	32	static
C:/PYRASOBC-main/OBC_STDPF/espf/core/services/upython/src/core/cmodules/telemetry/upy_telemetry.c:1980:17:req_stopTelemetry	16	static
C:/PYRASOBC-main/OBC_STDPF/espf/core/services/upython/src/core/cmodules/telemetry/upy_telemetry.c:1873:17:req_startTelemetry	16	static
C:/PYRASOBC-main/OBC_STDPF/espf/core/services/upython/src/core/cmodules/telemetry/upy_telemetry.c:1840:17:resp_getTelemetryOperationStats_get_telemetry_stats	8	static
C:/PYRASOBC-main/OBC_STDPF/espf/core/services/upython/src/core/cmodules/telemetry/upy_telemetry.c:1757:17:req_getTelemetryOperationStats	16	static
C:/PYRASOBC-main/OBC_STDPF/espf/core/services/upython/src/core/cmodules/telemetry/upy_telemetry.c:1651:17:req_cleanTelemetryFiles	16	static
C:/PYRASOBC-main/OBC_STDPF/espf/core/services/upython/src/core/cmodules/telemetry/upy_telemetry.c:1544:17:req_setTelemetryFileSzLimitConfig	16	static
C:/PYRASOBC-main/OBC_STDPF/espf/core/services/upython/src/core/cmodules/telemetry/upy_telemetry.c:1510:17:resp_getTelemetryFileSinkConfig_get_size_limit_cfg	8	static
C:/PYRASOBC-main/OBC_STDPF/espf/core/services/upython/src/core/cmodules/telemetry/upy_telemetry.c:1418:17:req_getTelemetryFileSinkConfig	16	static
C:/PYRASOBC-main/OBC_STDPF/espf/core/services/upython/src/core/cmodules/telemetry/upy_telemetry.c:1312:17:req_restoreActivePreset	16	static
C:/PYRASOBC-main/OBC_STDPF/espf/core/services/upython/src/core/cmodules/telemetry/upy_telemetry.c:1196:17:req_getActivePreset	16	static
C:/PYRASOBC-main/OBC_STDPF/espf/core/services/upython/src/core/cmodules/telemetry/upy_telemetry.c:1079:17:req_setActivePreset	16	static
C:/PYRASOBC-main/OBC_STDPF/espf/core/services/upython/src/core/cmodules/telemetry/upy_telemetry.c:836:17:req_getTelemetryPresetConfig	16	static
C:/PYRASOBC-main/OBC_STDPF/espf/core/services/upython/src/core/cmodules/telemetry/upy_telemetry.c:729:17:req_setTelemetryGeneralConfig	16	static
C:/PYRASOBC-main/OBC_STDPF/espf/core/services/upython/src/core/cmodules/telemetry/upy_telemetry.c:696:17:resp_getTelemetryGeneralConfig_get_cfg	8	static
C:/PYRASOBC-main/OBC_STDPF/espf/core/services/upython/src/core/cmodules/telemetry/upy_telemetry.c:613:17:req_getTelemetryGeneralConfig	16	static
C:/PYRASOBC-main/OBC_STDPF/espf/core/services/upython/src/core/cmodules/telemetry/upy_telemetry.c:180:1:upy_sd_copy_fidl_scalar_array_from_py_list_TELEMETRY_tlm_preset_cfg_t	32	static
C:/PYRASOBC-main/OBC_STDPF/espf/core/services/upython/src/core/cmodules/telemetry/upy_telemetry.c:972:17:req_setTelemetryPresetConfig	16	static
C:/PYRASOBC-main/OBC_STDPF/espf/core/services/upython/src/core/cmodules/telemetry/upy_telemetry.c:181:1:upy_sd_copy_fidl_scalar_array_to_py_list_TELEMETRY_tlm_preset_cfg_t	24	static
C:/PYRASOBC-main/OBC_STDPF/espf/core/services/upython/src/core/cmodules/telemetry/upy_telemetry.c:937:17:resp_getTelemetryPresetConfig_get_Telemetry_preset_cfg	8	static
