C:/PYRASOBC-main/OBC_STDPF/espf/core/services/upython/src/core/cmodules/cubeadcs_gen2_cubecomputercontrolprogram8/upy_cubeadcs_gen2_cubecomputercontrolprogram8.c:23285:17:FileInfo_get_OwnerProgram	8	static
C:/PYRASOBC-main/OBC_STDPF/espf/core/services/upython/src/core/cmodules/cubeadcs_gen2_cubecomputercontrolprogram8/upy_cubeadcs_gen2_cubecomputercontrolprogram8.c:23276:17:FileInfo_get_OwnerSerialInt	8	static
C:/PYRASOBC-main/OBC_STDPF/espf/core/services/upython/src/core/cmodules/cubeadcs_gen2_cubecomputercontrolprogram8/upy_cubeadcs_gen2_cubecomputercontrolprogram8.c:23267:17:FileInfo_get_OwnerNodeType	8	static
C:/PYRASOBC-main/OBC_STDPF/espf/core/services/upython/src/core/cmodules/cubeadcs_gen2_cubecomputercontrolprogram8/upy_cubeadcs_gen2_cubecomputercontrolprogram8.c:23258:17:FileInfo_get_SystemPatchVersion	8	static
C:/PYRASOBC-main/OBC_STDPF/espf/core/services/upython/src/core/cmodules/cubeadcs_gen2_cubecomputercontrolprogram8/upy_cubeadcs_gen2_cubecomputercontrolprogram8.c:23249:17:FileInfo_get_SystemMinorVersion	8	static
C:/PYRASOBC-main/OBC_STDPF/espf/core/services/upython/src/core/cmodules/cubeadcs_gen2_cubecomputercontrolprogram8/upy_cubeadcs_gen2_cubecomputercontrolprogram8.c:23240:17:FileInfo_get_SystemMajorVersion	8	static
C:/PYRASOBC-main/OBC_STDPF/espf/core/services/upython/src/core/cmodules/cubeadcs_gen2_cubecomputercontrolprogram8/upy_cubeadcs_gen2_cubecomputercontrolprogram8.c:23231:17:FileInfo_get_FirmwarePatchVersion	8	static
C:/PYRASOBC-main/OBC_STDPF/espf/core/services/upython/src/core/cmodules/cubeadcs_gen2_cubecomputercontrolprogram8/upy_cubeadcs_gen2_cubecomputercontrolprogram8.c:23222:17:FileInfo_get_FirmwareMinorVersion	8	static
C:/PYRASOBC-main/OBC_STDPF/espf/core/services/upython/src/core/cmodules/cubeadcs_gen2_cubecomputercontrolprogram8/upy_cubeadcs_gen2_cubecomputercontrolprogram8.c:23213:17:FileInfo_get_FirmwareMajorVersion	8	static
C:/PYRASOBC-main/OBC_STDPF/espf/core/services/upython/src/core/cmodules/cubeadcs_gen2_cubecomputercontrolprogram8/upy_cubeadcs_gen2_cubecomputercontrolprogram8.c:23186:17:FileInfo_get_Crc	8	static
C:/PYRASOBC-main/OBC_STDPF/espf/core/services/upython/src/core/cmodules/cubeadcs_gen2_cubecomputercontrolprogram8/upy_cubeadcs_gen2_cubecomputercontrolprogram8.c:23177:17:FileInfo_get_UnixTimeNanoSeconds	8	static
C:/PYRASOBC-main/OBC_STDPF/espf/core/services/upython/src/core/cmodules/cubeadcs_gen2_cubecomputercontrolprogram8/upy_cubeadcs_gen2_cubecomputercontrolprogram8.c:23168:17:FileInfo_get_UnixTimeSeconds	8	static
C:/PYRASOBC-main/OBC_STDPF/espf/core/services/upython/src/core/cmodules/cubeadcs_gen2_cubecomputercontrolprogram8/upy_cubeadcs_gen2_cubecomputercontrolprogram8.c:23159:17:FileInfo_get_VectTblOffset	8	static
C:/PYRASOBC-main/OBC_STDPF/espf/core/services/upython/src/core/cmodules/cubeadcs_gen2_cubecomputercontrolprogram8/upy_cubeadcs_gen2_cubecomputercontrolprogram8.c:23150:17:FileInfo_get_AllocSize	8	static
C:/PYRASOBC-main/OBC_STDPF/espf/core/services/upython/src/core/cmodules/cubeadcs_gen2_cubecomputercontrolprogram8/upy_cubeadcs_gen2_cubecomputercontrolprogram8.c:23141:17:FileInfo_get_Size	8	static
C:/PYRASOBC-main/OBC_STDPF/espf/core/services/upython/src/core/cmodules/cubeadcs_gen2_cubecomputercontrolprogram8/upy_cubeadcs_gen2_cubecomputercontrolprogram8.c:23132:17:FileInfo_get_Type	8	static
C:/PYRASOBC-main/OBC_STDPF/espf/core/services/upython/src/core/cmodules/cubeadcs_gen2_cubecomputercontrolprogram8/upy_cubeadcs_gen2_cubecomputercontrolprogram8.c:23123:17:FileInfo_get_Backend	8	static
C:/PYRASOBC-main/OBC_STDPF/espf/core/services/upython/src/core/cmodules/cubeadcs_gen2_cubecomputercontrolprogram8/upy_cubeadcs_gen2_cubecomputercontrolprogram8.c:23114:17:FileInfo_get_File	8	static
C:/PYRASOBC-main/OBC_STDPF/espf/core/services/upython/src/core/cmodules/cubeadcs_gen2_cubecomputercontrolprogram8/upy_cubeadcs_gen2_cubecomputercontrolprogram8.c:22969:17:FileTransferSetup_get_ForcePort	8	static
C:/PYRASOBC-main/OBC_STDPF/espf/core/services/upython/src/core/cmodules/cubeadcs_gen2_cubecomputercontrolprogram8/upy_cubeadcs_gen2_cubecomputercontrolprogram8.c:22960:17:FileTransferSetup_get_FileSize	8	static
C:/PYRASOBC-main/OBC_STDPF/espf/core/services/upython/src/core/cmodules/cubeadcs_gen2_cubecomputercontrolprogram8/upy_cubeadcs_gen2_cubecomputercontrolprogram8.c:22951:17:FileTransferSetup_get_Program	8	static
C:/PYRASOBC-main/OBC_STDPF/espf/core/services/upython/src/core/cmodules/cubeadcs_gen2_cubecomputercontrolprogram8/upy_cubeadcs_gen2_cubecomputercontrolprogram8.c:22942:17:FileTransferSetup_get_SerialInt	8	static
C:/PYRASOBC-main/OBC_STDPF/espf/core/services/upython/src/core/cmodules/cubeadcs_gen2_cubecomputercontrolprogram8/upy_cubeadcs_gen2_cubecomputercontrolprogram8.c:22933:17:FileTransferSetup_get_Node	8	static
C:/PYRASOBC-main/OBC_STDPF/espf/core/services/upython/src/core/cmodules/cubeadcs_gen2_cubecomputercontrolprogram8/upy_cubeadcs_gen2_cubecomputercontrolprogram8.c:22924:17:FileTransferSetup_get_File	8	static
C:/PYRASOBC-main/OBC_STDPF/espf/core/services/upython/src/core/cmodules/cubeadcs_gen2_cubecomputercontrolprogram8/upy_cubeadcs_gen2_cubecomputercontrolprogram8.c:22915:17:FileTransferSetup_get_OpCode	8	static
C:/PYRASOBC-main/OBC_STDPF/espf/core/services/upython/src/core/cmodules/cubeadcs_gen2_cubecomputercontrolprogram8/upy_cubeadcs_gen2_cubecomputercontrolprogram8.c:22737:17:TlmStrPst3sRaw_get_Str1EdacSwitch	8	static
C:/PYRASOBC-main/OBC_STDPF/espf/core/services/upython/src/core/cmodules/cubeadcs_gen2_cubecomputercontrolprogram8/upy_cubeadcs_gen2_cubecomputercontrolprogram8.c:22728:17:TlmStrPst3sRaw_get_Str1TrackingThreshold	8	static
C:/PYRASOBC-main/OBC_STDPF/espf/core/services/upython/src/core/cmodules/cubeadcs_gen2_cubecomputercontrolprogram8/upy_cubeadcs_gen2_cubecomputercontrolprogram8.c:22719:17:TlmStrPst3sRaw_get_Str1FourStarCaptureThreshold	8	static
C:/PYRASOBC-main/OBC_STDPF/espf/core/services/upython/src/core/cmodules/cubeadcs_gen2_cubecomputercontrolprogram8/upy_cubeadcs_gen2_cubecomputercontrolprogram8.c:22710:17:TlmStrPst3sRaw_get_Str1QuaternionFilteringState	8	static
C:/PYRASOBC-main/OBC_STDPF/espf/core/services/upython/src/core/cmodules/cubeadcs_gen2_cubecomputercontrolprogram8/upy_cubeadcs_gen2_cubecomputercontrolprogram8.c:22701:17:TlmStrPst3sRaw_get_Str1SaaThreshold	8	static
C:/PYRASOBC-main/OBC_STDPF/espf/core/services/upython/src/core/cmodules/cubeadcs_gen2_cubecomputercontrolprogram8/upy_cubeadcs_gen2_cubecomputercontrolprogram8.c:22692:17:TlmStrPst3sRaw_get_Str1SaaMode	8	static
C:/PYRASOBC-main/OBC_STDPF/espf/core/services/upython/src/core/cmodules/cubeadcs_gen2_cubecomputercontrolprogram8/upy_cubeadcs_gen2_cubecomputercontrolprogram8.c:22683:17:TlmStrPst3sRaw_get_Str1DynamicMode	8	static
C:/PYRASOBC-main/OBC_STDPF/espf/core/services/upython/src/core/cmodules/cubeadcs_gen2_cubecomputercontrolprogram8/upy_cubeadcs_gen2_cubecomputercontrolprogram8.c:22674:17:TlmStrPst3sRaw_get_Str1ImageFrameNumber	8	static
C:/PYRASOBC-main/OBC_STDPF/espf/core/services/upython/src/core/cmodules/cubeadcs_gen2_cubecomputercontrolprogram8/upy_cubeadcs_gen2_cubecomputercontrolprogram8.c:22665:17:TlmStrPst3sRaw_get_Str1EdacErrorCount	8	static
C:/PYRASOBC-main/OBC_STDPF/espf/core/services/upython/src/core/cmodules/cubeadcs_gen2_cubecomputercontrolprogram8/upy_cubeadcs_gen2_cubecomputercontrolprogram8.c:22656:17:TlmStrPst3sRaw_get_Str1SoftwareVersion	8	static
C:/PYRASOBC-main/OBC_STDPF/espf/core/services/upython/src/core/cmodules/cubeadcs_gen2_cubecomputercontrolprogram8/upy_cubeadcs_gen2_cubecomputercontrolprogram8.c:22647:17:TlmStrPst3sRaw_get_Str1DeviceNumber	8	static
C:/PYRASOBC-main/OBC_STDPF/espf/core/services/upython/src/core/cmodules/cubeadcs_gen2_cubecomputercontrolprogram8/upy_cubeadcs_gen2_cubecomputercontrolprogram8.c:22638:17:TlmStrPst3sRaw_get_Str1IdentifiedStars	8	static
C:/PYRASOBC-main/OBC_STDPF/espf/core/services/upython/src/core/cmodules/cubeadcs_gen2_cubecomputercontrolprogram8/upy_cubeadcs_gen2_cubecomputercontrolprogram8.c:22629:17:TlmStrPst3sRaw_get_Str1ExtImageState	8	static
C:/PYRASOBC-main/OBC_STDPF/espf/core/services/upython/src/core/cmodules/cubeadcs_gen2_cubecomputercontrolprogram8/upy_cubeadcs_gen2_cubecomputercontrolprogram8.c:22620:17:TlmStrPst3sRaw_get_Str1DataValid	8	static
C:/PYRASOBC-main/OBC_STDPF/espf/core/services/upython/src/core/cmodules/cubeadcs_gen2_cubecomputercontrolprogram8/upy_cubeadcs_gen2_cubecomputercontrolprogram8.c:22611:17:TlmStrPst3sRaw_get_Str1MinNavigationStars	8	static
C:/PYRASOBC-main/OBC_STDPF/espf/core/services/upython/src/core/cmodules/cubeadcs_gen2_cubecomputercontrolprogram8/upy_cubeadcs_gen2_cubecomputercontrolprogram8.c:22602:17:TlmStrPst3sRaw_get_Str1ImagingGain	8	static
C:/PYRASOBC-main/OBC_STDPF/espf/core/services/upython/src/core/cmodules/cubeadcs_gen2_cubecomputercontrolprogram8/upy_cubeadcs_gen2_cubecomputercontrolprogram8.c:22593:17:TlmStrPst3sRaw_get_Str1OperatingMode	8	static
C:/PYRASOBC-main/OBC_STDPF/espf/core/services/upython/src/core/cmodules/cubeadcs_gen2_cubecomputercontrolprogram8/upy_cubeadcs_gen2_cubecomputercontrolprogram8.c:22584:17:TlmStrPst3sRaw_get_Str1NumberOfExtractedStars	8	static
C:/PYRASOBC-main/OBC_STDPF/espf/core/services/upython/src/core/cmodules/cubeadcs_gen2_cubecomputercontrolprogram8/upy_cubeadcs_gen2_cubecomputercontrolprogram8.c:22575:17:TlmStrPst3sRaw_get_Str1FpgaMRamResult	8	static
C:/PYRASOBC-main/OBC_STDPF/espf/core/services/upython/src/core/cmodules/cubeadcs_gen2_cubecomputercontrolprogram8/upy_cubeadcs_gen2_cubecomputercontrolprogram8.c:22566:17:TlmStrPst3sRaw_get_Str1CmosChipIdResult	8	static
C:/PYRASOBC-main/OBC_STDPF/espf/core/services/upython/src/core/cmodules/cubeadcs_gen2_cubecomputercontrolprogram8/upy_cubeadcs_gen2_cubecomputercontrolprogram8.c:22557:17:TlmStrPst3sRaw_get_Str1InternalProcessCode	8	static
C:/PYRASOBC-main/OBC_STDPF/espf/core/services/upython/src/core/cmodules/cubeadcs_gen2_cubecomputercontrolprogram8/upy_cubeadcs_gen2_cubecomputercontrolprogram8.c:22548:17:TlmStrPst3sRaw_get_Str1BackGroundValues	8	static
C:/PYRASOBC-main/OBC_STDPF/espf/core/services/upython/src/core/cmodules/cubeadcs_gen2_cubecomputercontrolprogram8/upy_cubeadcs_gen2_cubecomputercontrolprogram8.c:22539:17:TlmStrPst3sRaw_get_Str1ImageThreshold	8	static
C:/PYRASOBC-main/OBC_STDPF/espf/core/services/upython/src/core/cmodules/cubeadcs_gen2_cubecomputercontrolprogram8/upy_cubeadcs_gen2_cubecomputercontrolprogram8.c:22530:17:TlmStrPst3sRaw_get_Str1ImageExposure	8	static
C:/PYRASOBC-main/OBC_STDPF/espf/core/services/upython/src/core/cmodules/cubeadcs_gen2_cubecomputercontrolprogram8/upy_cubeadcs_gen2_cubecomputercontrolprogram8.c:22521:17:TlmStrPst3sRaw_get_Str1Temperature	8	static
C:/PYRASOBC-main/OBC_STDPF/espf/core/services/upython/src/core/cmodules/cubeadcs_gen2_cubecomputercontrolprogram8/upy_cubeadcs_gen2_cubecomputercontrolprogram8.c:22503:17:TlmStrPst3sRaw_get_Str1UnixSeconds	8	static
C:/PYRASOBC-main/OBC_STDPF/espf/core/services/upython/src/core/cmodules/cubeadcs_gen2_cubecomputercontrolprogram8/upy_cubeadcs_gen2_cubecomputercontrolprogram8.c:22494:17:TlmStrPst3sRaw_get_Str1RateQuality	8	static
C:/PYRASOBC-main/OBC_STDPF/espf/core/services/upython/src/core/cmodules/cubeadcs_gen2_cubecomputercontrolprogram8/upy_cubeadcs_gen2_cubecomputercontrolprogram8.c:22422:17:TlmStrPst3sRaw_get_Str1Pst3sVersion	8	static
C:/PYRASOBC-main/OBC_STDPF/espf/core/services/upython/src/core/cmodules/cubeadcs_gen2_cubecomputercontrolprogram8/upy_cubeadcs_gen2_cubecomputercontrolprogram8.c:22413:17:TlmStrPst3sRaw_get_Str0EdacSwitch	8	static
C:/PYRASOBC-main/OBC_STDPF/espf/core/services/upython/src/core/cmodules/cubeadcs_gen2_cubecomputercontrolprogram8/upy_cubeadcs_gen2_cubecomputercontrolprogram8.c:22404:17:TlmStrPst3sRaw_get_Str0TrackingThreshold	8	static
C:/PYRASOBC-main/OBC_STDPF/espf/core/services/upython/src/core/cmodules/cubeadcs_gen2_cubecomputercontrolprogram8/upy_cubeadcs_gen2_cubecomputercontrolprogram8.c:22395:17:TlmStrPst3sRaw_get_Str0FourStarCaptureThreshold	8	static
C:/PYRASOBC-main/OBC_STDPF/espf/core/services/upython/src/core/cmodules/cubeadcs_gen2_cubecomputercontrolprogram8/upy_cubeadcs_gen2_cubecomputercontrolprogram8.c:22386:17:TlmStrPst3sRaw_get_Str0QuaternionFilteringState	8	static
C:/PYRASOBC-main/OBC_STDPF/espf/core/services/upython/src/core/cmodules/cubeadcs_gen2_cubecomputercontrolprogram8/upy_cubeadcs_gen2_cubecomputercontrolprogram8.c:22377:17:TlmStrPst3sRaw_get_Str0SaaThreshold	8	static
C:/PYRASOBC-main/OBC_STDPF/espf/core/services/upython/src/core/cmodules/cubeadcs_gen2_cubecomputercontrolprogram8/upy_cubeadcs_gen2_cubecomputercontrolprogram8.c:22368:17:TlmStrPst3sRaw_get_Str0SaaMode	8	static
C:/PYRASOBC-main/OBC_STDPF/espf/core/services/upython/src/core/cmodules/cubeadcs_gen2_cubecomputercontrolprogram8/upy_cubeadcs_gen2_cubecomputercontrolprogram8.c:22359:17:TlmStrPst3sRaw_get_Str0DynamicMode	8	static
C:/PYRASOBC-main/OBC_STDPF/espf/core/services/upython/src/core/cmodules/cubeadcs_gen2_cubecomputercontrolprogram8/upy_cubeadcs_gen2_cubecomputercontrolprogram8.c:22350:17:TlmStrPst3sRaw_get_Str0ImageFrameNumber	8	static
C:/PYRASOBC-main/OBC_STDPF/espf/core/services/upython/src/core/cmodules/cubeadcs_gen2_cubecomputercontrolprogram8/upy_cubeadcs_gen2_cubecomputercontrolprogram8.c:22341:17:TlmStrPst3sRaw_get_Str0EdacErrorCount	8	static
C:/PYRASOBC-main/OBC_STDPF/espf/core/services/upython/src/core/cmodules/cubeadcs_gen2_cubecomputercontrolprogram8/upy_cubeadcs_gen2_cubecomputercontrolprogram8.c:22332:17:TlmStrPst3sRaw_get_Str0SoftwareVersion	8	static
C:/PYRASOBC-main/OBC_STDPF/espf/core/services/upython/src/core/cmodules/cubeadcs_gen2_cubecomputercontrolprogram8/upy_cubeadcs_gen2_cubecomputercontrolprogram8.c:22323:17:TlmStrPst3sRaw_get_Str0DeviceNumber	8	static
C:/PYRASOBC-main/OBC_STDPF/espf/core/services/upython/src/core/cmodules/cubeadcs_gen2_cubecomputercontrolprogram8/upy_cubeadcs_gen2_cubecomputercontrolprogram8.c:22314:17:TlmStrPst3sRaw_get_Str0IdentifiedStars	8	static
C:/PYRASOBC-main/OBC_STDPF/espf/core/services/upython/src/core/cmodules/cubeadcs_gen2_cubecomputercontrolprogram8/upy_cubeadcs_gen2_cubecomputercontrolprogram8.c:22305:17:TlmStrPst3sRaw_get_Str0ExtImageState	8	static
C:/PYRASOBC-main/OBC_STDPF/espf/core/services/upython/src/core/cmodules/cubeadcs_gen2_cubecomputercontrolprogram8/upy_cubeadcs_gen2_cubecomputercontrolprogram8.c:22296:17:TlmStrPst3sRaw_get_Str0DataValid	8	static
C:/PYRASOBC-main/OBC_STDPF/espf/core/services/upython/src/core/cmodules/cubeadcs_gen2_cubecomputercontrolprogram8/upy_cubeadcs_gen2_cubecomputercontrolprogram8.c:22287:17:TlmStrPst3sRaw_get_Str0MinNavigationStars	8	static
C:/PYRASOBC-main/OBC_STDPF/espf/core/services/upython/src/core/cmodules/cubeadcs_gen2_cubecomputercontrolprogram8/upy_cubeadcs_gen2_cubecomputercontrolprogram8.c:22278:17:TlmStrPst3sRaw_get_Str0ImagingGain	8	static
C:/PYRASOBC-main/OBC_STDPF/espf/core/services/upython/src/core/cmodules/cubeadcs_gen2_cubecomputercontrolprogram8/upy_cubeadcs_gen2_cubecomputercontrolprogram8.c:22269:17:TlmStrPst3sRaw_get_Str0OperatingMode	8	static
C:/PYRASOBC-main/OBC_STDPF/espf/core/services/upython/src/core/cmodules/cubeadcs_gen2_cubecomputercontrolprogram8/upy_cubeadcs_gen2_cubecomputercontrolprogram8.c:22260:17:TlmStrPst3sRaw_get_Str0NumberOfExtractedStars	8	static
C:/PYRASOBC-main/OBC_STDPF/espf/core/services/upython/src/core/cmodules/cubeadcs_gen2_cubecomputercontrolprogram8/upy_cubeadcs_gen2_cubecomputercontrolprogram8.c:22251:17:TlmStrPst3sRaw_get_Str0FpgaMRamResult	8	static
C:/PYRASOBC-main/OBC_STDPF/espf/core/services/upython/src/core/cmodules/cubeadcs_gen2_cubecomputercontrolprogram8/upy_cubeadcs_gen2_cubecomputercontrolprogram8.c:22242:17:TlmStrPst3sRaw_get_Str0CmosChipIdResult	8	static
C:/PYRASOBC-main/OBC_STDPF/espf/core/services/upython/src/core/cmodules/cubeadcs_gen2_cubecomputercontrolprogram8/upy_cubeadcs_gen2_cubecomputercontrolprogram8.c:22233:17:TlmStrPst3sRaw_get_Str0InternalProcessCode	8	static
C:/PYRASOBC-main/OBC_STDPF/espf/core/services/upython/src/core/cmodules/cubeadcs_gen2_cubecomputercontrolprogram8/upy_cubeadcs_gen2_cubecomputercontrolprogram8.c:22224:17:TlmStrPst3sRaw_get_Str0BackGroundValues	8	static
C:/PYRASOBC-main/OBC_STDPF/espf/core/services/upython/src/core/cmodules/cubeadcs_gen2_cubecomputercontrolprogram8/upy_cubeadcs_gen2_cubecomputercontrolprogram8.c:22215:17:TlmStrPst3sRaw_get_Str0ImageThreshold	8	static
C:/PYRASOBC-main/OBC_STDPF/espf/core/services/upython/src/core/cmodules/cubeadcs_gen2_cubecomputercontrolprogram8/upy_cubeadcs_gen2_cubecomputercontrolprogram8.c:22206:17:TlmStrPst3sRaw_get_Str0ImageExposure	8	static
C:/PYRASOBC-main/OBC_STDPF/espf/core/services/upython/src/core/cmodules/cubeadcs_gen2_cubecomputercontrolprogram8/upy_cubeadcs_gen2_cubecomputercontrolprogram8.c:22197:17:TlmStrPst3sRaw_get_Str0Temperature	8	static
C:/PYRASOBC-main/OBC_STDPF/espf/core/services/upython/src/core/cmodules/cubeadcs_gen2_cubecomputercontrolprogram8/upy_cubeadcs_gen2_cubecomputercontrolprogram8.c:22179:17:TlmStrPst3sRaw_get_Str0UnixSeconds	8	static
C:/PYRASOBC-main/OBC_STDPF/espf/core/services/upython/src/core/cmodules/cubeadcs_gen2_cubecomputercontrolprogram8/upy_cubeadcs_gen2_cubecomputercontrolprogram8.c:22170:17:TlmStrPst3sRaw_get_Str0RateQuality	8	static
C:/PYRASOBC-main/OBC_STDPF/espf/core/services/upython/src/core/cmodules/cubeadcs_gen2_cubecomputercontrolprogram8/upy_cubeadcs_gen2_cubecomputercontrolprogram8.c:22098:17:TlmStrPst3sRaw_get_Str0Pst3sVersion	8	static
C:/PYRASOBC-main/OBC_STDPF/espf/core/services/upython/src/core/cmodules/cubeadcs_gen2_cubecomputercontrolprogram8/upy_cubeadcs_gen2_cubecomputercontrolprogram8.c:22089:17:TlmStrPst3sRaw_get_TimeNs	8	static
C:/PYRASOBC-main/OBC_STDPF/espf/core/services/upython/src/core/cmodules/cubeadcs_gen2_cubecomputercontrolprogram8/upy_cubeadcs_gen2_cubecomputercontrolprogram8.c:22080:17:TlmStrPst3sRaw_get_TimeSeconds	8	static
C:/PYRASOBC-main/OBC_STDPF/espf/core/services/upython/src/core/cmodules/cubeadcs_gen2_cubecomputercontrolprogram8/upy_cubeadcs_gen2_cubecomputercontrolprogram8.c:21832:17:TlmHssCubeSenseEarthRaw_get_Hss1IsValid	8	static
C:/PYRASOBC-main/OBC_STDPF/espf/core/services/upython/src/core/cmodules/cubeadcs_gen2_cubecomputercontrolprogram8/upy_cubeadcs_gen2_cubecomputercontrolprogram8.c:21823:17:TlmHssCubeSenseEarthRaw_get_Hss0IsValid	8	static
C:/PYRASOBC-main/OBC_STDPF/espf/core/services/upython/src/core/cmodules/cubeadcs_gen2_cubecomputercontrolprogram8/upy_cubeadcs_gen2_cubecomputercontrolprogram8.c:21814:17:TlmHssCubeSenseEarthRaw_get_Hss1DetectionResult	8	static
C:/PYRASOBC-main/OBC_STDPF/espf/core/services/upython/src/core/cmodules/cubeadcs_gen2_cubecomputercontrolprogram8/upy_cubeadcs_gen2_cubecomputercontrolprogram8.c:21805:17:TlmHssCubeSenseEarthRaw_get_Hss1CaptureResult	8	static
C:/PYRASOBC-main/OBC_STDPF/espf/core/services/upython/src/core/cmodules/cubeadcs_gen2_cubecomputercontrolprogram8/upy_cubeadcs_gen2_cubecomputercontrolprogram8.c:21778:17:TlmHssCubeSenseEarthRaw_get_Hss0DetectionResult	8	static
C:/PYRASOBC-main/OBC_STDPF/espf/core/services/upython/src/core/cmodules/cubeadcs_gen2_cubecomputercontrolprogram8/upy_cubeadcs_gen2_cubecomputercontrolprogram8.c:21769:17:TlmHssCubeSenseEarthRaw_get_Hss0CaptureResult	8	static
C:/PYRASOBC-main/OBC_STDPF/espf/core/services/upython/src/core/cmodules/cubeadcs_gen2_cubecomputercontrolprogram8/upy_cubeadcs_gen2_cubecomputercontrolprogram8.c:21742:17:TlmHssCubeSenseEarthRaw_get_TimeNs	8	static
C:/PYRASOBC-main/OBC_STDPF/espf/core/services/upython/src/core/cmodules/cubeadcs_gen2_cubecomputercontrolprogram8/upy_cubeadcs_gen2_cubecomputercontrolprogram8.c:21733:17:TlmHssCubeSenseEarthRaw_get_TimeSeconds	8	static
C:/PYRASOBC-main/OBC_STDPF/espf/core/services/upython/src/core/cmodules/cubeadcs_gen2_cubecomputercontrolprogram8/upy_cubeadcs_gen2_cubecomputercontrolprogram8.c:21572:17:TlmHil_get_FmcStage	8	static
C:/PYRASOBC-main/OBC_STDPF/espf/core/services/upython/src/core/cmodules/cubeadcs_gen2_cubecomputercontrolprogram8/upy_cubeadcs_gen2_cubecomputercontrolprogram8.c:21563:17:TlmHil_get_Rwl3MeasValid	8	static
C:/PYRASOBC-main/OBC_STDPF/espf/core/services/upython/src/core/cmodules/cubeadcs_gen2_cubecomputercontrolprogram8/upy_cubeadcs_gen2_cubecomputercontrolprogram8.c:21554:17:TlmHil_get_Rwl2MeasValid	8	static
C:/PYRASOBC-main/OBC_STDPF/espf/core/services/upython/src/core/cmodules/cubeadcs_gen2_cubecomputercontrolprogram8/upy_cubeadcs_gen2_cubecomputercontrolprogram8.c:21545:17:TlmHil_get_Rwl1MeasValid	8	static
C:/PYRASOBC-main/OBC_STDPF/espf/core/services/upython/src/core/cmodules/cubeadcs_gen2_cubecomputercontrolprogram8/upy_cubeadcs_gen2_cubecomputercontrolprogram8.c:21536:17:TlmHil_get_Rwl0MeasValid	8	static
C:/PYRASOBC-main/OBC_STDPF/espf/core/services/upython/src/core/cmodules/cubeadcs_gen2_cubecomputercontrolprogram8/upy_cubeadcs_gen2_cubecomputercontrolprogram8.c:21491:17:TlmHil_get_Asgp4PosDelta	8	static
C:/PYRASOBC-main/OBC_STDPF/espf/core/services/upython/src/core/cmodules/cubeadcs_gen2_cubecomputercontrolprogram8/upy_cubeadcs_gen2_cubecomputercontrolprogram8.c:21482:17:TlmHil_get_Asgp4BatchCtr	8	static
C:/PYRASOBC-main/OBC_STDPF/espf/core/services/upython/src/core/cmodules/cubeadcs_gen2_cubecomputercontrolprogram8/upy_cubeadcs_gen2_cubecomputercontrolprogram8.c:21446:17:TlmHil_get_SatVelEciZ	8	static
C:/PYRASOBC-main/OBC_STDPF/espf/core/services/upython/src/core/cmodules/cubeadcs_gen2_cubecomputercontrolprogram8/upy_cubeadcs_gen2_cubecomputercontrolprogram8.c:21437:17:TlmHil_get_SatVelEciY	8	static
C:/PYRASOBC-main/OBC_STDPF/espf/core/services/upython/src/core/cmodules/cubeadcs_gen2_cubecomputercontrolprogram8/upy_cubeadcs_gen2_cubecomputercontrolprogram8.c:21428:17:TlmHil_get_SatVelEciX	8	static
C:/PYRASOBC-main/OBC_STDPF/espf/core/services/upython/src/core/cmodules/cubeadcs_gen2_cubecomputercontrolprogram8/upy_cubeadcs_gen2_cubecomputercontrolprogram8.c:21419:17:TlmHil_get_SatPosEciZ	8	static
C:/PYRASOBC-main/OBC_STDPF/espf/core/services/upython/src/core/cmodules/cubeadcs_gen2_cubecomputercontrolprogram8/upy_cubeadcs_gen2_cubecomputercontrolprogram8.c:21410:17:TlmHil_get_SatPosEciY	8	static
C:/PYRASOBC-main/OBC_STDPF/espf/core/services/upython/src/core/cmodules/cubeadcs_gen2_cubecomputercontrolprogram8/upy_cubeadcs_gen2_cubecomputercontrolprogram8.c:21401:17:TlmHil_get_SatPosEciX	8	static
C:/PYRASOBC-main/OBC_STDPF/espf/core/services/upython/src/core/cmodules/cubeadcs_gen2_cubecomputercontrolprogram8/upy_cubeadcs_gen2_cubecomputercontrolprogram8.c:21329:17:TlmHil_get_Rwl3ActiveFlag	8	static
C:/PYRASOBC-main/OBC_STDPF/espf/core/services/upython/src/core/cmodules/cubeadcs_gen2_cubecomputercontrolprogram8/upy_cubeadcs_gen2_cubecomputercontrolprogram8.c:21320:17:TlmHil_get_Rwl2ActiveFlag	8	static
C:/PYRASOBC-main/OBC_STDPF/espf/core/services/upython/src/core/cmodules/cubeadcs_gen2_cubecomputercontrolprogram8/upy_cubeadcs_gen2_cubecomputercontrolprogram8.c:21311:17:TlmHil_get_Rwl1ActiveFlag	8	static
C:/PYRASOBC-main/OBC_STDPF/espf/core/services/upython/src/core/cmodules/cubeadcs_gen2_cubecomputercontrolprogram8/upy_cubeadcs_gen2_cubecomputercontrolprogram8.c:21302:17:TlmHil_get_Rwl0ActiveFlag	8	static
C:/PYRASOBC-main/OBC_STDPF/espf/core/services/upython/src/core/cmodules/cubeadcs_gen2_cubecomputercontrolprogram8/upy_cubeadcs_gen2_cubecomputercontrolprogram8.c:21293:17:TlmHil_get_Rwl3ErrorFlag	8	static
C:/PYRASOBC-main/OBC_STDPF/espf/core/services/upython/src/core/cmodules/cubeadcs_gen2_cubecomputercontrolprogram8/upy_cubeadcs_gen2_cubecomputercontrolprogram8.c:21284:17:TlmHil_get_Rwl2ErrorFlag	8	static
C:/PYRASOBC-main/OBC_STDPF/espf/core/services/upython/src/core/cmodules/cubeadcs_gen2_cubecomputercontrolprogram8/upy_cubeadcs_gen2_cubecomputercontrolprogram8.c:21275:17:TlmHil_get_Rwl1ErrorFlag	8	static
C:/PYRASOBC-main/OBC_STDPF/espf/core/services/upython/src/core/cmodules/cubeadcs_gen2_cubecomputercontrolprogram8/upy_cubeadcs_gen2_cubecomputercontrolprogram8.c:21266:17:TlmHil_get_Rwl0ErrorFlag	8	static
C:/PYRASOBC-main/OBC_STDPF/espf/core/services/upython/src/core/cmodules/cubeadcs_gen2_cubecomputercontrolprogram8/upy_cubeadcs_gen2_cubecomputercontrolprogram8.c:21257:17:TlmHil_get_MagConTimeout	8	static
C:/PYRASOBC-main/OBC_STDPF/espf/core/services/upython/src/core/cmodules/cubeadcs_gen2_cubecomputercontrolprogram8/upy_cubeadcs_gen2_cubecomputercontrolprogram8.c:21248:17:TlmHil_get_Mtq2CmdOnTime	8	static
C:/PYRASOBC-main/OBC_STDPF/espf/core/services/upython/src/core/cmodules/cubeadcs_gen2_cubecomputercontrolprogram8/upy_cubeadcs_gen2_cubecomputercontrolprogram8.c:21239:17:TlmHil_get_Mtq1CmdOnTime	8	static
C:/PYRASOBC-main/OBC_STDPF/espf/core/services/upython/src/core/cmodules/cubeadcs_gen2_cubecomputercontrolprogram8/upy_cubeadcs_gen2_cubecomputercontrolprogram8.c:21230:17:TlmHil_get_Mtq0CmdOnTime	8	static
C:/PYRASOBC-main/OBC_STDPF/espf/core/services/upython/src/core/cmodules/cubeadcs_gen2_cubecomputercontrolprogram8/upy_cubeadcs_gen2_cubecomputercontrolprogram8.c:21185:17:TlmHil_get_HilSyncOk	8	static
C:/PYRASOBC-main/OBC_STDPF/espf/core/services/upython/src/core/cmodules/cubeadcs_gen2_cubecomputercontrolprogram8/upy_cubeadcs_gen2_cubecomputercontrolprogram8.c:21176:17:TlmHil_get_Asgp4Error	8	static
C:/PYRASOBC-main/OBC_STDPF/espf/core/services/upython/src/core/cmodules/cubeadcs_gen2_cubecomputercontrolprogram8/upy_cubeadcs_gen2_cubecomputercontrolprogram8.c:21167:17:TlmHil_get_NavSource	8	static
C:/PYRASOBC-main/OBC_STDPF/espf/core/services/upython/src/core/cmodules/cubeadcs_gen2_cubecomputercontrolprogram8/upy_cubeadcs_gen2_cubecomputercontrolprogram8.c:21158:17:TlmHil_get_OrbModeActive	8	static
C:/PYRASOBC-main/OBC_STDPF/espf/core/services/upython/src/core/cmodules/cubeadcs_gen2_cubecomputercontrolprogram8/upy_cubeadcs_gen2_cubecomputercontrolprogram8.c:21149:17:TlmHil_get_EstModeActive	8	static
C:/PYRASOBC-main/OBC_STDPF/espf/core/services/upython/src/core/cmodules/cubeadcs_gen2_cubecomputercontrolprogram8/upy_cubeadcs_gen2_cubecomputercontrolprogram8.c:21140:17:TlmHil_get_ConModeActive	8	static
C:/PYRASOBC-main/OBC_STDPF/espf/core/services/upython/src/core/cmodules/cubeadcs_gen2_cubecomputercontrolprogram8/upy_cubeadcs_gen2_cubecomputercontrolprogram8.c:20952:17:ConMode_get_MagConTimeout	8	static
C:/PYRASOBC-main/OBC_STDPF/espf/core/services/upython/src/core/cmodules/cubeadcs_gen2_cubecomputercontrolprogram8/upy_cubeadcs_gen2_cubecomputercontrolprogram8.c:20943:17:ConMode_get_ControlMode	8	static
C:/PYRASOBC-main/OBC_STDPF/espf/core/services/upython/src/core/cmodules/cubeadcs_gen2_cubecomputercontrolprogram8/upy_cubeadcs_gen2_cubecomputercontrolprogram8.c:20847:17:ConfigDefaultModes_get_ConModeAuto	8	static
C:/PYRASOBC-main/OBC_STDPF/espf/core/services/upython/src/core/cmodules/cubeadcs_gen2_cubecomputercontrolprogram8/upy_cubeadcs_gen2_cubecomputercontrolprogram8.c:20838:17:ConfigDefaultModes_get_ConModeSafe	8	static
C:/PYRASOBC-main/OBC_STDPF/espf/core/services/upython/src/core/cmodules/cubeadcs_gen2_cubecomputercontrolprogram8/upy_cubeadcs_gen2_cubecomputercontrolprogram8.c:20829:17:ConfigDefaultModes_get_OpStateDefault	8	static
C:/PYRASOBC-main/OBC_STDPF/espf/core/services/upython/src/core/cmodules/cubeadcs_gen2_cubecomputercontrolprogram8/upy_cubeadcs_gen2_cubecomputercontrolprogram8.c:20820:17:ConfigDefaultModes_get_RunModeDefault	8	static
C:/PYRASOBC-main/OBC_STDPF/espf/core/services/upython/src/core/cmodules/cubeadcs_gen2_cubecomputercontrolprogram8/upy_cubeadcs_gen2_cubecomputercontrolprogram8.c:20696:17:ConfigAdcsController_get_SunAvoidEn	8	static
C:/PYRASOBC-main/OBC_STDPF/espf/core/services/upython/src/core/cmodules/cubeadcs_gen2_cubecomputercontrolprogram8/upy_cubeadcs_gen2_cubecomputercontrolprogram8.c:20687:17:ConfigAdcsController_get_SunTrackEclEn	8	static
C:/PYRASOBC-main/OBC_STDPF/espf/core/services/upython/src/core/cmodules/cubeadcs_gen2_cubecomputercontrolprogram8/upy_cubeadcs_gen2_cubecomputercontrolprogram8.c:20678:17:ConfigAdcsController_get_YawCompensate	8	static
C:/PYRASOBC-main/OBC_STDPF/espf/core/services/upython/src/core/cmodules/cubeadcs_gen2_cubecomputercontrolprogram8/upy_cubeadcs_gen2_cubecomputercontrolprogram8.c:20453:17:ConfigAdcsController_get_ConModeDefault	8	static
C:/PYRASOBC-main/OBC_STDPF/espf/core/services/upython/src/core/cmodules/cubeadcs_gen2_cubecomputercontrolprogram8/upy_cubeadcs_gen2_cubecomputercontrolprogram8.c:20263:17:TlmController_get_FmcStage	8	static
C:/PYRASOBC-main/OBC_STDPF/espf/core/services/upython/src/core/cmodules/cubeadcs_gen2_cubecomputercontrolprogram8/upy_cubeadcs_gen2_cubecomputercontrolprogram8.c:20254:17:TlmController_get_Rwl3ActiveFlag	8	static
C:/PYRASOBC-main/OBC_STDPF/espf/core/services/upython/src/core/cmodules/cubeadcs_gen2_cubecomputercontrolprogram8/upy_cubeadcs_gen2_cubecomputercontrolprogram8.c:20245:17:TlmController_get_Rwl2ActiveFlag	8	static
C:/PYRASOBC-main/OBC_STDPF/espf/core/services/upython/src/core/cmodules/cubeadcs_gen2_cubecomputercontrolprogram8/upy_cubeadcs_gen2_cubecomputercontrolprogram8.c:20236:17:TlmController_get_Rwl1ActiveFlag	8	static
C:/PYRASOBC-main/OBC_STDPF/espf/core/services/upython/src/core/cmodules/cubeadcs_gen2_cubecomputercontrolprogram8/upy_cubeadcs_gen2_cubecomputercontrolprogram8.c:20227:17:TlmController_get_Rwl0ActiveFlag	8	static
C:/PYRASOBC-main/OBC_STDPF/espf/core/services/upython/src/core/cmodules/cubeadcs_gen2_cubecomputercontrolprogram8/upy_cubeadcs_gen2_cubecomputercontrolprogram8.c:20218:17:TlmController_get_Rwl3ErrorFlag	8	static
C:/PYRASOBC-main/OBC_STDPF/espf/core/services/upython/src/core/cmodules/cubeadcs_gen2_cubecomputercontrolprogram8/upy_cubeadcs_gen2_cubecomputercontrolprogram8.c:20209:17:TlmController_get_Rwl2ErrorFlag	8	static
C:/PYRASOBC-main/OBC_STDPF/espf/core/services/upython/src/core/cmodules/cubeadcs_gen2_cubecomputercontrolprogram8/upy_cubeadcs_gen2_cubecomputercontrolprogram8.c:20200:17:TlmController_get_Rwl1ErrorFlag	8	static
C:/PYRASOBC-main/OBC_STDPF/espf/core/services/upython/src/core/cmodules/cubeadcs_gen2_cubecomputercontrolprogram8/upy_cubeadcs_gen2_cubecomputercontrolprogram8.c:20191:17:TlmController_get_Rwl0ErrorFlag	8	static
C:/PYRASOBC-main/OBC_STDPF/espf/core/services/upython/src/core/cmodules/cubeadcs_gen2_cubecomputercontrolprogram8/upy_cubeadcs_gen2_cubecomputercontrolprogram8.c:20182:17:TlmController_get_ConModeActive	8	static
C:/PYRASOBC-main/OBC_STDPF/espf/core/services/upython/src/core/cmodules/cubeadcs_gen2_cubecomputercontrolprogram8/upy_cubeadcs_gen2_cubecomputercontrolprogram8.c:20173:17:TlmController_get_MagConTimeout	8	static
C:/PYRASOBC-main/OBC_STDPF/espf/core/services/upython/src/core/cmodules/cubeadcs_gen2_cubecomputercontrolprogram8/upy_cubeadcs_gen2_cubecomputercontrolprogram8.c:20164:17:TlmController_get_Mtq2CmdOnTime	8	static
C:/PYRASOBC-main/OBC_STDPF/espf/core/services/upython/src/core/cmodules/cubeadcs_gen2_cubecomputercontrolprogram8/upy_cubeadcs_gen2_cubecomputercontrolprogram8.c:20155:17:TlmController_get_Mtq1CmdOnTime	8	static
C:/PYRASOBC-main/OBC_STDPF/espf/core/services/upython/src/core/cmodules/cubeadcs_gen2_cubecomputercontrolprogram8/upy_cubeadcs_gen2_cubecomputercontrolprogram8.c:20146:17:TlmController_get_Mtq0CmdOnTime	8	static
C:/PYRASOBC-main/OBC_STDPF/espf/core/services/upython/src/core/cmodules/cubeadcs_gen2_cubecomputercontrolprogram8/upy_cubeadcs_gen2_cubecomputercontrolprogram8.c:19867:17:TlmController_get_TimeNs	8	static
C:/PYRASOBC-main/OBC_STDPF/espf/core/services/upython/src/core/cmodules/cubeadcs_gen2_cubecomputercontrolprogram8/upy_cubeadcs_gen2_cubecomputercontrolprogram8.c:19858:17:TlmController_get_TimeSeconds	8	static
C:/PYRASOBC-main/OBC_STDPF/espf/core/services/upython/src/core/cmodules/cubeadcs_gen2_cubecomputercontrolprogram8/upy_cubeadcs_gen2_cubecomputercontrolprogram8.c:19627:17:TlmStrCubeStarRaw_get_Str1NumIdentified	8	static
C:/PYRASOBC-main/OBC_STDPF/espf/core/services/upython/src/core/cmodules/cubeadcs_gen2_cubecomputercontrolprogram8/upy_cubeadcs_gen2_cubecomputercontrolprogram8.c:19618:17:TlmStrCubeStarRaw_get_Str1NumDetected	8	static
C:/PYRASOBC-main/OBC_STDPF/espf/core/services/upython/src/core/cmodules/cubeadcs_gen2_cubecomputercontrolprogram8/upy_cubeadcs_gen2_cubecomputercontrolprogram8.c:19609:17:TlmStrCubeStarRaw_get_Str1IsValid	8	static
C:/PYRASOBC-main/OBC_STDPF/espf/core/services/upython/src/core/cmodules/cubeadcs_gen2_cubecomputercontrolprogram8/upy_cubeadcs_gen2_cubecomputercontrolprogram8.c:19600:17:TlmStrCubeStarRaw_get_Str1Tracking	8	static
C:/PYRASOBC-main/OBC_STDPF/espf/core/services/upython/src/core/cmodules/cubeadcs_gen2_cubecomputercontrolprogram8/upy_cubeadcs_gen2_cubecomputercontrolprogram8.c:19591:17:TlmStrCubeStarRaw_get_Str1Idle	8	static
C:/PYRASOBC-main/OBC_STDPF/espf/core/services/upython/src/core/cmodules/cubeadcs_gen2_cubecomputercontrolprogram8/upy_cubeadcs_gen2_cubecomputercontrolprogram8.c:19582:17:TlmStrCubeStarRaw_get_Str1IdentStatus	8	static
C:/PYRASOBC-main/OBC_STDPF/espf/core/services/upython/src/core/cmodules/cubeadcs_gen2_cubecomputercontrolprogram8/upy_cubeadcs_gen2_cubecomputercontrolprogram8.c:19573:17:TlmStrCubeStarRaw_get_Str1DetectStatus	8	static
C:/PYRASOBC-main/OBC_STDPF/espf/core/services/upython/src/core/cmodules/cubeadcs_gen2_cubecomputercontrolprogram8/upy_cubeadcs_gen2_cubecomputercontrolprogram8.c:19564:17:TlmStrCubeStarRaw_get_Str1CaptureStatus	8	static
C:/PYRASOBC-main/OBC_STDPF/espf/core/services/upython/src/core/cmodules/cubeadcs_gen2_cubecomputercontrolprogram8/upy_cubeadcs_gen2_cubecomputercontrolprogram8.c:19528:17:TlmStrCubeStarRaw_get_Str0NumIdentified	8	static
C:/PYRASOBC-main/OBC_STDPF/espf/core/services/upython/src/core/cmodules/cubeadcs_gen2_cubecomputercontrolprogram8/upy_cubeadcs_gen2_cubecomputercontrolprogram8.c:19519:17:TlmStrCubeStarRaw_get_Str0NumDetected	8	static
C:/PYRASOBC-main/OBC_STDPF/espf/core/services/upython/src/core/cmodules/cubeadcs_gen2_cubecomputercontrolprogram8/upy_cubeadcs_gen2_cubecomputercontrolprogram8.c:19510:17:TlmStrCubeStarRaw_get_Str0IsValid	8	static
C:/PYRASOBC-main/OBC_STDPF/espf/core/services/upython/src/core/cmodules/cubeadcs_gen2_cubecomputercontrolprogram8/upy_cubeadcs_gen2_cubecomputercontrolprogram8.c:19501:17:TlmStrCubeStarRaw_get_Str0Tracking	8	static
C:/PYRASOBC-main/OBC_STDPF/espf/core/services/upython/src/core/cmodules/cubeadcs_gen2_cubecomputercontrolprogram8/upy_cubeadcs_gen2_cubecomputercontrolprogram8.c:19492:17:TlmStrCubeStarRaw_get_Str0Idle	8	static
C:/PYRASOBC-main/OBC_STDPF/espf/core/services/upython/src/core/cmodules/cubeadcs_gen2_cubecomputercontrolprogram8/upy_cubeadcs_gen2_cubecomputercontrolprogram8.c:19483:17:TlmStrCubeStarRaw_get_Str0IdentStatus	8	static
C:/PYRASOBC-main/OBC_STDPF/espf/core/services/upython/src/core/cmodules/cubeadcs_gen2_cubecomputercontrolprogram8/upy_cubeadcs_gen2_cubecomputercontrolprogram8.c:19474:17:TlmStrCubeStarRaw_get_Str0DetectStatus	8	static
C:/PYRASOBC-main/OBC_STDPF/espf/core/services/upython/src/core/cmodules/cubeadcs_gen2_cubecomputercontrolprogram8/upy_cubeadcs_gen2_cubecomputercontrolprogram8.c:19465:17:TlmStrCubeStarRaw_get_Str0CaptureStatus	8	static
C:/PYRASOBC-main/OBC_STDPF/espf/core/services/upython/src/core/cmodules/cubeadcs_gen2_cubecomputercontrolprogram8/upy_cubeadcs_gen2_cubecomputercontrolprogram8.c:19456:17:TlmStrCubeStarRaw_get_TimeNs	8	static
C:/PYRASOBC-main/OBC_STDPF/espf/core/services/upython/src/core/cmodules/cubeadcs_gen2_cubecomputercontrolprogram8/upy_cubeadcs_gen2_cubecomputercontrolprogram8.c:19447:17:TlmStrCubeStarRaw_get_TimeSeconds	8	static
C:/PYRASOBC-main/OBC_STDPF/espf/core/services/upython/src/core/cmodules/cubeadcs_gen2_cubecomputercontrolprogram8/upy_cubeadcs_gen2_cubecomputercontrolprogram8.c:19246:17:ConfigMount_get_MountExtGyr1Axis3	8	static
C:/PYRASOBC-main/OBC_STDPF/espf/core/services/upython/src/core/cmodules/cubeadcs_gen2_cubecomputercontrolprogram8/upy_cubeadcs_gen2_cubecomputercontrolprogram8.c:19237:17:ConfigMount_get_MountExtGyr1Axis2	8	static
C:/PYRASOBC-main/OBC_STDPF/espf/core/services/upython/src/core/cmodules/cubeadcs_gen2_cubecomputercontrolprogram8/upy_cubeadcs_gen2_cubecomputercontrolprogram8.c:19228:17:ConfigMount_get_MountExtGyr1Axis1	8	static
C:/PYRASOBC-main/OBC_STDPF/espf/core/services/upython/src/core/cmodules/cubeadcs_gen2_cubecomputercontrolprogram8/upy_cubeadcs_gen2_cubecomputercontrolprogram8.c:19219:17:ConfigMount_get_MountExtGyr0Axis3	8	static
C:/PYRASOBC-main/OBC_STDPF/espf/core/services/upython/src/core/cmodules/cubeadcs_gen2_cubecomputercontrolprogram8/upy_cubeadcs_gen2_cubecomputercontrolprogram8.c:19210:17:ConfigMount_get_MountExtGyr0Axis2	8	static
C:/PYRASOBC-main/OBC_STDPF/espf/core/services/upython/src/core/cmodules/cubeadcs_gen2_cubecomputercontrolprogram8/upy_cubeadcs_gen2_cubecomputercontrolprogram8.c:19201:17:ConfigMount_get_MountExtGyr0Axis1	8	static
C:/PYRASOBC-main/OBC_STDPF/espf/core/services/upython/src/core/cmodules/cubeadcs_gen2_cubecomputercontrolprogram8/upy_cubeadcs_gen2_cubecomputercontrolprogram8.c:18868:17:ConfigMount_get_MountCss9	8	static
C:/PYRASOBC-main/OBC_STDPF/espf/core/services/upython/src/core/cmodules/cubeadcs_gen2_cubecomputercontrolprogram8/upy_cubeadcs_gen2_cubecomputercontrolprogram8.c:18859:17:ConfigMount_get_MountCss8	8	static
C:/PYRASOBC-main/OBC_STDPF/espf/core/services/upython/src/core/cmodules/cubeadcs_gen2_cubecomputercontrolprogram8/upy_cubeadcs_gen2_cubecomputercontrolprogram8.c:18850:17:ConfigMount_get_MountCss7	8	static
C:/PYRASOBC-main/OBC_STDPF/espf/core/services/upython/src/core/cmodules/cubeadcs_gen2_cubecomputercontrolprogram8/upy_cubeadcs_gen2_cubecomputercontrolprogram8.c:18841:17:ConfigMount_get_MountCss6	8	static
C:/PYRASOBC-main/OBC_STDPF/espf/core/services/upython/src/core/cmodules/cubeadcs_gen2_cubecomputercontrolprogram8/upy_cubeadcs_gen2_cubecomputercontrolprogram8.c:18832:17:ConfigMount_get_MountCss5	8	static
C:/PYRASOBC-main/OBC_STDPF/espf/core/services/upython/src/core/cmodules/cubeadcs_gen2_cubecomputercontrolprogram8/upy_cubeadcs_gen2_cubecomputercontrolprogram8.c:18823:17:ConfigMount_get_MountCss4	8	static
C:/PYRASOBC-main/OBC_STDPF/espf/core/services/upython/src/core/cmodules/cubeadcs_gen2_cubecomputercontrolprogram8/upy_cubeadcs_gen2_cubecomputercontrolprogram8.c:18814:17:ConfigMount_get_MountCss3	8	static
C:/PYRASOBC-main/OBC_STDPF/espf/core/services/upython/src/core/cmodules/cubeadcs_gen2_cubecomputercontrolprogram8/upy_cubeadcs_gen2_cubecomputercontrolprogram8.c:18805:17:ConfigMount_get_MountCss2	8	static
C:/PYRASOBC-main/OBC_STDPF/espf/core/services/upython/src/core/cmodules/cubeadcs_gen2_cubecomputercontrolprogram8/upy_cubeadcs_gen2_cubecomputercontrolprogram8.c:18796:17:ConfigMount_get_MountCss1	8	static
C:/PYRASOBC-main/OBC_STDPF/espf/core/services/upython/src/core/cmodules/cubeadcs_gen2_cubecomputercontrolprogram8/upy_cubeadcs_gen2_cubecomputercontrolprogram8.c:18787:17:ConfigMount_get_MountCss0	8	static
C:/PYRASOBC-main/OBC_STDPF/espf/core/services/upython/src/core/cmodules/cubeadcs_gen2_cubecomputercontrolprogram8/upy_cubeadcs_gen2_cubecomputercontrolprogram8.c:18751:17:ConfigMount_get_MountRwl3	8	static
C:/PYRASOBC-main/OBC_STDPF/espf/core/services/upython/src/core/cmodules/cubeadcs_gen2_cubecomputercontrolprogram8/upy_cubeadcs_gen2_cubecomputercontrolprogram8.c:18742:17:ConfigMount_get_MountRwl2	8	static
C:/PYRASOBC-main/OBC_STDPF/espf/core/services/upython/src/core/cmodules/cubeadcs_gen2_cubecomputercontrolprogram8/upy_cubeadcs_gen2_cubecomputercontrolprogram8.c:18733:17:ConfigMount_get_MountRwl1	8	static
C:/PYRASOBC-main/OBC_STDPF/espf/core/services/upython/src/core/cmodules/cubeadcs_gen2_cubecomputercontrolprogram8/upy_cubeadcs_gen2_cubecomputercontrolprogram8.c:18724:17:ConfigMount_get_MountRwl0	8	static
C:/PYRASOBC-main/OBC_STDPF/espf/core/services/upython/src/core/cmodules/cubeadcs_gen2_cubecomputercontrolprogram8/upy_cubeadcs_gen2_cubecomputercontrolprogram8.c:18715:17:ConfigMount_get_MountMtq2	8	static
C:/PYRASOBC-main/OBC_STDPF/espf/core/services/upython/src/core/cmodules/cubeadcs_gen2_cubecomputercontrolprogram8/upy_cubeadcs_gen2_cubecomputercontrolprogram8.c:18706:17:ConfigMount_get_MountMtq1	8	static
C:/PYRASOBC-main/OBC_STDPF/espf/core/services/upython/src/core/cmodules/cubeadcs_gen2_cubecomputercontrolprogram8/upy_cubeadcs_gen2_cubecomputercontrolprogram8.c:18697:17:ConfigMount_get_MountMtq0	8	static
C:/PYRASOBC-main/OBC_STDPF/espf/core/services/upython/src/core/cmodules/cubeadcs_gen2_cubecomputercontrolprogram8/upy_cubeadcs_gen2_cubecomputercontrolprogram8.c:18688:17:ConfigMount_get_MountStackZ	8	static
C:/PYRASOBC-main/OBC_STDPF/espf/core/services/upython/src/core/cmodules/cubeadcs_gen2_cubecomputercontrolprogram8/upy_cubeadcs_gen2_cubecomputercontrolprogram8.c:18679:17:ConfigMount_get_MountStackY	8	static
C:/PYRASOBC-main/OBC_STDPF/espf/core/services/upython/src/core/cmodules/cubeadcs_gen2_cubecomputercontrolprogram8/upy_cubeadcs_gen2_cubecomputercontrolprogram8.c:18670:17:ConfigMount_get_MountStackX	8	static
C:/PYRASOBC-main/OBC_STDPF/espf/core/services/upython/src/core/cmodules/cubeadcs_gen2_cubecomputercontrolprogram8/upy_cubeadcs_gen2_cubecomputercontrolprogram8.c:18450:17:ConfigMagSensingElement_get_Mag1SensingElement	8	static
C:/PYRASOBC-main/OBC_STDPF/espf/core/services/upython/src/core/cmodules/cubeadcs_gen2_cubecomputercontrolprogram8/upy_cubeadcs_gen2_cubecomputercontrolprogram8.c:18441:17:ConfigMagSensingElement_get_Mag0SensingElement	8	static
C:/PYRASOBC-main/OBC_STDPF/espf/core/services/upython/src/core/cmodules/cubeadcs_gen2_cubecomputercontrolprogram8/upy_cubeadcs_gen2_cubecomputercontrolprogram8.c:18332:17:ConfigAdcsEstimator_get_TVec2	8	static
C:/PYRASOBC-main/OBC_STDPF/espf/core/services/upython/src/core/cmodules/cubeadcs_gen2_cubecomputercontrolprogram8/upy_cubeadcs_gen2_cubecomputercontrolprogram8.c:18323:17:ConfigAdcsEstimator_get_TVec1	8	static
C:/PYRASOBC-main/OBC_STDPF/espf/core/services/upython/src/core/cmodules/cubeadcs_gen2_cubecomputercontrolprogram8/upy_cubeadcs_gen2_cubecomputercontrolprogram8.c:18314:17:ConfigAdcsEstimator_get_EkfUseStr	8	static
C:/PYRASOBC-main/OBC_STDPF/espf/core/services/upython/src/core/cmodules/cubeadcs_gen2_cubecomputercontrolprogram8/upy_cubeadcs_gen2_cubecomputercontrolprogram8.c:18305:17:ConfigAdcsEstimator_get_EkfUseHss	8	static
C:/PYRASOBC-main/OBC_STDPF/espf/core/services/upython/src/core/cmodules/cubeadcs_gen2_cubecomputercontrolprogram8/upy_cubeadcs_gen2_cubecomputercontrolprogram8.c:18296:17:ConfigAdcsEstimator_get_EkfUseCss	8	static
C:/PYRASOBC-main/OBC_STDPF/espf/core/services/upython/src/core/cmodules/cubeadcs_gen2_cubecomputercontrolprogram8/upy_cubeadcs_gen2_cubecomputercontrolprogram8.c:18287:17:ConfigAdcsEstimator_get_EkfUseFss	8	static
C:/PYRASOBC-main/OBC_STDPF/espf/core/services/upython/src/core/cmodules/cubeadcs_gen2_cubecomputercontrolprogram8/upy_cubeadcs_gen2_cubecomputercontrolprogram8.c:18197:17:ConfigAdcsEstimator_get_EstModeBackupDefault	8	static
C:/PYRASOBC-main/OBC_STDPF/espf/core/services/upython/src/core/cmodules/cubeadcs_gen2_cubecomputercontrolprogram8/upy_cubeadcs_gen2_cubecomputercontrolprogram8.c:18188:17:ConfigAdcsEstimator_get_EstModeMainDefault	8	static
C:/PYRASOBC-main/OBC_STDPF/espf/core/services/upython/src/core/cmodules/cubeadcs_gen2_cubecomputercontrolprogram8/upy_cubeadcs_gen2_cubecomputercontrolprogram8.c:18051:17:TlmTorquerCurrents_get_Mtq3Polarity	8	static
C:/PYRASOBC-main/OBC_STDPF/espf/core/services/upython/src/core/cmodules/cubeadcs_gen2_cubecomputercontrolprogram8/upy_cubeadcs_gen2_cubecomputercontrolprogram8.c:18042:17:TlmTorquerCurrents_get_Mtq2Polarity	8	static
C:/PYRASOBC-main/OBC_STDPF/espf/core/services/upython/src/core/cmodules/cubeadcs_gen2_cubecomputercontrolprogram8/upy_cubeadcs_gen2_cubecomputercontrolprogram8.c:18033:17:TlmTorquerCurrents_get_Mtq1Polarity	8	static
C:/PYRASOBC-main/OBC_STDPF/espf/core/services/upython/src/core/cmodules/cubeadcs_gen2_cubecomputercontrolprogram8/upy_cubeadcs_gen2_cubecomputercontrolprogram8.c:17787:17:TlmNodeInitState_get_ExtGyro1State	8	static
C:/PYRASOBC-main/OBC_STDPF/espf/core/services/upython/src/core/cmodules/cubeadcs_gen2_cubecomputercontrolprogram8/upy_cubeadcs_gen2_cubecomputercontrolprogram8.c:17778:17:TlmNodeInitState_get_ExtGyro0State	8	static
C:/PYRASOBC-main/OBC_STDPF/espf/core/services/upython/src/core/cmodules/cubeadcs_gen2_cubecomputercontrolprogram8/upy_cubeadcs_gen2_cubecomputercontrolprogram8.c:17769:17:TlmNodeInitState_get_ExtSensor1State	8	static
C:/PYRASOBC-main/OBC_STDPF/espf/core/services/upython/src/core/cmodules/cubeadcs_gen2_cubecomputercontrolprogram8/upy_cubeadcs_gen2_cubecomputercontrolprogram8.c:17760:17:TlmNodeInitState_get_ExtSensor0State	8	static
C:/PYRASOBC-main/OBC_STDPF/espf/core/services/upython/src/core/cmodules/cubeadcs_gen2_cubecomputercontrolprogram8/upy_cubeadcs_gen2_cubecomputercontrolprogram8.c:17751:17:TlmNodeInitState_get_Str1State	8	static
C:/PYRASOBC-main/OBC_STDPF/espf/core/services/upython/src/core/cmodules/cubeadcs_gen2_cubecomputercontrolprogram8/upy_cubeadcs_gen2_cubecomputercontrolprogram8.c:17742:17:TlmNodeInitState_get_Str0State	8	static
C:/PYRASOBC-main/OBC_STDPF/espf/core/services/upython/src/core/cmodules/cubeadcs_gen2_cubecomputercontrolprogram8/upy_cubeadcs_gen2_cubecomputercontrolprogram8.c:17733:17:TlmNodeInitState_get_Hss1State	8	static
C:/PYRASOBC-main/OBC_STDPF/espf/core/services/upython/src/core/cmodules/cubeadcs_gen2_cubecomputercontrolprogram8/upy_cubeadcs_gen2_cubecomputercontrolprogram8.c:17724:17:TlmNodeInitState_get_Hss0State	8	static
C:/PYRASOBC-main/OBC_STDPF/espf/core/services/upython/src/core/cmodules/cubeadcs_gen2_cubecomputercontrolprogram8/upy_cubeadcs_gen2_cubecomputercontrolprogram8.c:17715:17:TlmNodeInitState_get_Fss3State	8	static
C:/PYRASOBC-main/OBC_STDPF/espf/core/services/upython/src/core/cmodules/cubeadcs_gen2_cubecomputercontrolprogram8/upy_cubeadcs_gen2_cubecomputercontrolprogram8.c:17706:17:TlmNodeInitState_get_Fss2State	8	static
C:/PYRASOBC-main/OBC_STDPF/espf/core/services/upython/src/core/cmodules/cubeadcs_gen2_cubecomputercontrolprogram8/upy_cubeadcs_gen2_cubecomputercontrolprogram8.c:17697:17:TlmNodeInitState_get_Fss1State	8	static
C:/PYRASOBC-main/OBC_STDPF/espf/core/services/upython/src/core/cmodules/cubeadcs_gen2_cubecomputercontrolprogram8/upy_cubeadcs_gen2_cubecomputercontrolprogram8.c:17688:17:TlmNodeInitState_get_Fss0State	8	static
C:/PYRASOBC-main/OBC_STDPF/espf/core/services/upython/src/core/cmodules/cubeadcs_gen2_cubecomputercontrolprogram8/upy_cubeadcs_gen2_cubecomputercontrolprogram8.c:17679:17:TlmNodeInitState_get_Gyro1State	8	static
C:/PYRASOBC-main/OBC_STDPF/espf/core/services/upython/src/core/cmodules/cubeadcs_gen2_cubecomputercontrolprogram8/upy_cubeadcs_gen2_cubecomputercontrolprogram8.c:17670:17:TlmNodeInitState_get_Gyro0State	8	static
C:/PYRASOBC-main/OBC_STDPF/espf/core/services/upython/src/core/cmodules/cubeadcs_gen2_cubecomputercontrolprogram8/upy_cubeadcs_gen2_cubecomputercontrolprogram8.c:17661:17:TlmNodeInitState_get_Mag1State	8	static
C:/PYRASOBC-main/OBC_STDPF/espf/core/services/upython/src/core/cmodules/cubeadcs_gen2_cubecomputercontrolprogram8/upy_cubeadcs_gen2_cubecomputercontrolprogram8.c:17652:17:TlmNodeInitState_get_Mag0State	8	static
C:/PYRASOBC-main/OBC_STDPF/espf/core/services/upython/src/core/cmodules/cubeadcs_gen2_cubecomputercontrolprogram8/upy_cubeadcs_gen2_cubecomputercontrolprogram8.c:17643:17:TlmNodeInitState_get_Rwl3State	8	static
C:/PYRASOBC-main/OBC_STDPF/espf/core/services/upython/src/core/cmodules/cubeadcs_gen2_cubecomputercontrolprogram8/upy_cubeadcs_gen2_cubecomputercontrolprogram8.c:17634:17:TlmNodeInitState_get_Rwl2State	8	static
C:/PYRASOBC-main/OBC_STDPF/espf/core/services/upython/src/core/cmodules/cubeadcs_gen2_cubecomputercontrolprogram8/upy_cubeadcs_gen2_cubecomputercontrolprogram8.c:17625:17:TlmNodeInitState_get_Rwl1State	8	static
C:/PYRASOBC-main/OBC_STDPF/espf/core/services/upython/src/core/cmodules/cubeadcs_gen2_cubecomputercontrolprogram8/upy_cubeadcs_gen2_cubecomputercontrolprogram8.c:17616:17:TlmNodeInitState_get_Rwl0State	8	static
C:/PYRASOBC-main/OBC_STDPF/espf/core/services/upython/src/core/cmodules/cubeadcs_gen2_cubecomputercontrolprogram8/upy_cubeadcs_gen2_cubecomputercontrolprogram8.c:17453:17:ConfigActuatorRwl_get_RwlFailId	8	static
C:/PYRASOBC-main/OBC_STDPF/espf/core/services/upython/src/core/cmodules/cubeadcs_gen2_cubecomputercontrolprogram8/upy_cubeadcs_gen2_cubecomputercontrolprogram8.c:17444:17:ConfigActuatorRwl_get_RwlScheme	8	static
C:/PYRASOBC-main/OBC_STDPF/espf/core/services/upython/src/core/cmodules/cubeadcs_gen2_cubecomputercontrolprogram8/upy_cubeadcs_gen2_cubecomputercontrolprogram8.c:17183:17:TlmFssCubeSenseSunRaw_get_Fss3IsValid	8	static
C:/PYRASOBC-main/OBC_STDPF/espf/core/services/upython/src/core/cmodules/cubeadcs_gen2_cubecomputercontrolprogram8/upy_cubeadcs_gen2_cubecomputercontrolprogram8.c:17174:17:TlmFssCubeSenseSunRaw_get_Fss2IsValid	8	static
C:/PYRASOBC-main/OBC_STDPF/espf/core/services/upython/src/core/cmodules/cubeadcs_gen2_cubecomputercontrolprogram8/upy_cubeadcs_gen2_cubecomputercontrolprogram8.c:17165:17:TlmFssCubeSenseSunRaw_get_Fss1IsValid	8	static
C:/PYRASOBC-main/OBC_STDPF/espf/core/services/upython/src/core/cmodules/cubeadcs_gen2_cubecomputercontrolprogram8/upy_cubeadcs_gen2_cubecomputercontrolprogram8.c:17156:17:TlmFssCubeSenseSunRaw_get_Fss0IsValid	8	static
C:/PYRASOBC-main/OBC_STDPF/espf/core/services/upython/src/core/cmodules/cubeadcs_gen2_cubecomputercontrolprogram8/upy_cubeadcs_gen2_cubecomputercontrolprogram8.c:17147:17:TlmFssCubeSenseSunRaw_get_Fss3DetectionResult	8	static
C:/PYRASOBC-main/OBC_STDPF/espf/core/services/upython/src/core/cmodules/cubeadcs_gen2_cubecomputercontrolprogram8/upy_cubeadcs_gen2_cubecomputercontrolprogram8.c:17138:17:TlmFssCubeSenseSunRaw_get_Fss3CaptureResult	8	static
C:/PYRASOBC-main/OBC_STDPF/espf/core/services/upython/src/core/cmodules/cubeadcs_gen2_cubecomputercontrolprogram8/upy_cubeadcs_gen2_cubecomputercontrolprogram8.c:17111:17:TlmFssCubeSenseSunRaw_get_Fss2DetectionResult	8	static
C:/PYRASOBC-main/OBC_STDPF/espf/core/services/upython/src/core/cmodules/cubeadcs_gen2_cubecomputercontrolprogram8/upy_cubeadcs_gen2_cubecomputercontrolprogram8.c:17102:17:TlmFssCubeSenseSunRaw_get_Fss2CaptureResult	8	static
C:/PYRASOBC-main/OBC_STDPF/espf/core/services/upython/src/core/cmodules/cubeadcs_gen2_cubecomputercontrolprogram8/upy_cubeadcs_gen2_cubecomputercontrolprogram8.c:17075:17:TlmFssCubeSenseSunRaw_get_Fss1DetectionResult	8	static
C:/PYRASOBC-main/OBC_STDPF/espf/core/services/upython/src/core/cmodules/cubeadcs_gen2_cubecomputercontrolprogram8/upy_cubeadcs_gen2_cubecomputercontrolprogram8.c:17066:17:TlmFssCubeSenseSunRaw_get_Fss1CaptureResult	8	static
C:/PYRASOBC-main/OBC_STDPF/espf/core/services/upython/src/core/cmodules/cubeadcs_gen2_cubecomputercontrolprogram8/upy_cubeadcs_gen2_cubecomputercontrolprogram8.c:17039:17:TlmFssCubeSenseSunRaw_get_Fss0DetectionResult	8	static
C:/PYRASOBC-main/OBC_STDPF/espf/core/services/upython/src/core/cmodules/cubeadcs_gen2_cubecomputercontrolprogram8/upy_cubeadcs_gen2_cubecomputercontrolprogram8.c:17030:17:TlmFssCubeSenseSunRaw_get_Fss0CaptureResult	8	static
C:/PYRASOBC-main/OBC_STDPF/espf/core/services/upython/src/core/cmodules/cubeadcs_gen2_cubecomputercontrolprogram8/upy_cubeadcs_gen2_cubecomputercontrolprogram8.c:17003:17:TlmFssCubeSenseSunRaw_get_TimeNs	8	static
C:/PYRASOBC-main/OBC_STDPF/espf/core/services/upython/src/core/cmodules/cubeadcs_gen2_cubecomputercontrolprogram8/upy_cubeadcs_gen2_cubecomputercontrolprogram8.c:16994:17:TlmFssCubeSenseSunRaw_get_TimeSeconds	8	static
C:/PYRASOBC-main/OBC_STDPF/espf/core/services/upython/src/core/cmodules/cubeadcs_gen2_cubecomputercontrolprogram8/upy_cubeadcs_gen2_cubecomputercontrolprogram8.c:16840:17:FileTransferStatus_get_NodeUsedError	8	static
C:/PYRASOBC-main/OBC_STDPF/espf/core/services/upython/src/core/cmodules/cubeadcs_gen2_cubecomputercontrolprogram8/upy_cubeadcs_gen2_cubecomputercontrolprogram8.c:16831:17:FileTransferStatus_get_NodeCommsError	8	static
C:/PYRASOBC-main/OBC_STDPF/espf/core/services/upython/src/core/cmodules/cubeadcs_gen2_cubecomputercontrolprogram8/upy_cubeadcs_gen2_cubecomputercontrolprogram8.c:16822:17:FileTransferStatus_get_TimeoutError	8	static
C:/PYRASOBC-main/OBC_STDPF/espf/core/services/upython/src/core/cmodules/cubeadcs_gen2_cubecomputercontrolprogram8/upy_cubeadcs_gen2_cubecomputercontrolprogram8.c:16813:17:FileTransferStatus_get_FrameSizeError	8	static
C:/PYRASOBC-main/OBC_STDPF/espf/core/services/upython/src/core/cmodules/cubeadcs_gen2_cubecomputercontrolprogram8/upy_cubeadcs_gen2_cubecomputercontrolprogram8.c:16804:17:FileTransferStatus_get_EraseError	8	static
C:/PYRASOBC-main/OBC_STDPF/espf/core/services/upython/src/core/cmodules/cubeadcs_gen2_cubecomputercontrolprogram8/upy_cubeadcs_gen2_cubecomputercontrolprogram8.c:16795:17:FileTransferStatus_get_WriteError	8	static
C:/PYRASOBC-main/OBC_STDPF/espf/core/services/upython/src/core/cmodules/cubeadcs_gen2_cubecomputercontrolprogram8/upy_cubeadcs_gen2_cubecomputercontrolprogram8.c:16786:17:FileTransferStatus_get_ReadError	8	static
C:/PYRASOBC-main/OBC_STDPF/espf/core/services/upython/src/core/cmodules/cubeadcs_gen2_cubecomputercontrolprogram8/upy_cubeadcs_gen2_cubecomputercontrolprogram8.c:16777:17:FileTransferStatus_get_FileEmptyError	8	static
C:/PYRASOBC-main/OBC_STDPF/espf/core/services/upython/src/core/cmodules/cubeadcs_gen2_cubecomputercontrolprogram8/upy_cubeadcs_gen2_cubecomputercontrolprogram8.c:16768:17:FileTransferStatus_get_FileFullError	8	static
C:/PYRASOBC-main/OBC_STDPF/espf/core/services/upython/src/core/cmodules/cubeadcs_gen2_cubecomputercontrolprogram8/upy_cubeadcs_gen2_cubecomputercontrolprogram8.c:16759:17:FileTransferStatus_get_FileInvalidError	8	static
C:/PYRASOBC-main/OBC_STDPF/espf/core/services/upython/src/core/cmodules/cubeadcs_gen2_cubecomputercontrolprogram8/upy_cubeadcs_gen2_cubecomputercontrolprogram8.c:16750:17:FileTransferStatus_get_FileError	8	static
C:/PYRASOBC-main/OBC_STDPF/espf/core/services/upython/src/core/cmodules/cubeadcs_gen2_cubecomputercontrolprogram8/upy_cubeadcs_gen2_cubecomputercontrolprogram8.c:16741:17:FileTransferStatus_get_FileSizeError	8	static
C:/PYRASOBC-main/OBC_STDPF/espf/core/services/upython/src/core/cmodules/cubeadcs_gen2_cubecomputercontrolprogram8/upy_cubeadcs_gen2_cubecomputercontrolprogram8.c:16732:17:FileTransferStatus_get_FileCrcError	8	static
C:/PYRASOBC-main/OBC_STDPF/espf/core/services/upython/src/core/cmodules/cubeadcs_gen2_cubecomputercontrolprogram8/upy_cubeadcs_gen2_cubecomputercontrolprogram8.c:16723:17:FileTransferStatus_get_NodeExpectError	8	static
C:/PYRASOBC-main/OBC_STDPF/espf/core/services/upython/src/core/cmodules/cubeadcs_gen2_cubecomputercontrolprogram8/upy_cubeadcs_gen2_cubecomputercontrolprogram8.c:16714:17:FileTransferStatus_get_NodeExistError	8	static
C:/PYRASOBC-main/OBC_STDPF/espf/core/services/upython/src/core/cmodules/cubeadcs_gen2_cubecomputercontrolprogram8/upy_cubeadcs_gen2_cubecomputercontrolprogram8.c:16705:17:FileTransferStatus_get_VersionError	8	static
C:/PYRASOBC-main/OBC_STDPF/espf/core/services/upython/src/core/cmodules/cubeadcs_gen2_cubecomputercontrolprogram8/upy_cubeadcs_gen2_cubecomputercontrolprogram8.c:16696:17:FileTransferStatus_get_FileMetaError	8	static
C:/PYRASOBC-main/OBC_STDPF/espf/core/services/upython/src/core/cmodules/cubeadcs_gen2_cubecomputercontrolprogram8/upy_cubeadcs_gen2_cubecomputercontrolprogram8.c:16687:17:FileTransferStatus_get_BusyError	8	static
C:/PYRASOBC-main/OBC_STDPF/espf/core/services/upython/src/core/cmodules/cubeadcs_gen2_cubecomputercontrolprogram8/upy_cubeadcs_gen2_cubecomputercontrolprogram8.c:16678:17:FileTransferStatus_get_ErrorCode	8	static
C:/PYRASOBC-main/OBC_STDPF/espf/core/services/upython/src/core/cmodules/cubeadcs_gen2_cubecomputercontrolprogram8/upy_cubeadcs_gen2_cubecomputercontrolprogram8.c:16669:17:FileTransferStatus_get_DataRemain	8	static
C:/PYRASOBC-main/OBC_STDPF/espf/core/services/upython/src/core/cmodules/cubeadcs_gen2_cubecomputercontrolprogram8/upy_cubeadcs_gen2_cubecomputercontrolprogram8.c:16660:17:FileTransferStatus_get_UpgradeState	8	static
C:/PYRASOBC-main/OBC_STDPF/espf/core/services/upython/src/core/cmodules/cubeadcs_gen2_cubecomputercontrolprogram8/upy_cubeadcs_gen2_cubecomputercontrolprogram8.c:16651:17:FileTransferStatus_get_State	8	static
C:/PYRASOBC-main/OBC_STDPF/espf/core/services/upython/src/core/cmodules/cubeadcs_gen2_cubecomputercontrolprogram8/upy_cubeadcs_gen2_cubecomputercontrolprogram8.c:16495:17:CubeNodePortMap_get_Port4Slot3	8	static
C:/PYRASOBC-main/OBC_STDPF/espf/core/services/upython/src/core/cmodules/cubeadcs_gen2_cubecomputercontrolprogram8/upy_cubeadcs_gen2_cubecomputercontrolprogram8.c:16486:17:CubeNodePortMap_get_Port3Slot3	8	static
C:/PYRASOBC-main/OBC_STDPF/espf/core/services/upython/src/core/cmodules/cubeadcs_gen2_cubecomputercontrolprogram8/upy_cubeadcs_gen2_cubecomputercontrolprogram8.c:16477:17:CubeNodePortMap_get_Port2Slot3	8	static
C:/PYRASOBC-main/OBC_STDPF/espf/core/services/upython/src/core/cmodules/cubeadcs_gen2_cubecomputercontrolprogram8/upy_cubeadcs_gen2_cubecomputercontrolprogram8.c:16468:17:CubeNodePortMap_get_Port1Slot3	8	static
C:/PYRASOBC-main/OBC_STDPF/espf/core/services/upython/src/core/cmodules/cubeadcs_gen2_cubecomputercontrolprogram8/upy_cubeadcs_gen2_cubecomputercontrolprogram8.c:16459:17:CubeNodePortMap_get_SerialIntSlot3	8	static
C:/PYRASOBC-main/OBC_STDPF/espf/core/services/upython/src/core/cmodules/cubeadcs_gen2_cubecomputercontrolprogram8/upy_cubeadcs_gen2_cubecomputercontrolprogram8.c:16450:17:CubeNodePortMap_get_NodeTypeSlot3	8	static
C:/PYRASOBC-main/OBC_STDPF/espf/core/services/upython/src/core/cmodules/cubeadcs_gen2_cubecomputercontrolprogram8/upy_cubeadcs_gen2_cubecomputercontrolprogram8.c:16441:17:CubeNodePortMap_get_Port4Slot2	8	static
C:/PYRASOBC-main/OBC_STDPF/espf/core/services/upython/src/core/cmodules/cubeadcs_gen2_cubecomputercontrolprogram8/upy_cubeadcs_gen2_cubecomputercontrolprogram8.c:16432:17:CubeNodePortMap_get_Port3Slot2	8	static
C:/PYRASOBC-main/OBC_STDPF/espf/core/services/upython/src/core/cmodules/cubeadcs_gen2_cubecomputercontrolprogram8/upy_cubeadcs_gen2_cubecomputercontrolprogram8.c:16423:17:CubeNodePortMap_get_Port2Slot2	8	static
C:/PYRASOBC-main/OBC_STDPF/espf/core/services/upython/src/core/cmodules/cubeadcs_gen2_cubecomputercontrolprogram8/upy_cubeadcs_gen2_cubecomputercontrolprogram8.c:16414:17:CubeNodePortMap_get_Port1Slot2	8	static
C:/PYRASOBC-main/OBC_STDPF/espf/core/services/upython/src/core/cmodules/cubeadcs_gen2_cubecomputercontrolprogram8/upy_cubeadcs_gen2_cubecomputercontrolprogram8.c:16405:17:CubeNodePortMap_get_SerialIntSlot2	8	static
C:/PYRASOBC-main/OBC_STDPF/espf/core/services/upython/src/core/cmodules/cubeadcs_gen2_cubecomputercontrolprogram8/upy_cubeadcs_gen2_cubecomputercontrolprogram8.c:16396:17:CubeNodePortMap_get_NodeTypeSlot2	8	static
C:/PYRASOBC-main/OBC_STDPF/espf/core/services/upython/src/core/cmodules/cubeadcs_gen2_cubecomputercontrolprogram8/upy_cubeadcs_gen2_cubecomputercontrolprogram8.c:16387:17:CubeNodePortMap_get_Port4Slot1	8	static
C:/PYRASOBC-main/OBC_STDPF/espf/core/services/upython/src/core/cmodules/cubeadcs_gen2_cubecomputercontrolprogram8/upy_cubeadcs_gen2_cubecomputercontrolprogram8.c:16378:17:CubeNodePortMap_get_Port3Slot1	8	static
C:/PYRASOBC-main/OBC_STDPF/espf/core/services/upython/src/core/cmodules/cubeadcs_gen2_cubecomputercontrolprogram8/upy_cubeadcs_gen2_cubecomputercontrolprogram8.c:16369:17:CubeNodePortMap_get_Port2Slot1	8	static
C:/PYRASOBC-main/OBC_STDPF/espf/core/services/upython/src/core/cmodules/cubeadcs_gen2_cubecomputercontrolprogram8/upy_cubeadcs_gen2_cubecomputercontrolprogram8.c:16360:17:CubeNodePortMap_get_Port1Slot1	8	static
C:/PYRASOBC-main/OBC_STDPF/espf/core/services/upython/src/core/cmodules/cubeadcs_gen2_cubecomputercontrolprogram8/upy_cubeadcs_gen2_cubecomputercontrolprogram8.c:16351:17:CubeNodePortMap_get_SerialIntSlot1	8	static
C:/PYRASOBC-main/OBC_STDPF/espf/core/services/upython/src/core/cmodules/cubeadcs_gen2_cubecomputercontrolprogram8/upy_cubeadcs_gen2_cubecomputercontrolprogram8.c:16342:17:CubeNodePortMap_get_NodeTypeSlot1	8	static
C:/PYRASOBC-main/OBC_STDPF/espf/core/services/upython/src/core/cmodules/cubeadcs_gen2_cubecomputercontrolprogram8/upy_cubeadcs_gen2_cubecomputercontrolprogram8.c:16333:17:CubeNodePortMap_get_Port4Slot0	8	static
C:/PYRASOBC-main/OBC_STDPF/espf/core/services/upython/src/core/cmodules/cubeadcs_gen2_cubecomputercontrolprogram8/upy_cubeadcs_gen2_cubecomputercontrolprogram8.c:16324:17:CubeNodePortMap_get_Port3Slot0	8	static
C:/PYRASOBC-main/OBC_STDPF/espf/core/services/upython/src/core/cmodules/cubeadcs_gen2_cubecomputercontrolprogram8/upy_cubeadcs_gen2_cubecomputercontrolprogram8.c:16315:17:CubeNodePortMap_get_Port2Slot0	8	static
C:/PYRASOBC-main/OBC_STDPF/espf/core/services/upython/src/core/cmodules/cubeadcs_gen2_cubecomputercontrolprogram8/upy_cubeadcs_gen2_cubecomputercontrolprogram8.c:16306:17:CubeNodePortMap_get_Port1Slot0	8	static
C:/PYRASOBC-main/OBC_STDPF/espf/core/services/upython/src/core/cmodules/cubeadcs_gen2_cubecomputercontrolprogram8/upy_cubeadcs_gen2_cubecomputercontrolprogram8.c:16297:17:CubeNodePortMap_get_SerialIntSlot0	8	static
C:/PYRASOBC-main/OBC_STDPF/espf/core/services/upython/src/core/cmodules/cubeadcs_gen2_cubecomputercontrolprogram8/upy_cubeadcs_gen2_cubecomputercontrolprogram8.c:16288:17:CubeNodePortMap_get_NodeTypeSlot0	8	static
C:/PYRASOBC-main/OBC_STDPF/espf/core/services/upython/src/core/cmodules/cubeadcs_gen2_cubecomputercontrolprogram8/upy_cubeadcs_gen2_cubecomputercontrolprogram8.c:16150:17:EstMode_get_EstModeBackup	8	static
C:/PYRASOBC-main/OBC_STDPF/espf/core/services/upython/src/core/cmodules/cubeadcs_gen2_cubecomputercontrolprogram8/upy_cubeadcs_gen2_cubecomputercontrolprogram8.c:16141:17:EstMode_get_EstModeMain	8	static
C:/PYRASOBC-main/OBC_STDPF/espf/core/services/upython/src/core/cmodules/cubeadcs_gen2_cubecomputercontrolprogram8/upy_cubeadcs_gen2_cubecomputercontrolprogram8.c:16018:17:TlmEstimatorBackup_get_EstModeActive	8	static
C:/PYRASOBC-main/OBC_STDPF/espf/core/services/upython/src/core/cmodules/cubeadcs_gen2_cubecomputercontrolprogram8/upy_cubeadcs_gen2_cubecomputercontrolprogram8.c:15757:17:TlmEstimatorBackup_get_TimeNs	8	static
C:/PYRASOBC-main/OBC_STDPF/espf/core/services/upython/src/core/cmodules/cubeadcs_gen2_cubecomputercontrolprogram8/upy_cubeadcs_gen2_cubecomputercontrolprogram8.c:15748:17:TlmEstimatorBackup_get_TimeSeconds	8	static
C:/PYRASOBC-main/OBC_STDPF/espf/core/services/upython/src/core/cmodules/cubeadcs_gen2_cubecomputercontrolprogram8/upy_cubeadcs_gen2_cubecomputercontrolprogram8.c:15567:17:TlmEstimatorMain_get_EstModeActive	8	static
C:/PYRASOBC-main/OBC_STDPF/espf/core/services/upython/src/core/cmodules/cubeadcs_gen2_cubecomputercontrolprogram8/upy_cubeadcs_gen2_cubecomputercontrolprogram8.c:15306:17:TlmEstimatorMain_get_TimeNs	8	static
C:/PYRASOBC-main/OBC_STDPF/espf/core/services/upython/src/core/cmodules/cubeadcs_gen2_cubecomputercontrolprogram8/upy_cubeadcs_gen2_cubecomputercontrolprogram8.c:15297:17:TlmEstimatorMain_get_TimeSeconds	8	static
C:/PYRASOBC-main/OBC_STDPF/espf/core/services/upython/src/core/cmodules/cubeadcs_gen2_cubecomputercontrolprogram8/upy_cubeadcs_gen2_cubecomputercontrolprogram8.c:15146:17:AdcsOpState_get_OpState	8	static
C:/PYRASOBC-main/OBC_STDPF/espf/core/services/upython/src/core/cmodules/cubeadcs_gen2_cubecomputercontrolprogram8/upy_cubeadcs_gen2_cubecomputercontrolprogram8.c:15041:17:TlmAcpExecution_get_HilSyncOk	8	static
C:/PYRASOBC-main/OBC_STDPF/espf/core/services/upython/src/core/cmodules/cubeadcs_gen2_cubecomputercontrolprogram8/upy_cubeadcs_gen2_cubecomputercontrolprogram8.c:15032:17:TlmAcpExecution_get_LoopHasStarted	8	static
C:/PYRASOBC-main/OBC_STDPF/espf/core/services/upython/src/core/cmodules/cubeadcs_gen2_cubecomputercontrolprogram8/upy_cubeadcs_gen2_cubecomputercontrolprogram8.c:15023:17:TlmAcpExecution_get_LoopRtcOffset	8	static
C:/PYRASOBC-main/OBC_STDPF/espf/core/services/upython/src/core/cmodules/cubeadcs_gen2_cubecomputercontrolprogram8/upy_cubeadcs_gen2_cubecomputercontrolprogram8.c:15014:17:TlmAcpExecution_get_ExecTimeTlmLog	8	static
C:/PYRASOBC-main/OBC_STDPF/espf/core/services/upython/src/core/cmodules/cubeadcs_gen2_cubecomputercontrolprogram8/upy_cubeadcs_gen2_cubecomputercontrolprogram8.c:15005:17:TlmAcpExecution_get_ExecTimeHealth	8	static
C:/PYRASOBC-main/OBC_STDPF/espf/core/services/upython/src/core/cmodules/cubeadcs_gen2_cubecomputercontrolprogram8/upy_cubeadcs_gen2_cubecomputercontrolprogram8.c:14996:17:TlmAcpExecution_get_ExecTimeLoopSync	8	static
C:/PYRASOBC-main/OBC_STDPF/espf/core/services/upython/src/core/cmodules/cubeadcs_gen2_cubecomputercontrolprogram8/upy_cubeadcs_gen2_cubecomputercontrolprogram8.c:14987:17:TlmAcpExecution_get_ExecTimeModels	8	static
C:/PYRASOBC-main/OBC_STDPF/espf/core/services/upython/src/core/cmodules/cubeadcs_gen2_cubecomputercontrolprogram8/upy_cubeadcs_gen2_cubecomputercontrolprogram8.c:14978:17:TlmAcpExecution_get_ExecTimeWheelComms	8	static
C:/PYRASOBC-main/OBC_STDPF/espf/core/services/upython/src/core/cmodules/cubeadcs_gen2_cubecomputercontrolprogram8/upy_cubeadcs_gen2_cubecomputercontrolprogram8.c:14969:17:TlmAcpExecution_get_ExecTimeControllers	8	static
C:/PYRASOBC-main/OBC_STDPF/espf/core/services/upython/src/core/cmodules/cubeadcs_gen2_cubecomputercontrolprogram8/upy_cubeadcs_gen2_cubecomputercontrolprogram8.c:14960:17:TlmAcpExecution_get_ExecTimeEstimators	8	static
C:/PYRASOBC-main/OBC_STDPF/espf/core/services/upython/src/core/cmodules/cubeadcs_gen2_cubecomputercontrolprogram8/upy_cubeadcs_gen2_cubecomputercontrolprogram8.c:14951:17:TlmAcpExecution_get_ExecTimeSensorCal	8	static
C:/PYRASOBC-main/OBC_STDPF/espf/core/services/upython/src/core/cmodules/cubeadcs_gen2_cubecomputercontrolprogram8/upy_cubeadcs_gen2_cubecomputercontrolprogram8.c:14942:17:TlmAcpExecution_get_ExecTimeSensorComms	8	static
C:/PYRASOBC-main/OBC_STDPF/espf/core/services/upython/src/core/cmodules/cubeadcs_gen2_cubecomputercontrolprogram8/upy_cubeadcs_gen2_cubecomputercontrolprogram8.c:14933:17:TlmAcpExecution_get_ExecTimeNodeSync	8	static
C:/PYRASOBC-main/OBC_STDPF/espf/core/services/upython/src/core/cmodules/cubeadcs_gen2_cubecomputercontrolprogram8/upy_cubeadcs_gen2_cubecomputercontrolprogram8.c:14924:17:TlmAcpExecution_get_CurrentExecutionPoint	8	static
C:/PYRASOBC-main/OBC_STDPF/espf/core/services/upython/src/core/cmodules/cubeadcs_gen2_cubecomputercontrolprogram8/upy_cubeadcs_gen2_cubecomputercontrolprogram8.c:14915:17:TlmAcpExecution_get_TimeSinceLoopStart	8	static
C:/PYRASOBC-main/OBC_STDPF/espf/core/services/upython/src/core/cmodules/cubeadcs_gen2_cubecomputercontrolprogram8/upy_cubeadcs_gen2_cubecomputercontrolprogram8.c:14796:17:TlmExecutionPoint_get_CurrentExecutionPoint	8	static
C:/PYRASOBC-main/OBC_STDPF/espf/core/services/upython/src/core/cmodules/cubeadcs_gen2_cubecomputercontrolprogram8/upy_cubeadcs_gen2_cubecomputercontrolprogram8.c:14660:17:TlmStrAurigaHealth_get_Str1TRKLossCnt	8	static
C:/PYRASOBC-main/OBC_STDPF/espf/core/services/upython/src/core/cmodules/cubeadcs_gen2_cubecomputercontrolprogram8/upy_cubeadcs_gen2_cubecomputercontrolprogram8.c:14651:17:TlmStrAurigaHealth_get_Str1LastErrorId	8	static
C:/PYRASOBC-main/OBC_STDPF/espf/core/services/upython/src/core/cmodules/cubeadcs_gen2_cubecomputercontrolprogram8/upy_cubeadcs_gen2_cubecomputercontrolprogram8.c:14642:17:TlmStrAurigaHealth_get_Str1LastErrorParam	8	static
C:/PYRASOBC-main/OBC_STDPF/espf/core/services/upython/src/core/cmodules/cubeadcs_gen2_cubecomputercontrolprogram8/upy_cubeadcs_gen2_cubecomputercontrolprogram8.c:14633:17:TlmStrAurigaHealth_get_Str1ErrorInfo	8	static
C:/PYRASOBC-main/OBC_STDPF/espf/core/services/upython/src/core/cmodules/cubeadcs_gen2_cubecomputercontrolprogram8/upy_cubeadcs_gen2_cubecomputercontrolprogram8.c:14624:17:TlmStrAurigaHealth_get_Str1TCCnt	8	static
C:/PYRASOBC-main/OBC_STDPF/espf/core/services/upython/src/core/cmodules/cubeadcs_gen2_cubecomputercontrolprogram8/upy_cubeadcs_gen2_cubecomputercontrolprogram8.c:14615:17:TlmStrAurigaHealth_get_Str1LastTCSeqNum	8	static
C:/PYRASOBC-main/OBC_STDPF/espf/core/services/upython/src/core/cmodules/cubeadcs_gen2_cubecomputercontrolprogram8/upy_cubeadcs_gen2_cubecomputercontrolprogram8.c:14606:17:TlmStrAurigaHealth_get_Str1ResetCnt	8	static
C:/PYRASOBC-main/OBC_STDPF/espf/core/services/upython/src/core/cmodules/cubeadcs_gen2_cubecomputercontrolprogram8/upy_cubeadcs_gen2_cubecomputercontrolprogram8.c:14597:17:TlmStrAurigaHealth_get_Str1BlocksValidity	8	static
C:/PYRASOBC-main/OBC_STDPF/espf/core/services/upython/src/core/cmodules/cubeadcs_gen2_cubecomputercontrolprogram8/upy_cubeadcs_gen2_cubecomputercontrolprogram8.c:14588:17:TlmStrAurigaHealth_get_Str1OH2Temp	8	static
C:/PYRASOBC-main/OBC_STDPF/espf/core/services/upython/src/core/cmodules/cubeadcs_gen2_cubecomputercontrolprogram8/upy_cubeadcs_gen2_cubecomputercontrolprogram8.c:14579:17:TlmStrAurigaHealth_get_Str1OH1Temp	8	static
C:/PYRASOBC-main/OBC_STDPF/espf/core/services/upython/src/core/cmodules/cubeadcs_gen2_cubecomputercontrolprogram8/upy_cubeadcs_gen2_cubecomputercontrolprogram8.c:14570:17:TlmStrAurigaHealth_get_Str1STRMode	8	static
C:/PYRASOBC-main/OBC_STDPF/espf/core/services/upython/src/core/cmodules/cubeadcs_gen2_cubecomputercontrolprogram8/upy_cubeadcs_gen2_cubecomputercontrolprogram8.c:14561:17:TlmStrAurigaHealth_get_Str1AcqSynthFlags	8	static
C:/PYRASOBC-main/OBC_STDPF/espf/core/services/upython/src/core/cmodules/cubeadcs_gen2_cubecomputercontrolprogram8/upy_cubeadcs_gen2_cubecomputercontrolprogram8.c:14552:17:TlmStrAurigaHealth_get_Str1ProcessIdleTiming	8	static
C:/PYRASOBC-main/OBC_STDPF/espf/core/services/upython/src/core/cmodules/cubeadcs_gen2_cubecomputercontrolprogram8/upy_cubeadcs_gen2_cubecomputercontrolprogram8.c:14543:17:TlmStrAurigaHealth_get_Str1Fpga2Voltage	8	static
C:/PYRASOBC-main/OBC_STDPF/espf/core/services/upython/src/core/cmodules/cubeadcs_gen2_cubecomputercontrolprogram8/upy_cubeadcs_gen2_cubecomputercontrolprogram8.c:14534:17:TlmStrAurigaHealth_get_Str1Fpga1Voltage	8	static
C:/PYRASOBC-main/OBC_STDPF/espf/core/services/upython/src/core/cmodules/cubeadcs_gen2_cubecomputercontrolprogram8/upy_cubeadcs_gen2_cubecomputercontrolprogram8.c:14471:17:TlmStrAurigaHealth_get_Str1McuTemp	8	static
C:/PYRASOBC-main/OBC_STDPF/espf/core/services/upython/src/core/cmodules/cubeadcs_gen2_cubecomputercontrolprogram8/upy_cubeadcs_gen2_cubecomputercontrolprogram8.c:14462:17:TlmStrAurigaHealth_get_Str1McuVoltage	8	static
C:/PYRASOBC-main/OBC_STDPF/espf/core/services/upython/src/core/cmodules/cubeadcs_gen2_cubecomputercontrolprogram8/upy_cubeadcs_gen2_cubecomputercontrolprogram8.c:14453:17:TlmStrAurigaHealth_get_Str0TRKLossCnt	8	static
C:/PYRASOBC-main/OBC_STDPF/espf/core/services/upython/src/core/cmodules/cubeadcs_gen2_cubecomputercontrolprogram8/upy_cubeadcs_gen2_cubecomputercontrolprogram8.c:14444:17:TlmStrAurigaHealth_get_Str0LastErrorId	8	static
C:/PYRASOBC-main/OBC_STDPF/espf/core/services/upython/src/core/cmodules/cubeadcs_gen2_cubecomputercontrolprogram8/upy_cubeadcs_gen2_cubecomputercontrolprogram8.c:14435:17:TlmStrAurigaHealth_get_Str0LastErrorParam	8	static
C:/PYRASOBC-main/OBC_STDPF/espf/core/services/upython/src/core/cmodules/cubeadcs_gen2_cubecomputercontrolprogram8/upy_cubeadcs_gen2_cubecomputercontrolprogram8.c:14426:17:TlmStrAurigaHealth_get_Str0ErrorInfo	8	static
C:/PYRASOBC-main/OBC_STDPF/espf/core/services/upython/src/core/cmodules/cubeadcs_gen2_cubecomputercontrolprogram8/upy_cubeadcs_gen2_cubecomputercontrolprogram8.c:14417:17:TlmStrAurigaHealth_get_Str0TCCnt	8	static
C:/PYRASOBC-main/OBC_STDPF/espf/core/services/upython/src/core/cmodules/cubeadcs_gen2_cubecomputercontrolprogram8/upy_cubeadcs_gen2_cubecomputercontrolprogram8.c:14408:17:TlmStrAurigaHealth_get_Str0LastTCSeqNum	8	static
C:/PYRASOBC-main/OBC_STDPF/espf/core/services/upython/src/core/cmodules/cubeadcs_gen2_cubecomputercontrolprogram8/upy_cubeadcs_gen2_cubecomputercontrolprogram8.c:14399:17:TlmStrAurigaHealth_get_Str0ResetCnt	8	static
C:/PYRASOBC-main/OBC_STDPF/espf/core/services/upython/src/core/cmodules/cubeadcs_gen2_cubecomputercontrolprogram8/upy_cubeadcs_gen2_cubecomputercontrolprogram8.c:14390:17:TlmStrAurigaHealth_get_Str0BlocksValidity	8	static
C:/PYRASOBC-main/OBC_STDPF/espf/core/services/upython/src/core/cmodules/cubeadcs_gen2_cubecomputercontrolprogram8/upy_cubeadcs_gen2_cubecomputercontrolprogram8.c:14381:17:TlmStrAurigaHealth_get_Str0OH2Temp	8	static
C:/PYRASOBC-main/OBC_STDPF/espf/core/services/upython/src/core/cmodules/cubeadcs_gen2_cubecomputercontrolprogram8/upy_cubeadcs_gen2_cubecomputercontrolprogram8.c:14372:17:TlmStrAurigaHealth_get_Str0OH1Temp	8	static
C:/PYRASOBC-main/OBC_STDPF/espf/core/services/upython/src/core/cmodules/cubeadcs_gen2_cubecomputercontrolprogram8/upy_cubeadcs_gen2_cubecomputercontrolprogram8.c:14363:17:TlmStrAurigaHealth_get_Str0STRMode	8	static
C:/PYRASOBC-main/OBC_STDPF/espf/core/services/upython/src/core/cmodules/cubeadcs_gen2_cubecomputercontrolprogram8/upy_cubeadcs_gen2_cubecomputercontrolprogram8.c:14354:17:TlmStrAurigaHealth_get_Str0AcqSynthFlags	8	static
C:/PYRASOBC-main/OBC_STDPF/espf/core/services/upython/src/core/cmodules/cubeadcs_gen2_cubecomputercontrolprogram8/upy_cubeadcs_gen2_cubecomputercontrolprogram8.c:14345:17:TlmStrAurigaHealth_get_Str0ProcessIdleTiming	8	static
C:/PYRASOBC-main/OBC_STDPF/espf/core/services/upython/src/core/cmodules/cubeadcs_gen2_cubecomputercontrolprogram8/upy_cubeadcs_gen2_cubecomputercontrolprogram8.c:14336:17:TlmStrAurigaHealth_get_Str0Fpga2Voltage	8	static
C:/PYRASOBC-main/OBC_STDPF/espf/core/services/upython/src/core/cmodules/cubeadcs_gen2_cubecomputercontrolprogram8/upy_cubeadcs_gen2_cubecomputercontrolprogram8.c:14327:17:TlmStrAurigaHealth_get_Str0Fpga1Voltage	8	static
C:/PYRASOBC-main/OBC_STDPF/espf/core/services/upython/src/core/cmodules/cubeadcs_gen2_cubecomputercontrolprogram8/upy_cubeadcs_gen2_cubecomputercontrolprogram8.c:14264:17:TlmStrAurigaHealth_get_Str0McuTemp	8	static
C:/PYRASOBC-main/OBC_STDPF/espf/core/services/upython/src/core/cmodules/cubeadcs_gen2_cubecomputercontrolprogram8/upy_cubeadcs_gen2_cubecomputercontrolprogram8.c:14255:17:TlmStrAurigaHealth_get_Str0McuVoltage	8	static
C:/PYRASOBC-main/OBC_STDPF/espf/core/services/upython/src/core/cmodules/cubeadcs_gen2_cubecomputercontrolprogram8/upy_cubeadcs_gen2_cubecomputercontrolprogram8.c:14071:17:ReferenceFmcParam_get_CmdFmcUnixNs	8	static
C:/PYRASOBC-main/OBC_STDPF/espf/core/services/upython/src/core/cmodules/cubeadcs_gen2_cubecomputercontrolprogram8/upy_cubeadcs_gen2_cubecomputercontrolprogram8.c:14062:17:ReferenceFmcParam_get_CmdFmcUnixSeconds	8	static
C:/PYRASOBC-main/OBC_STDPF/espf/core/services/upython/src/core/cmodules/cubeadcs_gen2_cubecomputercontrolprogram8/upy_cubeadcs_gen2_cubecomputercontrolprogram8.c:14044:17:ReferenceFmcParam_get_CmdFmcFactor	8	static
C:/PYRASOBC-main/OBC_STDPF/espf/core/services/upython/src/core/cmodules/cubeadcs_gen2_cubecomputercontrolprogram8/upy_cubeadcs_gen2_cubecomputercontrolprogram8.c:13914:17:TlmModels_get_NavSource	8	static
C:/PYRASOBC-main/OBC_STDPF/espf/core/services/upython/src/core/cmodules/cubeadcs_gen2_cubecomputercontrolprogram8/upy_cubeadcs_gen2_cubecomputercontrolprogram8.c:13905:17:TlmModels_get_Eclipse	8	static
C:/PYRASOBC-main/OBC_STDPF/espf/core/services/upython/src/core/cmodules/cubeadcs_gen2_cubecomputercontrolprogram8/upy_cubeadcs_gen2_cubecomputercontrolprogram8.c:13896:17:TlmModels_get_Asgp4Error	8	static
C:/PYRASOBC-main/OBC_STDPF/espf/core/services/upython/src/core/cmodules/cubeadcs_gen2_cubecomputercontrolprogram8/upy_cubeadcs_gen2_cubecomputercontrolprogram8.c:13887:17:TlmModels_get_OrbModeActive	8	static
C:/PYRASOBC-main/OBC_STDPF/espf/core/services/upython/src/core/cmodules/cubeadcs_gen2_cubecomputercontrolprogram8/upy_cubeadcs_gen2_cubecomputercontrolprogram8.c:13878:17:TlmModels_get_Asgp4PosDelta	8	static
C:/PYRASOBC-main/OBC_STDPF/espf/core/services/upython/src/core/cmodules/cubeadcs_gen2_cubecomputercontrolprogram8/upy_cubeadcs_gen2_cubecomputercontrolprogram8.c:13869:17:TlmModels_get_Asgp4BatchCtr	8	static
C:/PYRASOBC-main/OBC_STDPF/espf/core/services/upython/src/core/cmodules/cubeadcs_gen2_cubecomputercontrolprogram8/upy_cubeadcs_gen2_cubecomputercontrolprogram8.c:13860:17:TlmModels_get_Sat2TgtGndOrcZ	8	static
C:/PYRASOBC-main/OBC_STDPF/espf/core/services/upython/src/core/cmodules/cubeadcs_gen2_cubecomputercontrolprogram8/upy_cubeadcs_gen2_cubecomputercontrolprogram8.c:13851:17:TlmModels_get_Sat2TgtGndOrcY	8	static
C:/PYRASOBC-main/OBC_STDPF/espf/core/services/upython/src/core/cmodules/cubeadcs_gen2_cubecomputercontrolprogram8/upy_cubeadcs_gen2_cubecomputercontrolprogram8.c:13842:17:TlmModels_get_Sat2TgtGndOrcX	8	static
C:/PYRASOBC-main/OBC_STDPF/espf/core/services/upython/src/core/cmodules/cubeadcs_gen2_cubecomputercontrolprogram8/upy_cubeadcs_gen2_cubecomputercontrolprogram8.c:13743:17:TlmModels_get_TgtPosEciZ	8	static
C:/PYRASOBC-main/OBC_STDPF/espf/core/services/upython/src/core/cmodules/cubeadcs_gen2_cubecomputercontrolprogram8/upy_cubeadcs_gen2_cubecomputercontrolprogram8.c:13734:17:TlmModels_get_TgtPosEciY	8	static
C:/PYRASOBC-main/OBC_STDPF/espf/core/services/upython/src/core/cmodules/cubeadcs_gen2_cubecomputercontrolprogram8/upy_cubeadcs_gen2_cubecomputercontrolprogram8.c:13725:17:TlmModels_get_TgtPosEciX	8	static
C:/PYRASOBC-main/OBC_STDPF/espf/core/services/upython/src/core/cmodules/cubeadcs_gen2_cubecomputercontrolprogram8/upy_cubeadcs_gen2_cubecomputercontrolprogram8.c:13680:17:TlmModels_get_SatVelEciZ	8	static
C:/PYRASOBC-main/OBC_STDPF/espf/core/services/upython/src/core/cmodules/cubeadcs_gen2_cubecomputercontrolprogram8/upy_cubeadcs_gen2_cubecomputercontrolprogram8.c:13671:17:TlmModels_get_SatVelEciY	8	static
C:/PYRASOBC-main/OBC_STDPF/espf/core/services/upython/src/core/cmodules/cubeadcs_gen2_cubecomputercontrolprogram8/upy_cubeadcs_gen2_cubecomputercontrolprogram8.c:13662:17:TlmModels_get_SatVelEciX	8	static
C:/PYRASOBC-main/OBC_STDPF/espf/core/services/upython/src/core/cmodules/cubeadcs_gen2_cubecomputercontrolprogram8/upy_cubeadcs_gen2_cubecomputercontrolprogram8.c:13653:17:TlmModels_get_SatPosEciZ	8	static
C:/PYRASOBC-main/OBC_STDPF/espf/core/services/upython/src/core/cmodules/cubeadcs_gen2_cubecomputercontrolprogram8/upy_cubeadcs_gen2_cubecomputercontrolprogram8.c:13644:17:TlmModels_get_SatPosEciY	8	static
C:/PYRASOBC-main/OBC_STDPF/espf/core/services/upython/src/core/cmodules/cubeadcs_gen2_cubecomputercontrolprogram8/upy_cubeadcs_gen2_cubecomputercontrolprogram8.c:13635:17:TlmModels_get_SatPosEciX	8	static
C:/PYRASOBC-main/OBC_STDPF/espf/core/services/upython/src/core/cmodules/cubeadcs_gen2_cubecomputercontrolprogram8/upy_cubeadcs_gen2_cubecomputercontrolprogram8.c:13626:17:TlmModels_get_TimeNs	8	static
C:/PYRASOBC-main/OBC_STDPF/espf/core/services/upython/src/core/cmodules/cubeadcs_gen2_cubecomputercontrolprogram8/upy_cubeadcs_gen2_cubecomputercontrolprogram8.c:13617:17:TlmModels_get_TimeSeconds	8	static
C:/PYRASOBC-main/OBC_STDPF/espf/core/services/upython/src/core/cmodules/cubeadcs_gen2_cubecomputercontrolprogram8/upy_cubeadcs_gen2_cubecomputercontrolprogram8.c:13460:17:OrbMode_get_OrbitMode	8	static
C:/PYRASOBC-main/OBC_STDPF/espf/core/services/upython/src/core/cmodules/cubeadcs_gen2_cubecomputercontrolprogram8/upy_cubeadcs_gen2_cubecomputercontrolprogram8.c:13304:17:TlmStrCubeAurigaRaw_get_Str1DataValid	8	static
C:/PYRASOBC-main/OBC_STDPF/espf/core/services/upython/src/core/cmodules/cubeadcs_gen2_cubecomputercontrolprogram8/upy_cubeadcs_gen2_cubecomputercontrolprogram8.c:13295:17:TlmStrCubeAurigaRaw_get_Str1OH2State	8	static
C:/PYRASOBC-main/OBC_STDPF/espf/core/services/upython/src/core/cmodules/cubeadcs_gen2_cubecomputercontrolprogram8/upy_cubeadcs_gen2_cubecomputercontrolprogram8.c:13286:17:TlmStrCubeAurigaRaw_get_Str1OH1State	8	static
C:/PYRASOBC-main/OBC_STDPF/espf/core/services/upython/src/core/cmodules/cubeadcs_gen2_cubecomputercontrolprogram8/upy_cubeadcs_gen2_cubecomputercontrolprogram8.c:13277:17:TlmStrCubeAurigaRaw_get_Str1SyntDesOH2	8	static
[...]
C:/PYRASOBC-main/OBC_STDPF/espf/core/services/upython/src/core/cmodules/cubeadcs_gen2_cubecomputercontrolprogram8/upy_cubeadcs_gen2_cubecomputercontrolprogram8.c:31307:17:req_getTlmLitefuforsHealth	16	static
C:/PYRASOBC-main/OBC_STDPF/espf/core/services/upython/src/core/cmodules/cubeadcs_gen2_cubecomputercontrolprogram8/upy_cubeadcs_gen2_cubecomputercontrolprogram8.c:31274:17:resp_getTlmNodeInitState_get_returnVal	8	static
C:/PYRASOBC-main/OBC_STDPF/espf/core/services/upython/src/core/cmodules/cubeadcs_gen2_cubecomputercontrolprogram8/upy_cubeadcs_gen2_cubecomputercontrolprogram8.c:31191:17:req_getTlmNodeInitState	16	static
C:/PYRASOBC-main/OBC_STDPF/espf/core/services/upython/src/core/cmodules/cubeadcs_gen2_cubecomputercontrolprogram8/upy_cubeadcs_gen2_cubecomputercontrolprogram8.c:31158:17:resp_getTlmAsgp4_get_returnVal	8	static
C:/PYRASOBC-main/OBC_STDPF/espf/core/services/upython/src/core/cmodules/cubeadcs_gen2_cubecomputercontrolprogram8/upy_cubeadcs_gen2_cubecomputercontrolprogram8.c:31075:17:req_getTlmAsgp4	16	static
C:/PYRASOBC-main/OBC_STDPF/espf/core/services/upython/src/core/cmodules/cubeadcs_gen2_cubecomputercontrolprogram8/upy_cubeadcs_gen2_cubecomputercontrolprogram8.c:31042:17:resp_getTlmExecutionPoint_get_returnVal	8	static
C:/PYRASOBC-main/OBC_STDPF/espf/core/services/upython/src/core/cmodules/cubeadcs_gen2_cubecomputercontrolprogram8/upy_cubeadcs_gen2_cubecomputercontrolprogram8.c:30959:17:req_getTlmExecutionPoint	16	static
C:/PYRASOBC-main/OBC_STDPF/espf/core/services/upython/src/core/cmodules/cubeadcs_gen2_cubecomputercontrolprogram8/upy_cubeadcs_gen2_cubecomputercontrolprogram8.c:30926:17:resp_getTlmHil_get_returnVal	8	static
C:/PYRASOBC-main/OBC_STDPF/espf/core/services/upython/src/core/cmodules/cubeadcs_gen2_cubecomputercontrolprogram8/upy_cubeadcs_gen2_cubecomputercontrolprogram8.c:30843:17:req_getTlmHil	16	static
C:/PYRASOBC-main/OBC_STDPF/espf/core/services/upython/src/core/cmodules/cubeadcs_gen2_cubecomputercontrolprogram8/upy_cubeadcs_gen2_cubecomputercontrolprogram8.c:30810:17:resp_getCubeNodePortMap_get_returnVal	8	static
C:/PYRASOBC-main/OBC_STDPF/espf/core/services/upython/src/core/cmodules/cubeadcs_gen2_cubecomputercontrolprogram8/upy_cubeadcs_gen2_cubecomputercontrolprogram8.c:30727:17:req_getCubeNodePortMap	16	static
C:/PYRASOBC-main/OBC_STDPF/espf/core/services/upython/src/core/cmodules/cubeadcs_gen2_cubecomputercontrolprogram8/upy_cubeadcs_gen2_cubecomputercontrolprogram8.c:30694:17:resp_getReferenceFmcParam_get_returnVal	8	static
C:/PYRASOBC-main/OBC_STDPF/espf/core/services/upython/src/core/cmodules/cubeadcs_gen2_cubecomputercontrolprogram8/upy_cubeadcs_gen2_cubecomputercontrolprogram8.c:30611:17:req_getReferenceFmcParam	16	static
C:/PYRASOBC-main/OBC_STDPF/espf/core/services/upython/src/core/cmodules/cubeadcs_gen2_cubecomputercontrolprogram8/upy_cubeadcs_gen2_cubecomputercontrolprogram8.c:30578:17:resp_getReferenceIrcVector_get_returnVal	8	static
C:/PYRASOBC-main/OBC_STDPF/espf/core/services/upython/src/core/cmodules/cubeadcs_gen2_cubecomputercontrolprogram8/upy_cubeadcs_gen2_cubecomputercontrolprogram8.c:30495:17:req_getReferenceIrcVector	16	static
C:/PYRASOBC-main/OBC_STDPF/espf/core/services/upython/src/core/cmodules/cubeadcs_gen2_cubecomputercontrolprogram8/upy_cubeadcs_gen2_cubecomputercontrolprogram8.c:30462:17:resp_getReferenceTarget_get_returnVal	8	static
C:/PYRASOBC-main/OBC_STDPF/espf/core/services/upython/src/core/cmodules/cubeadcs_gen2_cubecomputercontrolprogram8/upy_cubeadcs_gen2_cubecomputercontrolprogram8.c:30379:17:req_getReferenceTarget	16	static
C:/PYRASOBC-main/OBC_STDPF/espf/core/services/upython/src/core/cmodules/cubeadcs_gen2_cubecomputercontrolprogram8/upy_cubeadcs_gen2_cubecomputercontrolprogram8.c:30346:17:resp_getReferenceRpy_get_returnVal	8	static
C:/PYRASOBC-main/OBC_STDPF/espf/core/services/upython/src/core/cmodules/cubeadcs_gen2_cubecomputercontrolprogram8/upy_cubeadcs_gen2_cubecomputercontrolprogram8.c:30263:17:req_getReferenceRpy	16	static
C:/PYRASOBC-main/OBC_STDPF/espf/core/services/upython/src/core/cmodules/cubeadcs_gen2_cubecomputercontrolprogram8/upy_cubeadcs_gen2_cubecomputercontrolprogram8.c:30230:17:resp_getOpenLoopCommandHxyzRW_get_returnVal	8	static
C:/PYRASOBC-main/OBC_STDPF/espf/core/services/upython/src/core/cmodules/cubeadcs_gen2_cubecomputercontrolprogram8/upy_cubeadcs_gen2_cubecomputercontrolprogram8.c:30147:17:req_getOpenLoopCommandHxyzRW	16	static
C:/PYRASOBC-main/OBC_STDPF/espf/core/services/upython/src/core/cmodules/cubeadcs_gen2_cubecomputercontrolprogram8/upy_cubeadcs_gen2_cubecomputercontrolprogram8.c:30114:17:resp_getOpenLoopCommandRwl_get_returnVal	8	static
C:/PYRASOBC-main/OBC_STDPF/espf/core/services/upython/src/core/cmodules/cubeadcs_gen2_cubecomputercontrolprogram8/upy_cubeadcs_gen2_cubecomputercontrolprogram8.c:30031:17:req_getOpenLoopCommandRwl	16	static
C:/PYRASOBC-main/OBC_STDPF/espf/core/services/upython/src/core/cmodules/cubeadcs_gen2_cubecomputercontrolprogram8/upy_cubeadcs_gen2_cubecomputercontrolprogram8.c:29998:17:resp_getOpenLoopCommandMtq_get_returnVal	8	static
C:/PYRASOBC-main/OBC_STDPF/espf/core/services/upython/src/core/cmodules/cubeadcs_gen2_cubecomputercontrolprogram8/upy_cubeadcs_gen2_cubecomputercontrolprogram8.c:29915:17:req_getOpenLoopCommandMtq	16	static
C:/PYRASOBC-main/OBC_STDPF/espf/core/services/upython/src/core/cmodules/cubeadcs_gen2_cubecomputercontrolprogram8/upy_cubeadcs_gen2_cubecomputercontrolprogram8.c:29882:17:resp_getSimSensorRaw_get_returnVal	8	static
C:/PYRASOBC-main/OBC_STDPF/espf/core/services/upython/src/core/cmodules/cubeadcs_gen2_cubecomputercontrolprogram8/upy_cubeadcs_gen2_cubecomputercontrolprogram8.c:29799:17:req_getSimSensorRaw	16	static
C:/PYRASOBC-main/OBC_STDPF/espf/core/services/upython/src/core/cmodules/cubeadcs_gen2_cubecomputercontrolprogram8/upy_cubeadcs_gen2_cubecomputercontrolprogram8.c:29766:17:resp_getAdcsOpState_get_returnVal	8	static
C:/PYRASOBC-main/OBC_STDPF/espf/core/services/upython/src/core/cmodules/cubeadcs_gen2_cubecomputercontrolprogram8/upy_cubeadcs_gen2_cubecomputercontrolprogram8.c:29683:17:req_getAdcsOpState	16	static
C:/PYRASOBC-main/OBC_STDPF/espf/core/services/upython/src/core/cmodules/cubeadcs_gen2_cubecomputercontrolprogram8/upy_cubeadcs_gen2_cubecomputercontrolprogram8.c:29650:17:resp_getAdcsRunMode_get_returnVal	8	static
C:/PYRASOBC-main/OBC_STDPF/espf/core/services/upython/src/core/cmodules/cubeadcs_gen2_cubecomputercontrolprogram8/upy_cubeadcs_gen2_cubecomputercontrolprogram8.c:29567:17:req_getAdcsRunMode	16	static
C:/PYRASOBC-main/OBC_STDPF/espf/core/services/upython/src/core/cmodules/cubeadcs_gen2_cubecomputercontrolprogram8/upy_cubeadcs_gen2_cubecomputercontrolprogram8.c:29534:17:resp_getOrbMode_get_returnVal	8	static
C:/PYRASOBC-main/OBC_STDPF/espf/core/services/upython/src/core/cmodules/cubeadcs_gen2_cubecomputercontrolprogram8/upy_cubeadcs_gen2_cubecomputercontrolprogram8.c:29451:17:req_getOrbMode	16	static
C:/PYRASOBC-main/OBC_STDPF/espf/core/services/upython/src/core/cmodules/cubeadcs_gen2_cubecomputercontrolprogram8/upy_cubeadcs_gen2_cubecomputercontrolprogram8.c:29418:17:resp_getEstMode_get_returnVal	8	static
C:/PYRASOBC-main/OBC_STDPF/espf/core/services/upython/src/core/cmodules/cubeadcs_gen2_cubecomputercontrolprogram8/upy_cubeadcs_gen2_cubecomputercontrolprogram8.c:29335:17:req_getEstMode	16	static
C:/PYRASOBC-main/OBC_STDPF/espf/core/services/upython/src/core/cmodules/cubeadcs_gen2_cubecomputercontrolprogram8/upy_cubeadcs_gen2_cubecomputercontrolprogram8.c:29302:17:resp_getConMode_get_returnVal	8	static
C:/PYRASOBC-main/OBC_STDPF/espf/core/services/upython/src/core/cmodules/cubeadcs_gen2_cubecomputercontrolprogram8/upy_cubeadcs_gen2_cubecomputercontrolprogram8.c:29219:17:req_getConMode	16	static
C:/PYRASOBC-main/OBC_STDPF/espf/core/services/upython/src/core/cmodules/cubeadcs_gen2_cubecomputercontrolprogram8/upy_cubeadcs_gen2_cubecomputercontrolprogram8.c:29186:17:resp_getConfigAsgp4_get_returnVal	8	static
C:/PYRASOBC-main/OBC_STDPF/espf/core/services/upython/src/core/cmodules/cubeadcs_gen2_cubecomputercontrolprogram8/upy_cubeadcs_gen2_cubecomputercontrolprogram8.c:29103:17:req_getConfigAsgp4	16	static
C:/PYRASOBC-main/OBC_STDPF/espf/core/services/upython/src/core/cmodules/cubeadcs_gen2_cubecomputercontrolprogram8/upy_cubeadcs_gen2_cubecomputercontrolprogram8.c:29070:17:resp_getConfigMagSensingElement_get_returnVal	8	static
C:/PYRASOBC-main/OBC_STDPF/espf/core/services/upython/src/core/cmodules/cubeadcs_gen2_cubecomputercontrolprogram8/upy_cubeadcs_gen2_cubecomputercontrolprogram8.c:28987:17:req_getConfigMagSensingElement	16	static
C:/PYRASOBC-main/OBC_STDPF/espf/core/services/upython/src/core/cmodules/cubeadcs_gen2_cubecomputercontrolprogram8/upy_cubeadcs_gen2_cubecomputercontrolprogram8.c:28954:17:resp_getConfigActuatorMtq_get_returnVal	8	static
C:/PYRASOBC-main/OBC_STDPF/espf/core/services/upython/src/core/cmodules/cubeadcs_gen2_cubecomputercontrolprogram8/upy_cubeadcs_gen2_cubecomputercontrolprogram8.c:28871:17:req_getConfigActuatorMtq	16	static
C:/PYRASOBC-main/OBC_STDPF/espf/core/services/upython/src/core/cmodules/cubeadcs_gen2_cubecomputercontrolprogram8/upy_cubeadcs_gen2_cubecomputercontrolprogram8.c:28838:17:resp_getConfigActuatorRwl_get_returnVal	8	static
C:/PYRASOBC-main/OBC_STDPF/espf/core/services/upython/src/core/cmodules/cubeadcs_gen2_cubecomputercontrolprogram8/upy_cubeadcs_gen2_cubecomputercontrolprogram8.c:28755:17:req_getConfigActuatorRwl	16	static
C:/PYRASOBC-main/OBC_STDPF/espf/core/services/upython/src/core/cmodules/cubeadcs_gen2_cubecomputercontrolprogram8/upy_cubeadcs_gen2_cubecomputercontrolprogram8.c:28722:17:resp_getConfigNodeSelection_get_returnVal	8	static
C:/PYRASOBC-main/OBC_STDPF/espf/core/services/upython/src/core/cmodules/cubeadcs_gen2_cubecomputercontrolprogram8/upy_cubeadcs_gen2_cubecomputercontrolprogram8.c:28639:17:req_getConfigNodeSelection	16	static
C:/PYRASOBC-main/OBC_STDPF/espf/core/services/upython/src/core/cmodules/cubeadcs_gen2_cubecomputercontrolprogram8/upy_cubeadcs_gen2_cubecomputercontrolprogram8.c:28606:17:resp_getConfigOrbitTargetParams_get_returnVal	8	static
C:/PYRASOBC-main/OBC_STDPF/espf/core/services/upython/src/core/cmodules/cubeadcs_gen2_cubecomputercontrolprogram8/upy_cubeadcs_gen2_cubecomputercontrolprogram8.c:28523:17:req_getConfigOrbitTargetParams	16	static
C:/PYRASOBC-main/OBC_STDPF/espf/core/services/upython/src/core/cmodules/cubeadcs_gen2_cubecomputercontrolprogram8/upy_cubeadcs_gen2_cubecomputercontrolprogram8.c:28490:17:resp_getConfigOrbitSatParams_get_returnVal	8	static
C:/PYRASOBC-main/OBC_STDPF/espf/core/services/upython/src/core/cmodules/cubeadcs_gen2_cubecomputercontrolprogram8/upy_cubeadcs_gen2_cubecomputercontrolprogram8.c:28407:17:req_getConfigOrbitSatParams	16	static
C:/PYRASOBC-main/OBC_STDPF/espf/core/services/upython/src/core/cmodules/cubeadcs_gen2_cubecomputercontrolprogram8/upy_cubeadcs_gen2_cubecomputercontrolprogram8.c:28374:17:resp_getConfigAdcsSatellite_get_returnVal	8	static
C:/PYRASOBC-main/OBC_STDPF/espf/core/services/upython/src/core/cmodules/cubeadcs_gen2_cubecomputercontrolprogram8/upy_cubeadcs_gen2_cubecomputercontrolprogram8.c:28291:17:req_getConfigAdcsSatellite	16	static
C:/PYRASOBC-main/OBC_STDPF/espf/core/services/upython/src/core/cmodules/cubeadcs_gen2_cubecomputercontrolprogram8/upy_cubeadcs_gen2_cubecomputercontrolprogram8.c:28258:17:resp_getConfigAdcsEstimator_get_returnVal	8	static
C:/PYRASOBC-main/OBC_STDPF/espf/core/services/upython/src/core/cmodules/cubeadcs_gen2_cubecomputercontrolprogram8/upy_cubeadcs_gen2_cubecomputercontrolprogram8.c:28175:17:req_getConfigAdcsEstimator	16	static
C:/PYRASOBC-main/OBC_STDPF/espf/core/services/upython/src/core/cmodules/cubeadcs_gen2_cubecomputercontrolprogram8/upy_cubeadcs_gen2_cubecomputercontrolprogram8.c:28142:17:resp_getConfigAdcsController_get_returnVal	8	static
C:/PYRASOBC-main/OBC_STDPF/espf/core/services/upython/src/core/cmodules/cubeadcs_gen2_cubecomputercontrolprogram8/upy_cubeadcs_gen2_cubecomputercontrolprogram8.c:28059:17:req_getConfigAdcsController	16	static
C:/PYRASOBC-main/OBC_STDPF/espf/core/services/upython/src/core/cmodules/cubeadcs_gen2_cubecomputercontrolprogram8/upy_cubeadcs_gen2_cubecomputercontrolprogram8.c:28026:17:resp_getConfigMag1OrbitCal_get_returnVal	8	static
C:/PYRASOBC-main/OBC_STDPF/espf/core/services/upython/src/core/cmodules/cubeadcs_gen2_cubecomputercontrolprogram8/upy_cubeadcs_gen2_cubecomputercontrolprogram8.c:27943:17:req_getConfigMag1OrbitCal	16	static
C:/PYRASOBC-main/OBC_STDPF/espf/core/services/upython/src/core/cmodules/cubeadcs_gen2_cubecomputercontrolprogram8/upy_cubeadcs_gen2_cubecomputercontrolprogram8.c:27910:17:resp_getConfigMag0OrbitCal_get_returnVal	8	static
C:/PYRASOBC-main/OBC_STDPF/espf/core/services/upython/src/core/cmodules/cubeadcs_gen2_cubecomputercontrolprogram8/upy_cubeadcs_gen2_cubecomputercontrolprogram8.c:27827:17:req_getConfigMag0OrbitCal	16	static
C:/PYRASOBC-main/OBC_STDPF/espf/core/services/upython/src/core/cmodules/cubeadcs_gen2_cubecomputercontrolprogram8/upy_cubeadcs_gen2_cubecomputercontrolprogram8.c:27794:17:resp_getConfigMount_get_returnVal	8	static
C:/PYRASOBC-main/OBC_STDPF/espf/core/services/upython/src/core/cmodules/cubeadcs_gen2_cubecomputercontrolprogram8/upy_cubeadcs_gen2_cubecomputercontrolprogram8.c:27711:17:req_getConfigMount	16	static
C:/PYRASOBC-main/OBC_STDPF/espf/core/services/upython/src/core/cmodules/cubeadcs_gen2_cubecomputercontrolprogram8/upy_cubeadcs_gen2_cubecomputercontrolprogram8.c:27678:17:resp_getConfigDefaultModes_get_returnVal	8	static
C:/PYRASOBC-main/OBC_STDPF/espf/core/services/upython/src/core/cmodules/cubeadcs_gen2_cubecomputercontrolprogram8/upy_cubeadcs_gen2_cubecomputercontrolprogram8.c:27595:17:req_getConfigDefaultModes	16	static
C:/PYRASOBC-main/OBC_STDPF/espf/core/services/upython/src/core/cmodules/cubeadcs_gen2_cubecomputercontrolprogram8/upy_cubeadcs_gen2_cubecomputercontrolprogram8.c:27488:17:req_setFileTransferSetup	16	static
C:/PYRASOBC-main/OBC_STDPF/espf/core/services/upython/src/core/cmodules/cubeadcs_gen2_cubecomputercontrolprogram8/upy_cubeadcs_gen2_cubecomputercontrolprogram8.c:27381:17:req_setGnssSensorCmd	16	static
C:/PYRASOBC-main/OBC_STDPF/espf/core/services/upython/src/core/cmodules/cubeadcs_gen2_cubecomputercontrolprogram8/upy_cubeadcs_gen2_cubecomputercontrolprogram8.c:27274:17:req_setDeployCommandMag	16	static
C:/PYRASOBC-main/OBC_STDPF/espf/core/services/upython/src/core/cmodules/cubeadcs_gen2_cubecomputercontrolprogram8/upy_cubeadcs_gen2_cubecomputercontrolprogram8.c:27167:17:req_setReferenceFmcParam	16	static
C:/PYRASOBC-main/OBC_STDPF/espf/core/services/upython/src/core/cmodules/cubeadcs_gen2_cubecomputercontrolprogram8/upy_cubeadcs_gen2_cubecomputercontrolprogram8.c:27060:17:req_setReferenceIrcVector	16	static
C:/PYRASOBC-main/OBC_STDPF/espf/core/services/upython/src/core/cmodules/cubeadcs_gen2_cubecomputercontrolprogram8/upy_cubeadcs_gen2_cubecomputercontrolprogram8.c:26953:17:req_setReferenceTarget	16	static
C:/PYRASOBC-main/OBC_STDPF/espf/core/services/upython/src/core/cmodules/cubeadcs_gen2_cubecomputercontrolprogram8/upy_cubeadcs_gen2_cubecomputercontrolprogram8.c:26846:17:req_setReferenceRpy	16	static
C:/PYRASOBC-main/OBC_STDPF/espf/core/services/upython/src/core/cmodules/cubeadcs_gen2_cubecomputercontrolprogram8/upy_cubeadcs_gen2_cubecomputercontrolprogram8.c:26739:17:req_setOpenLoopCommandHxyzRW	16	static
C:/PYRASOBC-main/OBC_STDPF/espf/core/services/upython/src/core/cmodules/cubeadcs_gen2_cubecomputercontrolprogram8/upy_cubeadcs_gen2_cubecomputercontrolprogram8.c:26632:17:req_setOpenLoopCommandRwl	16	static
C:/PYRASOBC-main/OBC_STDPF/espf/core/services/upython/src/core/cmodules/cubeadcs_gen2_cubecomputercontrolprogram8/upy_cubeadcs_gen2_cubecomputercontrolprogram8.c:26525:17:req_setOpenLoopCommandMtq	16	static
C:/PYRASOBC-main/OBC_STDPF/espf/core/services/upython/src/core/cmodules/cubeadcs_gen2_cubecomputercontrolprogram8/upy_cubeadcs_gen2_cubecomputercontrolprogram8.c:26418:17:req_setSimSensorRaw	16	static
C:/PYRASOBC-main/OBC_STDPF/espf/core/services/upython/src/core/cmodules/cubeadcs_gen2_cubecomputercontrolprogram8/upy_cubeadcs_gen2_cubecomputercontrolprogram8.c:26311:17:req_setAdcsOpState	16	static
C:/PYRASOBC-main/OBC_STDPF/espf/core/services/upython/src/core/cmodules/cubeadcs_gen2_cubecomputercontrolprogram8/upy_cubeadcs_gen2_cubecomputercontrolprogram8.c:26204:17:req_setAdcsRunMode	16	static
C:/PYRASOBC-main/OBC_STDPF/espf/core/services/upython/src/core/cmodules/cubeadcs_gen2_cubecomputercontrolprogram8/upy_cubeadcs_gen2_cubecomputercontrolprogram8.c:26097:17:req_setOrbMode	16	static
C:/PYRASOBC-main/OBC_STDPF/espf/core/services/upython/src/core/cmodules/cubeadcs_gen2_cubecomputercontrolprogram8/upy_cubeadcs_gen2_cubecomputercontrolprogram8.c:25990:17:req_setEstMode	16	static
C:/PYRASOBC-main/OBC_STDPF/espf/core/services/upython/src/core/cmodules/cubeadcs_gen2_cubecomputercontrolprogram8/upy_cubeadcs_gen2_cubecomputercontrolprogram8.c:25883:17:req_setConMode	16	static
C:/PYRASOBC-main/OBC_STDPF/espf/core/services/upython/src/core/cmodules/cubeadcs_gen2_cubecomputercontrolprogram8/upy_cubeadcs_gen2_cubecomputercontrolprogram8.c:25776:17:req_setConfigAsgp4	16	static
C:/PYRASOBC-main/OBC_STDPF/espf/core/services/upython/src/core/cmodules/cubeadcs_gen2_cubecomputercontrolprogram8/upy_cubeadcs_gen2_cubecomputercontrolprogram8.c:25669:17:req_setConfigMagSensingElement	16	static
C:/PYRASOBC-main/OBC_STDPF/espf/core/services/upython/src/core/cmodules/cubeadcs_gen2_cubecomputercontrolprogram8/upy_cubeadcs_gen2_cubecomputercontrolprogram8.c:25562:17:req_setConfigActuatorMtq	16	static
C:/PYRASOBC-main/OBC_STDPF/espf/core/services/upython/src/core/cmodules/cubeadcs_gen2_cubecomputercontrolprogram8/upy_cubeadcs_gen2_cubecomputercontrolprogram8.c:25455:17:req_setConfigActuatorRwl	16	static
C:/PYRASOBC-main/OBC_STDPF/espf/core/services/upython/src/core/cmodules/cubeadcs_gen2_cubecomputercontrolprogram8/upy_cubeadcs_gen2_cubecomputercontrolprogram8.c:25348:17:req_setConfigNodeSelection	16	static
C:/PYRASOBC-main/OBC_STDPF/espf/core/services/upython/src/core/cmodules/cubeadcs_gen2_cubecomputercontrolprogram8/upy_cubeadcs_gen2_cubecomputercontrolprogram8.c:25241:17:req_setConfigOrbitTargetParams	16	static
C:/PYRASOBC-main/OBC_STDPF/espf/core/services/upython/src/core/cmodules/cubeadcs_gen2_cubecomputercontrolprogram8/upy_cubeadcs_gen2_cubecomputercontrolprogram8.c:25134:17:req_setConfigOrbitSatParams	16	static
C:/PYRASOBC-main/OBC_STDPF/espf/core/services/upython/src/core/cmodules/cubeadcs_gen2_cubecomputercontrolprogram8/upy_cubeadcs_gen2_cubecomputercontrolprogram8.c:25027:17:req_setConfigAdcsSatellite	16	static
C:/PYRASOBC-main/OBC_STDPF/espf/core/services/upython/src/core/cmodules/cubeadcs_gen2_cubecomputercontrolprogram8/upy_cubeadcs_gen2_cubecomputercontrolprogram8.c:24920:17:req_setConfigAdcsEstimator	16	static
C:/PYRASOBC-main/OBC_STDPF/espf/core/services/upython/src/core/cmodules/cubeadcs_gen2_cubecomputercontrolprogram8/upy_cubeadcs_gen2_cubecomputercontrolprogram8.c:24813:17:req_setConfigAdcsController	16	static
C:/PYRASOBC-main/OBC_STDPF/espf/core/services/upython/src/core/cmodules/cubeadcs_gen2_cubecomputercontrolprogram8/upy_cubeadcs_gen2_cubecomputercontrolprogram8.c:24706:17:req_setConfigMag1OrbitCal	16	static
C:/PYRASOBC-main/OBC_STDPF/espf/core/services/upython/src/core/cmodules/cubeadcs_gen2_cubecomputercontrolprogram8/upy_cubeadcs_gen2_cubecomputercontrolprogram8.c:24599:17:req_setConfigMag0OrbitCal	16	static
C:/PYRASOBC-main/OBC_STDPF/espf/core/services/upython/src/core/cmodules/cubeadcs_gen2_cubecomputercontrolprogram8/upy_cubeadcs_gen2_cubecomputercontrolprogram8.c:24492:17:req_setConfigMount	16	static
C:/PYRASOBC-main/OBC_STDPF/espf/core/services/upython/src/core/cmodules/cubeadcs_gen2_cubecomputercontrolprogram8/upy_cubeadcs_gen2_cubecomputercontrolprogram8.c:24385:17:req_setConfigDefaultModes	16	static
