C:/PYRASOBC-main/OBC_STDPF/espf/core/middlewares/external/fatfs/oofatfs/src/ff.c:581:13:ld_word	0	static
C:/PYRASOBC-main/OBC_STDPF/espf/core/middlewares/external/fatfs/oofatfs/src/ff.c:590:14:ld_dword	0	static
C:/PYRASOBC-main/OBC_STDPF/espf/core/middlewares/external/fatfs/oofatfs/src/ff.c:619:13:st_word	0	static
C:/PYRASOBC-main/OBC_STDPF/espf/core/middlewares/external/fatfs/oofatfs/src/ff.c:625:13:st_dword	0	static
C:/PYRASOBC-main/OBC_STDPF/espf/core/middlewares/external/fatfs/oofatfs/src/ff.c:663:12:chk_chr	0	static
C:/PYRASOBC-main/OBC_STDPF/espf/core/middlewares/external/fatfs/oofatfs/src/ff.c:671:12:dbc_1st	0	static
C:/PYRASOBC-main/OBC_STDPF/espf/core/middlewares/external/fatfs/oofatfs/src/ff.c:691:12:dbc_2nd	0	static
C:/PYRASOBC-main/OBC_STDPF/espf/core/middlewares/external/fatfs/oofatfs/src/ff.c:904:16:chk_lock	4	static
C:/PYRASOBC-main/OBC_STDPF/espf/core/middlewares/external/fatfs/oofatfs/src/ff.c:931:12:enq_lock	0	static
C:/PYRASOBC-main/OBC_STDPF/espf/core/middlewares/external/fatfs/oofatfs/src/ff.c:940:13:inc_lock	12	static
C:/PYRASOBC-main/OBC_STDPF/espf/core/middlewares/external/fatfs/oofatfs/src/ff.c:971:16:dec_lock	0	static
C:/PYRASOBC-main/OBC_STDPF/espf/core/middlewares/external/fatfs/oofatfs/src/ff.c:993:13:clear_lock	4	static
C:/PYRASOBC-main/OBC_STDPF/espf/core/middlewares/external/fatfs/oofatfs/src/ff.c:1102:14:clst2sect	0	static
C:/PYRASOBC-main/OBC_STDPF/espf/core/middlewares/external/fatfs/oofatfs/src/ff.c:1584:14:clmt_clust	0	static
C:/PYRASOBC-main/OBC_STDPF/espf/core/middlewares/external/fatfs/oofatfs/src/ff.c:1804:14:ld_clust	16	static
C:/PYRASOBC-main/OBC_STDPF/espf/core/middlewares/external/fatfs/oofatfs/src/ff.c:1821:13:st_clust	16	static
C:/PYRASOBC-main/OBC_STDPF/espf/core/middlewares/external/fatfs/oofatfs/src/ff.c:1877:12:pick_lfn	24	static
C:/PYRASOBC-main/OBC_STDPF/espf/core/middlewares/external/fatfs/oofatfs/src/ff.c:1915:13:put_lfn	32	static
C:/PYRASOBC-main/OBC_STDPF/espf/core/middlewares/external/fatfs/oofatfs/src/ff.c:2010:13:sum_sfn	0	static
C:/PYRASOBC-main/OBC_STDPF/espf/core/middlewares/external/fatfs/oofatfs/src/ff.c:2721:14:get_achar	0	static
C:/PYRASOBC-main/OBC_STDPF/espf/core/middlewares/external/fatfs/oofatfs/src/ff.c:2752:12:pattern_matching	40	static
C:/PYRASOBC-main/OBC_STDPF/espf/core/middlewares/external/fatfs/oofatfs/src/ff.c:877:12:lock_fs	8	static
C:/PYRASOBC-main/OBC_STDPF/espf/core/middlewares/external/fatfs/oofatfs/src/ff.c:1012:16:sync_window	16	static
C:/PYRASOBC-main/OBC_STDPF/espf/core/middlewares/external/fatfs/oofatfs/src/ff.c:1034:16:move_window	16	static
C:/PYRASOBC-main/OBC_STDPF/espf/core/middlewares/external/fatfs/oofatfs/src/ff.c:3087:13:check_fs	16	static
C:/PYRASOBC-main/OBC_STDPF/espf/core/middlewares/external/fatfs/oofatfs/src/ff.c:3114:16:find_volume	64	static
C:/PYRASOBC-main/OBC_STDPF/espf/core/middlewares/external/fatfs/oofatfs/src/ff.c:1196:16:put_fat	32	static
C:/PYRASOBC-main/OBC_STDPF/espf/core/middlewares/external/fatfs/oofatfs/src/ff.c:1119:14:get_fat	24	static
C:/PYRASOBC-main/OBC_STDPF/espf/core/middlewares/external/fatfs/oofatfs/src/ff.c:1653:16:dir_sdi	24	static
C:/PYRASOBC-main/OBC_STDPF/espf/core/middlewares/external/fatfs/oofatfs/src/ff.c:1481:14:create_chain	32	static
C:/PYRASOBC-main/OBC_STDPF/espf/core/middlewares/external/fatfs/oofatfs/src/ff.c:1386:16:remove_chain	24	static
C:/PYRASOBC-main/OBC_STDPF/espf/core/middlewares/external/fatfs/oofatfs/src/ff.c:885:13:unlock_fs	8	static
C:/PYRASOBC-main/OBC_STDPF/espf/core/middlewares/external/fatfs/oofatfs/src/ff.c:3342:16:validate	24	static
C:/PYRASOBC-main/OBC_STDPF/espf/core/middlewares/external/fatfs/oofatfs/src/ff.c:1065:16:sync_fs	16	static
C:/PYRASOBC-main/OBC_STDPF/espf/core/middlewares/external/fatfs/oofatfs/src/ff.c:6218:13:putc_init	16	static
C:/PYRASOBC-main/OBC_STDPF/espf/core/middlewares/external/fatfs/oofatfs/src/ff.c:1614:16:dir_clear	32	static
C:/PYRASOBC-main/OBC_STDPF/espf/core/middlewares/external/fatfs/oofatfs/src/ff.c:1701:16:dir_next	32	static
C:/PYRASOBC-main/OBC_STDPF/espf/core/middlewares/external/fatfs/oofatfs/src/ff.c:1762:16:dir_alloc	24	static
C:/PYRASOBC-main/OBC_STDPF/espf/core/middlewares/external/fatfs/oofatfs/src/ff.c:2304:16:dir_read	32	static
C:/PYRASOBC-main/OBC_STDPF/espf/core/middlewares/external/fatfs/oofatfs/src/ff.c:2569:16:dir_remove	16	static
C:/PYRASOBC-main/OBC_STDPF/espf/core/middlewares/external/fatfs/oofatfs/src/ff.c:788:13:put_utf	16	static
C:/PYRASOBC-main/OBC_STDPF/espf/core/middlewares/external/fatfs/oofatfs/src/ff.c:2615:13:get_fileinfo	32	static
C:/PYRASOBC-main/OBC_STDPF/espf/core/middlewares/external/fatfs/oofatfs/src/ff.c:715:14:tchar2uni	24	static
C:/PYRASOBC-main/OBC_STDPF/espf/core/middlewares/external/fatfs/oofatfs/src/ff.c:2799:16:create_name	56	static
C:/PYRASOBC-main/OBC_STDPF/espf/core/middlewares/external/fatfs/oofatfs/src/ff.c:1841:12:cmp_lfn	32	static
C:/PYRASOBC-main/OBC_STDPF/espf/core/middlewares/external/fatfs/oofatfs/src/ff.c:2382:16:dir_find	32	static
C:/PYRASOBC-main/OBC_STDPF/espf/core/middlewares/external/fatfs/oofatfs/src/ff.c:3000:16:follow_path	24	static
C:/PYRASOBC-main/OBC_STDPF/espf/core/middlewares/external/fatfs/oofatfs/src/ff.c:1952:13:gen_numname	32	static
C:/PYRASOBC-main/OBC_STDPF/espf/core/middlewares/external/fatfs/oofatfs/src/ff.c:2463:16:dir_register	40	static
C:/PYRASOBC-main/OBC_STDPF/espf/core/middlewares/external/fatfs/oofatfs/src/ff.c:3387:9:f_mount	16	static
C:/PYRASOBC-main/OBC_STDPF/espf/core/middlewares/external/fatfs/oofatfs/src/ff.c:3403:9:f_umount	8	static
C:/PYRASOBC-main/OBC_STDPF/espf/core/middlewares/external/fatfs/oofatfs/src/ff.c:3423:9:f_open	96	static
C:/PYRASOBC-main/OBC_STDPF/espf/core/middlewares/external/fatfs/oofatfs/src/ff.c:3613:9:f_read	56	static
C:/PYRASOBC-main/OBC_STDPF/espf/core/middlewares/external/fatfs/oofatfs/src/ff.c:3713:9:f_write	56	static
C:/PYRASOBC-main/OBC_STDPF/espf/core/middlewares/external/fatfs/oofatfs/src/ff.c:6074:13:putc_bfd	24	static
C:/PYRASOBC-main/OBC_STDPF/espf/core/middlewares/external/fatfs/oofatfs/src/ff.c:6205:12:putc_flush	16	static
C:/PYRASOBC-main/OBC_STDPF/espf/core/middlewares/external/fatfs/oofatfs/src/ff.c:3834:9:f_sync	24	static
C:/PYRASOBC-main/OBC_STDPF/espf/core/middlewares/external/fatfs/oofatfs/src/ff.c:3915:9:f_close	24	static
C:/PYRASOBC-main/OBC_STDPF/espf/core/middlewares/external/fatfs/oofatfs/src/ff.c:4113:9:f_lseek	48	static
C:/PYRASOBC-main/OBC_STDPF/espf/core/middlewares/external/fatfs/oofatfs/src/ff.c:4274:9:f_opendir	24	static
C:/PYRASOBC-main/OBC_STDPF/espf/core/middlewares/external/fatfs/oofatfs/src/ff.c:4340:9:f_closedir	24	static
C:/PYRASOBC-main/OBC_STDPF/espf/core/middlewares/external/fatfs/oofatfs/src/ff.c:4370:9:f_readdir	32	static
C:/PYRASOBC-main/OBC_STDPF/espf/core/middlewares/external/fatfs/oofatfs/src/ff.c:4406:9:f_findnext	16	static
C:/PYRASOBC-main/OBC_STDPF/espf/core/middlewares/external/fatfs/oofatfs/src/ff.c:4431:9:f_findfirst	16	static
C:/PYRASOBC-main/OBC_STDPF/espf/core/middlewares/external/fatfs/oofatfs/src/ff.c:4459:9:f_stat	80	static
C:/PYRASOBC-main/OBC_STDPF/espf/core/middlewares/external/fatfs/oofatfs/src/ff.c:4496:9:f_getfree	64	static
C:/PYRASOBC-main/OBC_STDPF/espf/core/middlewares/external/fatfs/oofatfs/src/ff.c:4582:9:f_truncate	24	static
C:/PYRASOBC-main/OBC_STDPF/espf/core/middlewares/external/fatfs/oofatfs/src/ff.c:4632:9:f_unlink	136	static
C:/PYRASOBC-main/OBC_STDPF/espf/core/middlewares/external/fatfs/oofatfs/src/ff.c:4726:9:f_mkdir	112	static
C:/PYRASOBC-main/OBC_STDPF/espf/core/middlewares/external/fatfs/oofatfs/src/ff.c:4810:9:f_rename	168	static
C:/PYRASOBC-main/OBC_STDPF/espf/core/middlewares/external/fatfs/oofatfs/src/ff.c:4919:9:f_chmod	88	static
C:/PYRASOBC-main/OBC_STDPF/espf/core/middlewares/external/fatfs/oofatfs/src/ff.c:4966:9:f_utime	80	static
C:/PYRASOBC-main/OBC_STDPF/espf/core/middlewares/external/fatfs/oofatfs/src/ff.c:5388:9:f_mkfs	96	static
C:/PYRASOBC-main/OBC_STDPF/espf/core/middlewares/external/fatfs/oofatfs/src/ff.c:5933:8:f_gets	32	static
C:/PYRASOBC-main/OBC_STDPF/espf/core/middlewares/external/fatfs/oofatfs/src/ff.c:6229:5:f_putc	96	static
C:/PYRASOBC-main/OBC_STDPF/espf/core/middlewares/external/fatfs/oofatfs/src/ff.c:6249:5:f_puts	88	static
C:/PYRASOBC-main/OBC_STDPF/espf/core/middlewares/external/fatfs/oofatfs/src/ff.c:6283:5:f_vprintf	152	static
C:/PYRASOBC-main/OBC_STDPF/espf/core/middlewares/external/fatfs/oofatfs/src/ff.c:6269:5:f_printf	12	static
