C:/PYRASOBC-main/OBC_STDPF/espf/core/services/onboard_sched/fp/onboard_sched/v0.1/onboard_sched_server/FP_onboard_schedServerApp.c:227:13:onboard_sched_get_next_slotRequestHandlerImpl	16	static
C:/PYRASOBC-main/OBC_STDPF/espf/core/services/onboard_sched/fp/onboard_sched/v0.1/onboard_sched_server/FP_onboard_schedServerApp.c:188:13:onboard_sched_get_active_scheduleRequestHandlerImpl	72	static
C:/PYRASOBC-main/OBC_STDPF/espf/core/services/onboard_sched/fp/onboard_sched/v0.1/onboard_sched_server/FP_onboard_schedServerApp.c:152:13:onboard_sched_set_active_scheduleRequestHandlerImpl	16	static
C:/PYRASOBC-main/OBC_STDPF/espf/core/services/onboard_sched/fp/onboard_sched/v0.1/onboard_sched_server/FP_onboard_schedServerApp.c:117:13:onboard_sched_get_scheduler_stateRequestHandlerImpl	16	static
C:/PYRASOBC-main/OBC_STDPF/espf/core/services/onboard_sched/fp/onboard_sched/v0.1/onboard_sched_server/FP_onboard_schedServerApp.c:80:13:onboard_sched_set_scheduler_stateRequestHandlerImpl	16	static
C:/PYRASOBC-main/OBC_STDPF/espf/core/services/onboard_sched/fp/onboard_sched/v0.1/onboard_sched_server/FP_onboard_schedServerApp.c:57:1:cmp_logger_def_init	0	static
C:/PYRASOBC-main/OBC_STDPF/espf/core/services/onboard_sched/fp/onboard_sched/v0.1/onboard_sched_server/FP_onboard_schedServerApp.c:267:6:onboard_schedServerAppInit	8	static
