C:/PYRASOBC-main/OBC_STDPF/espf/core/services/fdir_srv/fp/fdir_srv/v0.2/fdir_srv_server/FP_fdir_srvServerApp.c:737:13:fdir_srv_force_clear_all_faultsRequestHandlerImpl	16	static
C:/PYRASOBC-main/OBC_STDPF/espf/core/services/fdir_srv/fp/fdir_srv/v0.2/fdir_srv_server/FP_fdir_srvServerApp.c:687:13:fdir_srv_force_clear_faultRequestHandlerImpl	16	static
C:/PYRASOBC-main/OBC_STDPF/espf/core/services/fdir_srv/fp/fdir_srv/v0.2/fdir_srv_server/FP_fdir_srvServerApp.c:626:13:fdir_srv_set_faultRequestHandlerImpl	32	static
C:/PYRASOBC-main/OBC_STDPF/espf/core/services/fdir_srv/fp/fdir_srv/v0.2/fdir_srv_server/FP_fdir_srvServerApp.c:557:13:fdir_srv_get_faultRequestHandlerImpl	24	static
C:/PYRASOBC-main/OBC_STDPF/espf/core/services/fdir_srv/fp/fdir_srv/v0.2/fdir_srv_server/FP_fdir_srvServerApp.c:499:13:fdir_srv_set_fault_user_clear_levelRequestHandlerImpl	16	static
C:/PYRASOBC-main/OBC_STDPF/espf/core/services/fdir_srv/fp/fdir_srv/v0.2/fdir_srv_server/FP_fdir_srvServerApp.c:454:13:fdir_srv_get_fault_user_clear_levelRequestHandlerImpl	16	static
C:/PYRASOBC-main/OBC_STDPF/espf/core/services/fdir_srv/fp/fdir_srv/v0.2/fdir_srv_server/FP_fdir_srvServerApp.c:396:13:fdir_srv_set_min_active_fdirRequestHandlerImpl	16	static
C:/PYRASOBC-main/OBC_STDPF/espf/core/services/fdir_srv/fp/fdir_srv/v0.2/fdir_srv_server/FP_fdir_srvServerApp.c:358:13:fdir_srv_get_min_active_fdirRequestHandlerImpl	16	static
C:/PYRASOBC-main/OBC_STDPF/espf/core/services/fdir_srv/fp/fdir_srv/v0.2/fdir_srv_server/FP_fdir_srvServerApp.c:310:13:fdir_srv_set_detection_for_all_faultsRequestHandlerImpl	24	static
C:/PYRASOBC-main/OBC_STDPF/espf/core/services/fdir_srv/fp/fdir_srv/v0.2/fdir_srv_server/FP_fdir_srvServerApp.c:256:13:fdir_srv_set_detection_for_faultRequestHandlerImpl	16	static
C:/PYRASOBC-main/OBC_STDPF/espf/core/services/fdir_srv/fp/fdir_srv/v0.2/fdir_srv_server/FP_fdir_srvServerApp.c:209:13:fdir_srv_get_detection_for_faultRequestHandlerImpl	16	static
C:/PYRASOBC-main/OBC_STDPF/espf/core/services/fdir_srv/fp/fdir_srv/v0.2/fdir_srv_server/FP_fdir_srvServerApp.c:155:13:fdir_srv_get_agent_fdir_levelRequestHandlerImpl	16	static
C:/PYRASOBC-main/OBC_STDPF/espf/core/services/fdir_srv/fp/fdir_srv/v0.2/fdir_srv_server/FP_fdir_srvServerApp.c:110:13:fdir_srv_get_system_fdir_levelRequestHandlerImpl	16	static
C:/PYRASOBC-main/OBC_STDPF/espf/core/services/fdir_srv/fp/fdir_srv/v0.2/fdir_srv_server/FP_fdir_srvServerApp.c:788:6:fdir_srvServerAppInit	8	static
