C:/PYRASOBC-main/OBC_STDPF/espf/core/middlewares/external/micropython/py/argcheck.c:32:6:mp_arg_check_num_sig	8	static
C:/PYRASOBC-main/OBC_STDPF/espf/core/middlewares/external/micropython/py/argcheck.c:79:6:mp_arg_parse_all	56	static
C:/PYRASOBC-main/OBC_STDPF/espf/core/middlewares/external/micropython/py/argcheck.c:134:6:mp_arg_parse_all_kw_array	48	static
C:/PYRASOBC-main/OBC_STDPF/espf/core/middlewares/external/micropython/py/argcheck.c:140:15:mp_arg_error_terse_mismatch	8	static
C:/PYRASOBC-main/OBC_STDPF/espf/core/middlewares/external/micropython/py/argcheck.c:145:15:mp_arg_error_unimpl_kw	8	static
