C:/PYRASOBC-main/OBC_STDPF/espf/core/middlewares/external/micropython/py/gc.c:580:14:gc_get_ptr	0	static
C:/PYRASOBC-main/OBC_STDPF/espf/core/middlewares/external/micropython/py/gc.c:374:13:gc_mark_subtree	24	static
C:/PYRASOBC-main/OBC_STDPF/espf/core/middlewares/external/micropython/py/gc.c:445:13:gc_deal_with_stack_overflow	16	static
C:/PYRASOBC-main/OBC_STDPF/espf/core/middlewares/external/micropython/py/gc.c:124:13:gc_setup_area	16	static
C:/PYRASOBC-main/OBC_STDPF/espf/core/middlewares/external/micropython/py/gc.c:466:13:gc_sweep	48	static
C:/PYRASOBC-main/OBC_STDPF/espf/core/middlewares/external/micropython/py/gc.c:189:6:gc_init	8	static
C:/PYRASOBC-main/OBC_STDPF/espf/core/middlewares/external/micropython/py/gc.c:318:6:gc_lock	0	static
C:/PYRASOBC-main/OBC_STDPF/espf/core/middlewares/external/micropython/py/gc.c:326:6:gc_unlock	0	static
C:/PYRASOBC-main/OBC_STDPF/espf/core/middlewares/external/micropython/py/gc.c:331:6:gc_is_locked	0	static
C:/PYRASOBC-main/OBC_STDPF/espf/core/middlewares/external/micropython/py/gc.c:589:6:gc_collect_root	24	static
C:/PYRASOBC-main/OBC_STDPF/espf/core/middlewares/external/micropython/py/gc.c:551:6:gc_collect_start	8	static
C:/PYRASOBC-main/OBC_STDPF/espf/core/middlewares/external/micropython/py/gc.c:619:6:gc_collect_end	8	static
C:/PYRASOBC-main/OBC_STDPF/espf/core/middlewares/external/micropython/py/gc.c:632:6:gc_sweep_all	8	static
C:/PYRASOBC-main/OBC_STDPF/espf/core/middlewares/external/micropython/py/gc.c:639:6:gc_info	16	static
C:/PYRASOBC-main/OBC_STDPF/espf/core/middlewares/external/micropython/py/gc.c:712:7:gc_alloc	32	static
C:/PYRASOBC-main/OBC_STDPF/espf/core/middlewares/external/micropython/py/gc.c:881:6:gc_free	16	static
C:/PYRASOBC-main/OBC_STDPF/espf/core/middlewares/external/micropython/py/gc.c:949:8:gc_nbytes	0	static
C:/PYRASOBC-main/OBC_STDPF/espf/core/middlewares/external/micropython/py/gc.c:1010:7:gc_realloc	32	static
C:/PYRASOBC-main/OBC_STDPF/espf/core/middlewares/external/micropython/py/gc.c:1161:6:gc_dump_info	48	static
C:/PYRASOBC-main/OBC_STDPF/espf/core/middlewares/external/micropython/py/gc.c:1173:6:gc_dump_alloc_table	16	static
