C:/PYRASOBC-main/OBC_STDPF/espf/core/middlewares/external/micropython/py/modbuiltins.c:607:17:mp_builtin_globals	0	static
C:/PYRASOBC-main/OBC_STDPF/espf/core/middlewares/external/micropython/py/modbuiltins.c:612:17:mp_builtin_locals	0	static
C:/PYRASOBC-main/OBC_STDPF/build/../espf/core/middlewares/external/micropython/py/obj.h:479:20:mp_map_slot_is_filled	8	static
C:/PYRASOBC-main/OBC_STDPF/espf/core/middlewares/external/micropython/py/modbuiltins.c:49:17:mp_builtin___build_class__	48	static
C:/PYRASOBC-main/OBC_STDPF/espf/core/middlewares/external/micropython/py/modbuiltins.c:91:17:mp_builtin_abs	8	static
C:/PYRASOBC-main/OBC_STDPF/espf/core/middlewares/external/micropython/py/modbuiltins.c:214:17:mp_builtin_hash	8	static
C:/PYRASOBC-main/OBC_STDPF/espf/core/middlewares/external/micropython/py/modbuiltins.c:259:17:mp_builtin_iter	8	static
C:/PYRASOBC-main/OBC_STDPF/espf/core/middlewares/external/micropython/py/modbuiltins.c:96:17:mp_builtin_all	24	static
C:/PYRASOBC-main/OBC_STDPF/espf/core/middlewares/external/micropython/py/modbuiltins.c:109:17:mp_builtin_any	24	static
C:/PYRASOBC-main/OBC_STDPF/espf/core/middlewares/external/micropython/py/modbuiltins.c:122:17:mp_builtin_bin	16	static
C:/PYRASOBC-main/OBC_STDPF/espf/core/middlewares/external/micropython/py/modbuiltins.c:128:17:mp_builtin_callable	8	static
C:/PYRASOBC-main/OBC_STDPF/espf/core/middlewares/external/micropython/py/modbuiltins.c:137:17:mp_builtin_chr	16	static
C:/PYRASOBC-main/OBC_STDPF/espf/core/middlewares/external/micropython/py/modbuiltins.c:176:17:mp_builtin_dir	32	static
C:/PYRASOBC-main/OBC_STDPF/espf/core/middlewares/external/micropython/py/modbuiltins.c:209:17:mp_builtin_divmod	8	static
C:/PYRASOBC-main/OBC_STDPF/espf/core/middlewares/external/micropython/py/modbuiltins.c:220:17:mp_builtin_hex	8	static
C:/PYRASOBC-main/OBC_STDPF/espf/core/middlewares/external/micropython/py/modbuiltins.c:347:17:mp_builtin_oct	8	static
C:/PYRASOBC-main/OBC_STDPF/espf/core/middlewares/external/micropython/py/modbuiltins.c:526:17:mp_builtin_sum	32	static
C:/PYRASOBC-main/OBC_STDPF/espf/core/middlewares/external/micropython/py/modbuiltins.c:266:17:mp_builtin_min_max	56	static
C:/PYRASOBC-main/OBC_STDPF/espf/core/middlewares/external/micropython/py/modbuiltins.c:308:17:mp_builtin_max	8	static
C:/PYRASOBC-main/OBC_STDPF/espf/core/middlewares/external/micropython/py/modbuiltins.c:313:17:mp_builtin_min	8	static
C:/PYRASOBC-main/OBC_STDPF/espf/core/middlewares/external/micropython/py/modbuiltins.c:336:17:mp_builtin_next	8	static
C:/PYRASOBC-main/OBC_STDPF/espf/core/middlewares/external/micropython/py/modbuiltins.c:357:17:mp_builtin_ord	16	static
C:/PYRASOBC-main/OBC_STDPF/espf/core/middlewares/external/micropython/py/modbuiltins.c:384:17:mp_builtin_pow	8	static
C:/PYRASOBC-main/OBC_STDPF/espf/core/middlewares/external/micropython/py/modbuiltins.c:400:17:mp_builtin_print	40	static
C:/PYRASOBC-main/OBC_STDPF/espf/core/middlewares/external/micropython/py/modbuiltins.c:451:17:mp_builtin___repl_print__	8	static
C:/PYRASOBC-main/OBC_STDPF/espf/core/middlewares/external/micropython/py/modbuiltins.c:465:17:mp_builtin_repr	40	static
C:/PYRASOBC-main/OBC_STDPF/espf/core/middlewares/external/micropython/py/modbuiltins.c:474:17:mp_builtin_round	24	static
C:/PYRASOBC-main/OBC_STDPF/espf/core/middlewares/external/micropython/py/modbuiltins.c:546:17:mp_builtin_sorted	16	static
C:/PYRASOBC-main/OBC_STDPF/espf/core/middlewares/external/micropython/py/modbuiltins.c:599:17:mp_builtin_hasattr	16	static
C:/PYRASOBC-main/OBC_STDPF/espf/core/middlewares/external/micropython/py/modbuiltins.c:558:24:mp_load_attr_default	16	static
C:/PYRASOBC-main/OBC_STDPF/espf/core/middlewares/external/micropython/py/modbuiltins.c:577:17:mp_builtin_getattr	16	static
C:/PYRASOBC-main/OBC_STDPF/espf/core/middlewares/external/micropython/py/modbuiltins.c:586:17:mp_builtin_setattr	16	static
C:/PYRASOBC-main/OBC_STDPF/espf/core/middlewares/external/micropython/py/modbuiltins.c:593:17:mp_builtin_delattr	8	static
