C:/PYRASOBC-main/OBC_STDPF/espf/core/middlewares/external/micropython/py/mpz.c:52:15:mpn_remove_trailing_zeros	0	static
C:/PYRASOBC-main/OBC_STDPF/espf/core/middlewares/external/micropython/py/mpz.c:62:12:mpn_cmp	0	static
C:/PYRASOBC-main/OBC_STDPF/espf/core/middlewares/external/micropython/py/mpz.c:127:15:mpn_shr	8	static
C:/PYRASOBC-main/OBC_STDPF/espf/core/middlewares/external/micropython/py/mpz.c:159:15:mpn_add	16	static
C:/PYRASOBC-main/OBC_STDPF/espf/core/middlewares/external/micropython/py/mpz.c:189:15:mpn_sub	16	static
C:/PYRASOBC-main/OBC_STDPF/espf/core/middlewares/external/micropython/py/mpz.c:238:15:mpn_and_neg	32	static
C:/PYRASOBC-main/OBC_STDPF/espf/core/middlewares/external/micropython/py/mpz.c:388:15:mpn_xor_neg	24	static
C:/PYRASOBC-main/OBC_STDPF/espf/core/middlewares/external/micropython/py/mpz.c:413:15:mpn_mul_dig_add_dig	4	static
C:/PYRASOBC-main/OBC_STDPF/espf/core/middlewares/external/micropython/py/mpz.c:435:15:mpn_mul	32	static
C:/PYRASOBC-main/OBC_STDPF/espf/core/middlewares/external/micropython/py/mpz.c:466:13:mpn_div	56	static
C:/PYRASOBC-main/OBC_STDPF/espf/core/middlewares/external/micropython/py/mpz.c:671:13:mpz_free	8	static
C:/PYRASOBC-main/OBC_STDPF/espf/core/middlewares/external/micropython/py/mpz.c:329:15:mpn_or_neg	32	static
C:/PYRASOBC-main/OBC_STDPF/espf/core/middlewares/external/micropython/py/mpz.c:678:13:mpz_need_dig	16	static
C:/PYRASOBC-main/OBC_STDPF/espf/core/middlewares/external/micropython/py/mpz.c:88:15:mpn_shl	16	static
C:/PYRASOBC-main/OBC_STDPF/espf/core/middlewares/external/micropython/py/mpz.c:692:15:mpz_clone	16	static
C:/PYRASOBC-main/OBC_STDPF/espf/core/middlewares/external/micropython/py/mpz.c:607:6:mpz_init_zero	0	static
C:/PYRASOBC-main/OBC_STDPF/espf/core/middlewares/external/micropython/py/mpz.c:629:6:mpz_deinit	8	static
C:/PYRASOBC-main/OBC_STDPF/espf/core/middlewares/external/micropython/py/mpz.c:707:6:mpz_set	16	static
C:/PYRASOBC-main/OBC_STDPF/espf/core/middlewares/external/micropython/py/mpz.c:714:6:mpz_set_from_int	16	static
C:/PYRASOBC-main/OBC_STDPF/espf/core/middlewares/external/micropython/py/mpz.c:615:6:mpz_init_from_int	16	static
C:/PYRASOBC-main/OBC_STDPF/espf/core/middlewares/external/micropython/py/mpz.c:620:6:mpz_init_fixed_from_int	8	static
C:/PYRASOBC-main/OBC_STDPF/espf/core/middlewares/external/micropython/py/mpz.c:739:6:mpz_set_from_ll	16	static
C:/PYRASOBC-main/OBC_STDPF/espf/core/middlewares/external/micropython/py/mpz.c:759:6:mpz_set_from_float	24	static
C:/PYRASOBC-main/OBC_STDPF/espf/core/middlewares/external/micropython/py/mpz.c:817:8:mpz_set_from_str	24	static
C:/PYRASOBC-main/OBC_STDPF/espf/core/middlewares/external/micropython/py/mpz.c:853:6:mpz_set_from_bytes	24	static
C:/PYRASOBC-main/OBC_STDPF/espf/core/middlewares/external/micropython/py/mpz.c:902:5:mpz_cmp	8	static
C:/PYRASOBC-main/OBC_STDPF/espf/core/middlewares/external/micropython/py/mpz.c:1038:6:mpz_abs_inpl	8	static
C:/PYRASOBC-main/OBC_STDPF/espf/core/middlewares/external/micropython/py/mpz.c:1048:6:mpz_neg_inpl	8	static
C:/PYRASOBC-main/OBC_STDPF/espf/core/middlewares/external/micropython/py/mpz.c:1060:6:mpz_not_inpl	24	static
C:/PYRASOBC-main/OBC_STDPF/espf/core/middlewares/external/micropython/py/mpz.c:1084:6:mpz_shl_inpl	16	static
C:/PYRASOBC-main/OBC_STDPF/espf/core/middlewares/external/micropython/py/mpz.c:1097:6:mpz_shr_inpl	40	static
C:/PYRASOBC-main/OBC_STDPF/espf/core/middlewares/external/micropython/py/mpz.c:1135:6:mpz_add_inpl	24	static
C:/PYRASOBC-main/OBC_STDPF/espf/core/middlewares/external/micropython/py/mpz.c:1156:6:mpz_sub_inpl	32	static
C:/PYRASOBC-main/OBC_STDPF/espf/core/middlewares/external/micropython/py/mpz.c:1186:6:mpz_and_inpl	40	static
C:/PYRASOBC-main/OBC_STDPF/espf/core/middlewares/external/micropython/py/mpz.c:1220:6:mpz_or_inpl	40	static
C:/PYRASOBC-main/OBC_STDPF/espf/core/middlewares/external/micropython/py/mpz.c:1254:6:mpz_xor_inpl	40	static
C:/PYRASOBC-main/OBC_STDPF/espf/core/middlewares/external/micropython/py/mpz.c:1292:6:mpz_mul_inpl	32	static
C:/PYRASOBC-main/OBC_STDPF/espf/core/middlewares/external/micropython/py/mpz.c:1324:6:mpz_pow_inpl	16	static
C:/PYRASOBC-main/OBC_STDPF/espf/core/middlewares/external/micropython/py/mpz.c:1483:6:mpz_divmod_inpl	48	static
C:/PYRASOBC-main/OBC_STDPF/espf/core/middlewares/external/micropython/py/mpz.c:1358:6:mpz_pow3_inpl	40	static
C:/PYRASOBC-main/OBC_STDPF/espf/core/middlewares/external/micropython/py/mpz.c:1536:10:mpz_hash	0	static
C:/PYRASOBC-main/OBC_STDPF/espf/core/middlewares/external/micropython/py/mpz.c:1551:6:mpz_as_int_checked	4	static
C:/PYRASOBC-main/OBC_STDPF/espf/core/middlewares/external/micropython/py/mpz.c:1571:6:mpz_as_uint_checked	4	static
C:/PYRASOBC-main/OBC_STDPF/espf/core/middlewares/external/micropython/py/mpz.c:1592:6:mpz_as_bytes	32	static
C:/PYRASOBC-main/OBC_STDPF/espf/core/middlewares/external/micropython/py/mpz.c:1635:12:mpz_as_float	0	static
C:/PYRASOBC-main/OBC_STDPF/espf/core/middlewares/external/micropython/py/mpz.c:1663:8:mpz_as_str_inpl	40	static
