C:/PYRASOBC-main/OBC_STDPF/espf/core/middlewares/external/micropython/py/obj.c:568:10:mp_identity	0	static
C:/PYRASOBC-main/OBC_STDPF/espf/core/middlewares/external/micropython/py/obj.c:41:19:mp_obj_malloc_helper	8	static
C:/PYRASOBC-main/OBC_STDPF/espf/core/middlewares/external/micropython/py/obj.c:47:22:mp_obj_get_type	0	static
C:/PYRASOBC-main/OBC_STDPF/espf/core/middlewares/external/micropython/py/obj.c:105:13:mp_obj_get_type_str	8	static
C:/PYRASOBC-main/OBC_STDPF/espf/core/middlewares/external/micropython/py/obj.c:109:6:mp_obj_print_helper	16	static
C:/PYRASOBC-main/OBC_STDPF/espf/core/middlewares/external/micropython/py/obj.c:126:6:mp_obj_print	8	static
C:/PYRASOBC-main/OBC_STDPF/espf/core/middlewares/external/micropython/py/obj.c:131:6:mp_obj_print_exception	24	static
C:/PYRASOBC-main/OBC_STDPF/espf/core/middlewares/external/micropython/py/obj.c:191:6:mp_obj_is_callable	8	static
C:/PYRASOBC-main/OBC_STDPF/espf/core/middlewares/external/micropython/py/obj.c:319:6:mp_obj_get_int_maybe	16	static
C:/PYRASOBC-main/OBC_STDPF/espf/core/middlewares/external/micropython/py/obj.c:297:10:mp_obj_get_int	16	static
C:/PYRASOBC-main/OBC_STDPF/espf/core/middlewares/external/micropython/py/obj.c:308:10:mp_obj_get_int_truncated	8	static
C:/PYRASOBC-main/OBC_STDPF/espf/core/middlewares/external/micropython/py/obj.c:340:6:mp_obj_get_float_maybe	16	static
C:/PYRASOBC-main/OBC_STDPF/espf/core/middlewares/external/micropython/py/obj.c:367:12:mp_obj_get_float	16	static
C:/PYRASOBC-main/OBC_STDPF/espf/core/middlewares/external/micropython/py/obj.c:383:6:mp_obj_get_complex_maybe	24	static
C:/PYRASOBC-main/OBC_STDPF/espf/core/middlewares/external/micropython/py/obj.c:399:6:mp_obj_get_complex	8	static
C:/PYRASOBC-main/OBC_STDPF/espf/core/middlewares/external/micropython/py/obj.c:413:6:mp_obj_get_array	16	static
C:/PYRASOBC-main/OBC_STDPF/espf/core/middlewares/external/micropython/py/obj.c:429:6:mp_obj_get_array_fixed_n	16	static
C:/PYRASOBC-main/OBC_STDPF/espf/core/middlewares/external/micropython/py/obj.c:443:8:mp_get_index	32	static
C:/PYRASOBC-main/OBC_STDPF/espf/core/middlewares/external/micropython/py/obj.c:480:10:mp_obj_id	8	static
C:/PYRASOBC-main/OBC_STDPF/espf/core/middlewares/external/micropython/py/obj.c:514:10:mp_obj_len_maybe	8	static
C:/PYRASOBC-main/OBC_STDPF/espf/core/middlewares/external/micropython/py/obj.c:158:6:mp_obj_is_true	8	static
C:/PYRASOBC-main/OBC_STDPF/espf/core/middlewares/external/micropython/py/obj.c:212:10:mp_obj_equal_not_equal	48	static
C:/PYRASOBC-main/OBC_STDPF/espf/core/middlewares/external/micropython/py/obj.c:293:6:mp_obj_equal	8	static
C:/PYRASOBC-main/OBC_STDPF/espf/core/middlewares/external/micropython/py/obj.c:499:10:mp_obj_len	8	static
C:/PYRASOBC-main/OBC_STDPF/espf/core/middlewares/external/micropython/py/obj.c:533:10:mp_obj_subscr	16	static
C:/PYRASOBC-main/OBC_STDPF/espf/core/middlewares/external/micropython/py/obj.c:578:6:mp_get_buffer	16	static
C:/PYRASOBC-main/OBC_STDPF/espf/core/middlewares/external/micropython/py/obj.c:590:6:mp_get_buffer_raise	8	static
