C:/PYRASOBC-main/OBC_STDPF/espf/core/middlewares/external/micropython/py/objexcept.c:161:6:mp_obj_exception_print	24	static
C:/PYRASOBC-main/OBC_STDPF/espf/core/middlewares/external/micropython/py/objexcept.c:205:10:mp_obj_exception_make_new	24	static
C:/PYRASOBC-main/OBC_STDPF/espf/core/middlewares/external/micropython/py/objexcept.c:440:13:exc_add_strn	24	static
C:/PYRASOBC-main/OBC_STDPF/espf/core/middlewares/external/micropython/py/objexcept.c:114:6:mp_obj_is_native_exception_instance	16	static
C:/PYRASOBC-main/OBC_STDPF/espf/core/middlewares/external/micropython/py/objexcept.c:381:10:mp_obj_new_exception	8	static
C:/PYRASOBC-main/OBC_STDPF/espf/core/middlewares/external/micropython/py/objexcept.c:386:10:mp_obj_new_exception_args	8	static
C:/PYRASOBC-main/OBC_STDPF/espf/core/middlewares/external/micropython/py/objexcept.c:393:10:mp_obj_new_exception_msg	24	static
C:/PYRASOBC-main/OBC_STDPF/espf/core/middlewares/external/micropython/py/objexcept.c:470:10:mp_obj_new_exception_msg_vlist	64	static
C:/PYRASOBC-main/OBC_STDPF/espf/core/middlewares/external/micropython/py/objexcept.c:462:10:mp_obj_new_exception_msg_varg	12	static
C:/PYRASOBC-main/OBC_STDPF/espf/core/middlewares/external/micropython/py/objexcept.c:541:6:mp_obj_is_exception_type	8	static
C:/PYRASOBC-main/OBC_STDPF/espf/core/middlewares/external/micropython/py/objexcept.c:553:6:mp_obj_is_exception_instance	8	static
C:/PYRASOBC-main/OBC_STDPF/espf/core/middlewares/external/micropython/py/objexcept.c:118:28:get_native_exception	8	static
C:/PYRASOBC-main/OBC_STDPF/espf/core/middlewares/external/micropython/py/objexcept.c:255:10:mp_obj_exception_get_value	8	static
C:/PYRASOBC-main/OBC_STDPF/espf/core/middlewares/external/micropython/py/objexcept.c:265:6:mp_obj_exception_attr	8	static
C:/PYRASOBC-main/OBC_STDPF/espf/core/middlewares/external/micropython/py/objexcept.c:560:6:mp_obj_exception_match	16	static
C:/PYRASOBC-main/OBC_STDPF/espf/core/middlewares/external/micropython/py/objexcept.c:570:6:mp_obj_exception_clear_traceback	8	static
C:/PYRASOBC-main/OBC_STDPF/espf/core/middlewares/external/micropython/py/objexcept.c:577:6:mp_obj_exception_add_traceback	24	static
C:/PYRASOBC-main/OBC_STDPF/espf/core/middlewares/external/micropython/py/objexcept.c:640:6:mp_obj_exception_get_traceback	16	static
