C:/PYRASOBC-main/OBC_STDPF/espf/core/middlewares/external/micropython/py/objgenerator.c:53:17:gen_wrap_call	32	static
C:/PYRASOBC-main/OBC_STDPF/espf/core/middlewares/external/micropython/py/objgenerator.c:343:17:gen_instance_pend_throw	8	static
C:/PYRASOBC-main/OBC_STDPF/espf/core/middlewares/external/micropython/py/objgenerator.c:156:13:gen_instance_print	16	static
C:/PYRASOBC-main/OBC_STDPF/espf/core/middlewares/external/micropython/py/objgenerator.c:162:21:mp_obj_gen_resume	24	static
C:/PYRASOBC-main/OBC_STDPF/espf/core/middlewares/external/micropython/py/objgenerator.c:266:17:gen_resume_and_raise	16	static
C:/PYRASOBC-main/OBC_STDPF/espf/core/middlewares/external/micropython/py/objgenerator.c:299:17:gen_instance_throw	8	static
C:/PYRASOBC-main/OBC_STDPF/espf/core/middlewares/external/micropython/py/objgenerator.c:294:17:gen_instance_send	8	static
C:/PYRASOBC-main/OBC_STDPF/espf/core/middlewares/external/micropython/py/objgenerator.c:290:17:gen_instance_iternext	8	static
C:/PYRASOBC-main/OBC_STDPF/espf/core/middlewares/external/micropython/py/objgenerator.c:321:17:gen_instance_close	16	static
