C:/PYRASOBC-main/OBC_STDPF/espf/core/middlewares/external/micropython/py/vstr.c:107:13:vstr_ensure_extra	16	static
C:/PYRASOBC-main/OBC_STDPF/espf/core/middlewares/external/micropython/py/vstr.c:180:6:vstr_add_strn	16	static
C:/PYRASOBC-main/OBC_STDPF/espf/core/middlewares/external/micropython/py/vstr.c:186:14:vstr_ins_blank_bytes	24	static
C:/PYRASOBC-main/OBC_STDPF/espf/core/middlewares/external/micropython/py/vstr.c:41:6:vstr_init	16	static
C:/PYRASOBC-main/OBC_STDPF/espf/core/middlewares/external/micropython/py/vstr.c:53:6:vstr_init_len	16	static
C:/PYRASOBC-main/OBC_STDPF/espf/core/middlewares/external/micropython/py/vstr.c:58:6:vstr_init_fixed_buf	0	static
C:/PYRASOBC-main/OBC_STDPF/espf/core/middlewares/external/micropython/py/vstr.c:65:6:vstr_init_print	16	static
C:/PYRASOBC-main/OBC_STDPF/espf/core/middlewares/external/micropython/py/vstr.c:71:6:vstr_clear	8	static
C:/PYRASOBC-main/OBC_STDPF/espf/core/middlewares/external/micropython/py/vstr.c:78:9:vstr_new	16	static
C:/PYRASOBC-main/OBC_STDPF/espf/core/middlewares/external/micropython/py/vstr.c:84:6:vstr_free	8	static
C:/PYRASOBC-main/OBC_STDPF/espf/core/middlewares/external/micropython/py/vstr.c:94:7:vstr_extend	16	static
C:/PYRASOBC-main/OBC_STDPF/espf/core/middlewares/external/micropython/py/vstr.c:121:6:vstr_hint_size	8	static
C:/PYRASOBC-main/OBC_STDPF/espf/core/middlewares/external/micropython/py/vstr.c:125:7:vstr_add_len	16	static
C:/PYRASOBC-main/OBC_STDPF/espf/core/middlewares/external/micropython/py/vstr.c:133:7:vstr_null_terminated_str	8	static
C:/PYRASOBC-main/OBC_STDPF/espf/core/middlewares/external/micropython/py/vstr.c:142:6:vstr_add_byte	8	static
C:/PYRASOBC-main/OBC_STDPF/espf/core/middlewares/external/micropython/py/vstr.c:147:6:vstr_add_char	8	static
C:/PYRASOBC-main/OBC_STDPF/espf/core/middlewares/external/micropython/py/vstr.c:176:6:vstr_add_str	16	static
C:/PYRASOBC-main/OBC_STDPF/espf/core/middlewares/external/micropython/py/vstr.c:202:6:vstr_ins_byte	8	static
C:/PYRASOBC-main/OBC_STDPF/espf/core/middlewares/external/micropython/py/vstr.c:207:6:vstr_ins_char	8	static
C:/PYRASOBC-main/OBC_STDPF/espf/core/middlewares/external/micropython/py/vstr.c:217:6:vstr_cut_tail_bytes	0	static
C:/PYRASOBC-main/OBC_STDPF/espf/core/middlewares/external/micropython/py/vstr.c:225:6:vstr_cut_out_bytes	16	static
C:/PYRASOBC-main/OBC_STDPF/espf/core/middlewares/external/micropython/py/vstr.c:213:6:vstr_cut_head_bytes	8	static
C:/PYRASOBC-main/OBC_STDPF/espf/core/middlewares/external/micropython/py/vstr.c:243:6:vstr_vprintf	16	static
C:/PYRASOBC-main/OBC_STDPF/espf/core/middlewares/external/micropython/py/vstr.c:236:6:vstr_printf	12	static
