C:/PYRASOBC-main/OBC_STDPF/espf/arch/stm32h753iit/hal/src/stm32h7xx_ll_rtc.c:267:6:LL_RTC_StructInit	0	static
C:/PYRASOBC-main/OBC_STDPF/espf/arch/stm32h753iit/hal/src/stm32h7xx_ll_rtc.c:369:6:LL_RTC_TIME_StructInit	0	static
C:/PYRASOBC-main/OBC_STDPF/espf/arch/stm32h753iit/hal/src/stm32h7xx_ll_rtc.c:457:6:LL_RTC_DATE_StructInit	0	static
C:/PYRASOBC-main/OBC_STDPF/espf/arch/stm32h753iit/hal/src/stm32h7xx_ll_rtc.c:480:13:LL_RTC_ALMA_Init	12	static
C:/PYRASOBC-main/OBC_STDPF/espf/arch/stm32h753iit/hal/src/stm32h7xx_ll_rtc.c:598:13:LL_RTC_ALMB_Init	12	static
C:/PYRASOBC-main/OBC_STDPF/espf/arch/stm32h753iit/hal/src/stm32h7xx_ll_rtc.c:708:6:LL_RTC_ALMA_StructInit	0	static
C:/PYRASOBC-main/OBC_STDPF/espf/arch/stm32h753iit/hal/src/stm32h7xx_ll_rtc.c:730:6:LL_RTC_ALMB_StructInit	0	static
C:/PYRASOBC-main/OBC_STDPF/espf/arch/stm32h753iit/hal/src/stm32h7xx_ll_rtc.c:755:13:LL_RTC_EnterInitMode	8	static
C:/PYRASOBC-main/OBC_STDPF/espf/arch/stm32h753iit/hal/src/stm32h7xx_ll_rtc.c:228:13:LL_RTC_Init	16	static
C:/PYRASOBC-main/OBC_STDPF/espf/arch/stm32h753iit/hal/src/stm32h7xx_ll_rtc.c:799:13:LL_RTC_ExitInitMode	0	static
C:/PYRASOBC-main/OBC_STDPF/espf/arch/stm32h753iit/hal/src/stm32h7xx_ll_rtc.c:826:13:LL_RTC_WaitForSynchro	8	static
C:/PYRASOBC-main/OBC_STDPF/espf/arch/stm32h753iit/hal/src/stm32h7xx_ll_rtc.c:149:13:LL_RTC_DeInit	8	static
C:/PYRASOBC-main/OBC_STDPF/espf/arch/stm32h753iit/hal/src/stm32h7xx_ll_rtc.c:287:13:LL_RTC_TIME_Init	16	static
C:/PYRASOBC-main/OBC_STDPF/espf/arch/stm32h753iit/hal/src/stm32h7xx_ll_rtc.c:390:13:LL_RTC_DATE_Init	16	static
