C:/PYRASOBC-main/OBC_STDPF/espf/arch/stm32h753iit/hal/src/stm32h7xx_hal_spi.c:506:13:HAL_SPI_MspInit	0	static
C:/PYRASOBC-main/OBC_STDPF/espf/arch/stm32h753iit/hal/src/stm32h7xx_hal_spi.c:522:13:HAL_SPI_MspDeInit	0	static
C:/PYRASOBC-main/OBC_STDPF/espf/arch/stm32h753iit/hal/src/stm32h7xx_hal_spi.c:3038:13:HAL_SPI_TxCpltCallback	0	static
C:/PYRASOBC-main/OBC_STDPF/espf/arch/stm32h753iit/hal/src/stm32h7xx_hal_spi.c:3054:13:HAL_SPI_RxCpltCallback	0	static
C:/PYRASOBC-main/OBC_STDPF/espf/arch/stm32h753iit/hal/src/stm32h7xx_hal_spi.c:3070:13:HAL_SPI_TxRxCpltCallback	0	static
C:/PYRASOBC-main/OBC_STDPF/espf/arch/stm32h753iit/hal/src/stm32h7xx_hal_spi.c:3086:13:HAL_SPI_TxHalfCpltCallback	0	static
C:/PYRASOBC-main/OBC_STDPF/espf/arch/stm32h753iit/hal/src/stm32h7xx_hal_spi.c:3102:13:HAL_SPI_RxHalfCpltCallback	0	static
C:/PYRASOBC-main/OBC_STDPF/espf/arch/stm32h753iit/hal/src/stm32h7xx_hal_spi.c:3118:13:HAL_SPI_TxRxHalfCpltCallback	0	static
C:/PYRASOBC-main/OBC_STDPF/espf/arch/stm32h753iit/hal/src/stm32h7xx_hal_spi.c:3134:13:HAL_SPI_ErrorCallback	0	static
C:/PYRASOBC-main/OBC_STDPF/espf/arch/stm32h753iit/hal/src/stm32h7xx_hal_spi.c:3152:13:HAL_SPI_AbortCpltCallback	0	static
C:/PYRASOBC-main/OBC_STDPF/espf/arch/stm32h753iit/hal/src/stm32h7xx_hal_spi.c:3224:13:SPI_DMATransmitCplt	8	static
C:/PYRASOBC-main/OBC_STDPF/espf/arch/stm32h753iit/hal/src/stm32h7xx_hal_spi.c:3252:13:SPI_DMAReceiveCplt	8	static
C:/PYRASOBC-main/OBC_STDPF/espf/arch/stm32h753iit/hal/src/stm32h7xx_hal_spi.c:3280:13:SPI_DMATransmitReceiveCplt	8	static
C:/PYRASOBC-main/OBC_STDPF/espf/arch/stm32h753iit/hal/src/stm32h7xx_hal_spi.c:3308:13:SPI_DMAHalfTransmitCplt	8	static
C:/PYRASOBC-main/OBC_STDPF/espf/arch/stm32h753iit/hal/src/stm32h7xx_hal_spi.c:3325:13:SPI_DMAHalfReceiveCplt	8	static
C:/PYRASOBC-main/OBC_STDPF/espf/arch/stm32h753iit/hal/src/stm32h7xx_hal_spi.c:3342:13:SPI_DMAHalfTransmitReceiveCplt	8	static
C:/PYRASOBC-main/OBC_STDPF/espf/arch/stm32h753iit/hal/src/stm32h7xx_hal_spi.c:3385:13:SPI_DMAAbortOnError	8	static
C:/PYRASOBC-main/OBC_STDPF/espf/arch/stm32h753iit/hal/src/stm32h7xx_hal_spi.c:3481:13:SPI_RxISR_8BIT	0	static
C:/PYRASOBC-main/OBC_STDPF/espf/arch/stm32h753iit/hal/src/stm32h7xx_hal_spi.c:3518:13:SPI_RxISR_16BIT	0	static
C:/PYRASOBC-main/OBC_STDPF/espf/arch/stm32h753iit/hal/src/stm32h7xx_hal_spi.c:3561:13:SPI_RxISR_32BIT	0	static
C:/PYRASOBC-main/OBC_STDPF/espf/arch/stm32h753iit/hal/src/stm32h7xx_hal_spi.c:3598:13:SPI_TxISR_8BIT	0	static
C:/PYRASOBC-main/OBC_STDPF/espf/arch/stm32h753iit/hal/src/stm32h7xx_hal_spi.c:3634:13:SPI_TxISR_16BIT	0	static
C:/PYRASOBC-main/OBC_STDPF/espf/arch/stm32h753iit/hal/src/stm32h7xx_hal_spi.c:3676:13:SPI_TxISR_32BIT	0	static
C:/PYRASOBC-main/OBC_STDPF/espf/arch/stm32h753iit/hal/src/stm32h7xx_hal_spi.c:3712:13:SPI_AbortTransfer	0	static
C:/PYRASOBC-main/OBC_STDPF/espf/arch/stm32h753iit/hal/src/stm32h7xx_hal_spi.c:3446:13:SPI_DMARxAbortCallback	8	static
C:/PYRASOBC-main/OBC_STDPF/espf/arch/stm32h753iit/hal/src/stm32h7xx_hal_spi.c:3409:13:SPI_DMATxAbortCallback	8	static
C:/PYRASOBC-main/OBC_STDPF/espf/arch/stm32h753iit/hal/src/stm32h7xx_hal_spi.c:3751:13:SPI_CloseTransfer	4	static
C:/PYRASOBC-main/OBC_STDPF/espf/arch/stm32h753iit/hal/src/stm32h7xx_hal_spi.c:3849:17:SPI_GetPacketSize	0	static
C:/PYRASOBC-main/OBC_STDPF/espf/arch/stm32h753iit/hal/src/stm32h7xx_hal_spi.c:3828:26:SPI_WaitOnFlagUntilTimeout	32	static
C:/PYRASOBC-main/OBC_STDPF/espf/arch/stm32h753iit/hal/src/stm32h7xx_hal_spi.c:3359:13:SPI_DMAError	8	static
C:/PYRASOBC-main/OBC_STDPF/espf/arch/stm32h753iit/hal/src/stm32h7xx_hal_spi.c:235:19:HAL_SPI_Init	16	static
C:/PYRASOBC-main/OBC_STDPF/espf/arch/stm32h753iit/hal/src/stm32h7xx_hal_spi.c:462:19:HAL_SPI_DeInit	8	static
C:/PYRASOBC-main/OBC_STDPF/espf/arch/stm32h753iit/hal/src/stm32h7xx_hal_spi.c:542:19:HAL_SPI_RegisterCallback	4	static
C:/PYRASOBC-main/OBC_STDPF/espf/arch/stm32h753iit/hal/src/stm32h7xx_hal_spi.c:653:19:HAL_SPI_UnRegisterCallback	0	static
C:/PYRASOBC-main/OBC_STDPF/espf/arch/stm32h753iit/hal/src/stm32h7xx_hal_spi.c:794:19:HAL_SPI_Transmit	40	static
C:/PYRASOBC-main/OBC_STDPF/espf/arch/stm32h753iit/hal/src/stm32h7xx_hal_spi.c:1217:19:HAL_SPI_TransmitReceive	48	static
C:/PYRASOBC-main/OBC_STDPF/espf/arch/stm32h753iit/hal/src/stm32h7xx_hal_spi.c:1013:19:HAL_SPI_Receive	40	static
C:/PYRASOBC-main/OBC_STDPF/espf/arch/stm32h753iit/hal/src/stm32h7xx_hal_spi.c:1446:19:HAL_SPI_Transmit_IT	0	static
C:/PYRASOBC-main/OBC_STDPF/espf/arch/stm32h753iit/hal/src/stm32h7xx_hal_spi.c:1627:19:HAL_SPI_TransmitReceive_IT	12	static
C:/PYRASOBC-main/OBC_STDPF/espf/arch/stm32h753iit/hal/src/stm32h7xx_hal_spi.c:1530:19:HAL_SPI_Receive_IT	8	static
C:/PYRASOBC-main/OBC_STDPF/espf/arch/stm32h753iit/hal/src/stm32h7xx_hal_spi.c:2005:19:HAL_SPI_Transmit_DMA	16	static
C:/PYRASOBC-main/OBC_STDPF/espf/arch/stm32h753iit/hal/src/stm32h7xx_hal_spi.c:2308:19:HAL_SPI_TransmitReceive_DMA	16	static
C:/PYRASOBC-main/OBC_STDPF/espf/arch/stm32h753iit/hal/src/stm32h7xx_hal_spi.c:2153:19:HAL_SPI_Receive_DMA	16	static
C:/PYRASOBC-main/OBC_STDPF/espf/arch/stm32h753iit/hal/src/stm32h7xx_hal_spi.c:2515:19:HAL_SPI_Abort	16	static
C:/PYRASOBC-main/OBC_STDPF/espf/arch/stm32h753iit/hal/src/stm32h7xx_hal_spi.c:2624:19:HAL_SPI_Abort_IT	24	static
C:/PYRASOBC-main/OBC_STDPF/espf/arch/stm32h753iit/hal/src/stm32h7xx_hal_spi.c:2746:19:HAL_SPI_DMAPause	0	static
C:/PYRASOBC-main/OBC_STDPF/espf/arch/stm32h753iit/hal/src/stm32h7xx_hal_spi.c:2761:19:HAL_SPI_DMAResume	0	static
C:/PYRASOBC-main/OBC_STDPF/espf/arch/stm32h753iit/hal/src/stm32h7xx_hal_spi.c:2776:19:HAL_SPI_DMAStop	0	static
C:/PYRASOBC-main/OBC_STDPF/espf/arch/stm32h753iit/hal/src/stm32h7xx_hal_spi.c:2790:6:HAL_SPI_IRQHandler	40	static
C:/PYRASOBC-main/OBC_STDPF/espf/arch/stm32h753iit/hal/src/stm32h7xx_hal_spi.c:3187:22:HAL_SPI_GetState	0	static
C:/PYRASOBC-main/OBC_STDPF/espf/arch/stm32h753iit/hal/src/stm32h7xx_hal_spi.c:3199:10:HAL_SPI_GetError	0	static
