C:/PYRASOBC-main/OBC_STDPF/espf/core/services/sxband_sched/src/sxband_sched.c:237:20:sxband_sched_trigger_hsm	16	static
C:/PYRASOBC-main/OBC_STDPF/espf/core/services/sxband_sched/src/sxband_sched.c:210:13:sxband_sched_task	8	static
C:/PYRASOBC-main/OBC_STDPF/espf/core/services/sxband_sched/src/sxband_sched.c:80:6:sxband_sched_init	8	static
C:/PYRASOBC-main/OBC_STDPF/espf/core/services/sxband_sched/src/sxband_sched.c:92:6:sxband_sched_deinit	8	static
C:/PYRASOBC-main/OBC_STDPF/espf/core/services/sxband_sched/src/sxband_sched.c:97:6:sxband_sched_start	8	static
C:/PYRASOBC-main/OBC_STDPF/espf/core/services/sxband_sched/src/sxband_sched.c:135:23:sxband_sched_start_file_seq	648	static
C:/PYRASOBC-main/OBC_STDPF/espf/core/services/sxband_sched/src/sxband_sched.c:188:6:sxband_sched_stop_file_seq	8	static
C:/PYRASOBC-main/OBC_STDPF/espf/core/services/sxband_sched/src/sxband_sched.c:195:6:sxband_sched_on_cmd_complete	0	static
C:/PYRASOBC-main/OBC_STDPF/espf/core/services/sxband_sched/src/sxband_sched.c:202:6:sxband_sched_is_file_seq_active	0	static
