C:/PYRASOBC-main/OBC_STDPF/espf/core/services/upython/src/core/cmodules/payload_ctrl/upy_payload_ctrl.c:213:17:PayloadInfo_get_last_error_code	8	static
C:/PYRASOBC-main/OBC_STDPF/espf/core/services/upython/src/core/cmodules/payload_ctrl/upy_payload_ctrl.c:204:17:PayloadInfo_get_pl_state	8	static
C:/PYRASOBC-main/OBC_STDPF/espf/core/services/upython/src/core/cmodules/payload_ctrl/upy_payload_ctrl.c:101:17:PayloadStartCfg_get_flags	8	static
C:/PYRASOBC-main/OBC_STDPF/espf/core/services/upython/src/core/cmodules/payload_ctrl/upy_payload_ctrl.c:535:17:resp_stop_payload_get_op_result	8	static
C:/PYRASOBC-main/OBC_STDPF/espf/core/services/upython/src/core/cmodules/payload_ctrl/upy_payload_ctrl.c:428:17:resp_start_payload_get_op_result	8	static
C:/PYRASOBC-main/OBC_STDPF/espf/core/services/upython/src/core/cmodules/payload_ctrl/upy_payload_ctrl.c:186:17:PayloadInfo_make_new	16	static
C:/PYRASOBC-main/OBC_STDPF/espf/core/services/upython/src/core/cmodules/payload_ctrl/upy_payload_ctrl.c:238:17:PayloadInfo_make_from_c_buf	8	static
C:/PYRASOBC-main/OBC_STDPF/espf/core/services/upython/src/core/cmodules/payload_ctrl/upy_payload_ctrl.c:256:17:PayloadInfo_make_from_buf	24	static
C:/PYRASOBC-main/OBC_STDPF/espf/core/services/upython/src/core/cmodules/payload_ctrl/upy_payload_ctrl.c:135:17:PayloadStartCfg_make_from_c_buf	16	static
C:/PYRASOBC-main/OBC_STDPF/espf/core/services/upython/src/core/cmodules/payload_ctrl/upy_payload_ctrl.c:153:17:PayloadStartCfg_make_from_buf	24	static
C:/PYRASOBC-main/OBC_STDPF/espf/core/services/upython/src/core/cmodules/payload_ctrl/upy_payload_ctrl.c:608:17:resp_get_payload_info_make_new	32	static
C:/PYRASOBC-main/OBC_STDPF/espf/core/services/upython/src/core/cmodules/payload_ctrl/upy_payload_ctrl.c:502:17:resp_stop_payload_make_new	32	static
C:/PYRASOBC-main/OBC_STDPF/espf/core/services/upython/src/core/cmodules/payload_ctrl/upy_payload_ctrl.c:395:17:resp_start_payload_make_new	32	static
C:/PYRASOBC-main/OBC_STDPF/espf/core/services/upython/src/core/cmodules/payload_ctrl/upy_payload_ctrl.c:110:17:PayloadStartCfg_get_pl_args	8	static
C:/PYRASOBC-main/OBC_STDPF/espf/core/services/upython/src/core/cmodules/payload_ctrl/upy_payload_ctrl.c:83:17:PayloadStartCfg_make_new	16	static
C:/PYRASOBC-main/OBC_STDPF/espf/core/services/upython/src/core/cmodules/payload_ctrl/upy_payload_ctrl.c:641:17:resp_get_payload_info_get_info	8	static
C:/PYRASOBC-main/OBC_STDPF/espf/core/services/upython/src/core/cmodules/payload_ctrl/upy_payload_ctrl.c:567:17:req_get_payload_info	16	static
C:/PYRASOBC-main/OBC_STDPF/espf/core/services/upython/src/core/cmodules/payload_ctrl/upy_payload_ctrl.c:460:17:req_stop_payload	16	static
C:/PYRASOBC-main/OBC_STDPF/espf/core/services/upython/src/core/cmodules/payload_ctrl/upy_payload_ctrl.c:353:17:req_start_payload	16	static
