C:/PYRASOBC-main/OBC_STDPF/espf/core/middlewares/external/libcubeobc/api/src/tctlmCubeCommonBaseBootloader6.c:21:11:tctlmCubeCommonBaseBootloader6_setReset	8	static
C:/PYRASOBC-main/OBC_STDPF/espf/core/middlewares/external/libcubeobc/api/src/tctlmCubeCommonBaseBootloader6.c:30:11:tctlmCubeCommonBaseBootloader6_setHalt	8	static
C:/PYRASOBC-main/OBC_STDPF/espf/core/middlewares/external/libcubeobc/api/src/tctlmCubeCommonBaseBootloader6.c:39:11:tctlmCubeCommonBaseBootloader6_setConfig	8	static
C:/PYRASOBC-main/OBC_STDPF/espf/core/middlewares/external/libcubeobc/api/src/tctlmCubeCommonBaseBootloader6.c:48:11:tctlmCubeCommonBaseBootloader6_setDefaultAppTarget	8	static
C:/PYRASOBC-main/OBC_STDPF/espf/core/middlewares/external/libcubeobc/api/src/tctlmCubeCommonBaseBootloader6.c:57:11:tctlmCubeCommonBaseBootloader6_setJumpToDefaultApp	8	static
C:/PYRASOBC-main/OBC_STDPF/espf/core/middlewares/external/libcubeobc/api/src/tctlmCubeCommonBaseBootloader6.c:66:11:tctlmCubeCommonBaseBootloader6_setJumpToApp	8	static
C:/PYRASOBC-main/OBC_STDPF/espf/core/middlewares/external/libcubeobc/api/src/tctlmCubeCommonBaseBootloader6.c:75:11:tctlmCubeCommonBaseBootloader6_setJumpToAddress	8	static
C:/PYRASOBC-main/OBC_STDPF/espf/core/middlewares/external/libcubeobc/api/src/tctlmCubeCommonBaseBootloader6.c:84:11:tctlmCubeCommonBaseBootloader6_setResetFileInfoIdx	8	static
C:/PYRASOBC-main/OBC_STDPF/espf/core/middlewares/external/libcubeobc/api/src/tctlmCubeCommonBaseBootloader6.c:93:11:tctlmCubeCommonBaseBootloader6_setWriteFileSetup	8	static
C:/PYRASOBC-main/OBC_STDPF/espf/core/middlewares/external/libcubeobc/api/src/tctlmCubeCommonBaseBootloader6.c:102:11:tctlmCubeCommonBaseBootloader6_setDeleteFileEntry	8	static
C:/PYRASOBC-main/OBC_STDPF/espf/core/middlewares/external/libcubeobc/api/src/tctlmCubeCommonBaseBootloader6.c:111:11:tctlmCubeCommonBaseBootloader6_setWriteMemorySetup	8	static
C:/PYRASOBC-main/OBC_STDPF/espf/core/middlewares/external/libcubeobc/api/src/tctlmCubeCommonBaseBootloader6.c:120:11:tctlmCubeCommonBaseBootloader6_setReadMemorySetup	8	static
C:/PYRASOBC-main/OBC_STDPF/espf/core/middlewares/external/libcubeobc/api/src/tctlmCubeCommonBaseBootloader6.c:129:11:tctlmCubeCommonBaseBootloader6_setEraseMemorySetup	8	static
C:/PYRASOBC-main/OBC_STDPF/espf/core/middlewares/external/libcubeobc/api/src/tctlmCubeCommonBaseBootloader6.c:138:11:tctlmCubeCommonBaseBootloader6_setOptionBytes	8	static
C:/PYRASOBC-main/OBC_STDPF/espf/core/middlewares/external/libcubeobc/api/src/tctlmCubeCommonBaseBootloader6.c:147:11:tctlmCubeCommonBaseBootloader6_setCommitOptionBytes	8	static
C:/PYRASOBC-main/OBC_STDPF/espf/core/middlewares/external/libcubeobc/api/src/tctlmCubeCommonBaseBootloader6.c:156:11:tctlmCubeCommonBaseBootloader6_setOptionBytesF7	8	static
C:/PYRASOBC-main/OBC_STDPF/espf/core/middlewares/external/libcubeobc/api/src/tctlmCubeCommonBaseBootloader6.c:165:11:tctlmCubeCommonBaseBootloader6_setFrame	8	static
C:/PYRASOBC-main/OBC_STDPF/espf/core/middlewares/external/libcubeobc/api/src/tctlmCubeCommonBaseBootloader6.c:174:11:tctlmCubeCommonBaseBootloader6_setTransferFrame	8	static
C:/PYRASOBC-main/OBC_STDPF/espf/core/middlewares/external/libcubeobc/api/src/tctlmCubeCommonBaseBootloader6.c:183:11:tctlmCubeCommonBaseBootloader6_setEccSim	48	static
C:/PYRASOBC-main/OBC_STDPF/espf/core/middlewares/external/libcubeobc/api/src/tctlmCubeCommonBaseBootloader6.c:226:11:tctlmCubeCommonBaseBootloader6_getIdentification	8	static
C:/PYRASOBC-main/OBC_STDPF/espf/core/middlewares/external/libcubeobc/api/src/tctlmCubeCommonBaseBootloader6.c:235:11:tctlmCubeCommonBaseBootloader6_getSerialNumber	8	static
C:/PYRASOBC-main/OBC_STDPF/espf/core/middlewares/external/libcubeobc/api/src/tctlmCubeCommonBaseBootloader6.c:244:11:tctlmCubeCommonBaseBootloader6_getConfig	8	static
C:/PYRASOBC-main/OBC_STDPF/espf/core/middlewares/external/libcubeobc/api/src/tctlmCubeCommonBaseBootloader6.c:253:11:tctlmCubeCommonBaseBootloader6_getState	8	static
C:/PYRASOBC-main/OBC_STDPF/espf/core/middlewares/external/libcubeobc/api/src/tctlmCubeCommonBaseBootloader6.c:262:11:tctlmCubeCommonBaseBootloader6_getErrors	8	static
C:/PYRASOBC-main/OBC_STDPF/espf/core/middlewares/external/libcubeobc/api/src/tctlmCubeCommonBaseBootloader6.c:271:11:tctlmCubeCommonBaseBootloader6_getFileInfo	8	static
C:/PYRASOBC-main/OBC_STDPF/espf/core/middlewares/external/libcubeobc/api/src/tctlmCubeCommonBaseBootloader6.c:280:11:tctlmCubeCommonBaseBootloader6_getDefaultAppTarget	8	static
C:/PYRASOBC-main/OBC_STDPF/espf/core/middlewares/external/libcubeobc/api/src/tctlmCubeCommonBaseBootloader6.c:289:11:tctlmCubeCommonBaseBootloader6_getOptionBytes	8	static
C:/PYRASOBC-main/OBC_STDPF/espf/core/middlewares/external/libcubeobc/api/src/tctlmCubeCommonBaseBootloader6.c:298:11:tctlmCubeCommonBaseBootloader6_getCommsStatus	8	static
C:/PYRASOBC-main/OBC_STDPF/espf/core/middlewares/external/libcubeobc/api/src/tctlmCubeCommonBaseBootloader6.c:307:11:tctlmCubeCommonBaseBootloader6_getMemMap	8	static
C:/PYRASOBC-main/OBC_STDPF/espf/core/middlewares/external/libcubeobc/api/src/tctlmCubeCommonBaseBootloader6.c:316:11:tctlmCubeCommonBaseBootloader6_getTelecommandAcknowledge	8	static
C:/PYRASOBC-main/OBC_STDPF/espf/core/middlewares/external/libcubeobc/api/src/tctlmCubeCommonBaseBootloader6.c:325:11:tctlmCubeCommonBaseBootloader6_getOptionBytesF7	8	static
C:/PYRASOBC-main/OBC_STDPF/espf/core/middlewares/external/libcubeobc/api/src/tctlmCubeCommonBaseBootloader6.c:334:11:tctlmCubeCommonBaseBootloader6_getWarnings	48	static
C:/PYRASOBC-main/OBC_STDPF/espf/core/middlewares/external/libcubeobc/api/src/tctlmCubeCommonBaseBootloader6.c:525:11:tctlmCubeCommonBaseBootloader6_getFrame	8	static
C:/PYRASOBC-main/OBC_STDPF/espf/core/middlewares/external/libcubeobc/api/src/tctlmCubeCommonBaseBootloader6.c:534:11:tctlmCubeCommonBaseBootloader6_getFrameInfo	8	static
