C:/PYRASOBC-main/OBC_STDPF/espf/core/middlewares/external/libcubeobc/api/src/tctlmCubeComputerControlProgram8.c:21:11:tctlmCubeComputerControlProgram8_setReset	8	static
C:/PYRASOBC-main/OBC_STDPF/espf/core/middlewares/external/libcubeobc/api/src/tctlmCubeComputerControlProgram8.c:30:11:tctlmCubeComputerControlProgram8_setUnixTime	8	static
C:/PYRASOBC-main/OBC_STDPF/espf/core/middlewares/external/libcubeobc/api/src/tctlmCubeComputerControlProgram8.c:39:11:tctlmCubeComputerControlProgram8_setErrorLogIndex	8	static
C:/PYRASOBC-main/OBC_STDPF/espf/core/middlewares/external/libcubeobc/api/src/tctlmCubeComputerControlProgram8.c:48:11:tctlmCubeComputerControlProgram8_setErrorLogEntry	8	static
C:/PYRASOBC-main/OBC_STDPF/espf/core/middlewares/external/libcubeobc/api/src/tctlmCubeComputerControlProgram8.c:57:11:tctlmCubeComputerControlProgram8_setErrorLogClear	8	static
C:/PYRASOBC-main/OBC_STDPF/espf/core/middlewares/external/libcubeobc/api/src/tctlmCubeComputerControlProgram8.c:66:11:tctlmCubeComputerControlProgram8_setErrorLogSettings	8	static
C:/PYRASOBC-main/OBC_STDPF/espf/core/middlewares/external/libcubeobc/api/src/tctlmCubeComputerControlProgram8.c:75:11:tctlmCubeComputerControlProgram8_setConfigPersist	8	static
C:/PYRASOBC-main/OBC_STDPF/espf/core/middlewares/external/libcubeobc/api/src/tctlmCubeComputerControlProgram8.c:84:11:tctlmCubeComputerControlProgram8_setReferenceFmcParam	48	static
C:/PYRASOBC-main/OBC_STDPF/espf/core/middlewares/external/libcubeobc/api/src/tctlmCubeComputerControlProgram8.c:123:11:tctlmCubeComputerControlProgram8_setReferenceIrcVector	48	static
C:/PYRASOBC-main/OBC_STDPF/espf/core/middlewares/external/libcubeobc/api/src/tctlmCubeComputerControlProgram8.c:159:11:tctlmCubeComputerControlProgram8_setReferenceTarget	48	static
C:/PYRASOBC-main/OBC_STDPF/espf/core/middlewares/external/libcubeobc/api/src/tctlmCubeComputerControlProgram8.c:195:11:tctlmCubeComputerControlProgram8_setGnssSensorCmd	48	static
C:/PYRASOBC-main/OBC_STDPF/espf/core/middlewares/external/libcubeobc/api/src/tctlmCubeComputerControlProgram8.c:244:11:tctlmCubeComputerControlProgram8_setConfigAsgp4	48	static
C:/PYRASOBC-main/OBC_STDPF/espf/core/middlewares/external/libcubeobc/api/src/tctlmCubeComputerControlProgram8.c:288:11:tctlmCubeComputerControlProgram8_setOrbMode	48	static
C:/PYRASOBC-main/OBC_STDPF/espf/core/middlewares/external/libcubeobc/api/src/tctlmCubeComputerControlProgram8.c:321:11:tctlmCubeComputerControlProgram8_setDeployCommandMag	48	static
C:/PYRASOBC-main/OBC_STDPF/espf/core/middlewares/external/libcubeobc/api/src/tctlmCubeComputerControlProgram8.c:355:11:tctlmCubeComputerControlProgram8_setReferenceRpy	48	static
C:/PYRASOBC-main/OBC_STDPF/espf/core/middlewares/external/libcubeobc/api/src/tctlmCubeComputerControlProgram8.c:391:11:tctlmCubeComputerControlProgram8_setOpenLoopCommandMtq	48	static
C:/PYRASOBC-main/OBC_STDPF/espf/core/middlewares/external/libcubeobc/api/src/tctlmCubeComputerControlProgram8.c:427:11:tctlmCubeComputerControlProgram8_setPowerState	8	static
C:/PYRASOBC-main/OBC_STDPF/espf/core/middlewares/external/libcubeobc/api/src/tctlmCubeComputerControlProgram8.c:436:11:tctlmCubeComputerControlProgram8_setAdcsRunMode	48	static
C:/PYRASOBC-main/OBC_STDPF/espf/core/middlewares/external/libcubeobc/api/src/tctlmCubeComputerControlProgram8.c:469:11:tctlmCubeComputerControlProgram8_setConMode	48	static
C:/PYRASOBC-main/OBC_STDPF/espf/core/middlewares/external/libcubeobc/api/src/tctlmCubeComputerControlProgram8.c:504:11:tctlmCubeComputerControlProgram8_setConfigActuatorRwl	48	static
C:/PYRASOBC-main/OBC_STDPF/espf/core/middlewares/external/libcubeobc/api/src/tctlmCubeComputerControlProgram8.c:570:11:tctlmCubeComputerControlProgram8_setConfigOrbitTargetParams	48	static
C:/PYRASOBC-main/OBC_STDPF/espf/core/middlewares/external/libcubeobc/api/src/tctlmCubeComputerControlProgram8.c:616:11:tctlmCubeComputerControlProgram8_setConfigAdcsSatellite	48	static
C:/PYRASOBC-main/OBC_STDPF/espf/core/middlewares/external/libcubeobc/api/src/tctlmCubeComputerControlProgram8.c:685:11:tctlmCubeComputerControlProgram8_setConfigAdcsController	48	static
C:/PYRASOBC-main/OBC_STDPF/espf/core/middlewares/external/libcubeobc/api/src/tctlmCubeComputerControlProgram8.c:771:11:tctlmCubeComputerControlProgram8_setConfigMag0OrbitCal	48	static
C:/PYRASOBC-main/OBC_STDPF/espf/core/middlewares/external/libcubeobc/api/src/tctlmCubeComputerControlProgram8.c:837:11:tctlmCubeComputerControlProgram8_setConfigDefaultModes	48	static
C:/PYRASOBC-main/OBC_STDPF/espf/core/middlewares/external/libcubeobc/api/src/tctlmCubeComputerControlProgram8.c:879:11:tctlmCubeComputerControlProgram8_setConfigMount	48	static
C:/PYRASOBC-main/OBC_STDPF/espf/core/middlewares/external/libcubeobc/api/src/tctlmCubeComputerControlProgram8.c:1104:11:tctlmCubeComputerControlProgram8_setConfigMag1OrbitCal	48	static
C:/PYRASOBC-main/OBC_STDPF/espf/core/middlewares/external/libcubeobc/api/src/tctlmCubeComputerControlProgram8.c:1170:11:tctlmCubeComputerControlProgram8_setConfigAdcsEstimator	48	static
C:/PYRASOBC-main/OBC_STDPF/espf/core/middlewares/external/libcubeobc/api/src/tctlmCubeComputerControlProgram8.c:1234:11:tctlmCubeComputerControlProgram8_setConfigOrbitSatParams	48	static
C:/PYRASOBC-main/OBC_STDPF/espf/core/middlewares/external/libcubeobc/api/src/tctlmCubeComputerControlProgram8.c:1280:11:tctlmCubeComputerControlProgram8_setConfigNodeSelection	48	static
C:/PYRASOBC-main/OBC_STDPF/espf/core/middlewares/external/libcubeobc/api/src/tctlmCubeComputerControlProgram8.c:1326:11:tctlmCubeComputerControlProgram8_setConfigActuatorMtq	48	static
C:/PYRASOBC-main/OBC_STDPF/espf/core/middlewares/external/libcubeobc/api/src/tctlmCubeComputerControlProgram8.c:1368:11:tctlmCubeComputerControlProgram8_setEstMode	48	static
C:/PYRASOBC-main/OBC_STDPF/espf/core/middlewares/external/libcubeobc/api/src/tctlmCubeComputerControlProgram8.c:1404:11:tctlmCubeComputerControlProgram8_setAdcsOpState	48	static
C:/PYRASOBC-main/OBC_STDPF/espf/core/middlewares/external/libcubeobc/api/src/tctlmCubeComputerControlProgram8.c:1437:11:tctlmCubeComputerControlProgram8_setSimSensorRaw	48	static
C:/PYRASOBC-main/OBC_STDPF/espf/core/middlewares/external/libcubeobc/api/src/tctlmCubeComputerControlProgram8.c:1768:11:tctlmCubeComputerControlProgram8_setOpenLoopCommandRwl	48	static
C:/PYRASOBC-main/OBC_STDPF/espf/core/middlewares/external/libcubeobc/api/src/tctlmCubeComputerControlProgram8.c:1806:11:tctlmCubeComputerControlProgram8_setOpenLoopCommandHxyzRW	48	static
C:/PYRASOBC-main/OBC_STDPF/espf/core/middlewares/external/libcubeobc/api/src/tctlmCubeComputerControlProgram8.c:1842:11:tctlmCubeComputerControlProgram8_setConfigMagSensingElement	48	static
C:/PYRASOBC-main/OBC_STDPF/espf/core/middlewares/external/libcubeobc/api/src/tctlmCubeComputerControlProgram8.c:1876:11:tctlmCubeComputerControlProgram8_setFrame	8	static
C:/PYRASOBC-main/OBC_STDPF/espf/core/middlewares/external/libcubeobc/api/src/tctlmCubeComputerControlProgram8.c:1885:11:tctlmCubeComputerControlProgram8_setTransferFrame	8	static
C:/PYRASOBC-main/OBC_STDPF/espf/core/middlewares/external/libcubeobc/api/src/tctlmCubeComputerControlProgram8.c:1894:11:tctlmCubeComputerControlProgram8_setFileTransferSetup	48	static
C:/PYRASOBC-main/OBC_STDPF/espf/core/middlewares/external/libcubeobc/api/src/tctlmCubeComputerControlProgram8.c:1945:11:tctlmCubeComputerControlProgram8_setPassThrough	8	static
C:/PYRASOBC-main/OBC_STDPF/espf/core/middlewares/external/libcubeobc/api/src/tctlmCubeComputerControlProgram8.c:1954:11:tctlmCubeComputerControlProgram8_setPortMap	8	static
C:/PYRASOBC-main/OBC_STDPF/espf/core/middlewares/external/libcubeobc/api/src/tctlmCubeComputerControlProgram8.c:1963:11:tctlmCubeComputerControlProgram8_setUnsolicitedTlmSetup	8	static
C:/PYRASOBC-main/OBC_STDPF/espf/core/middlewares/external/libcubeobc/api/src/tctlmCubeComputerControlProgram8.c:1972:11:tctlmCubeComputerControlProgram8_setImageFileInfoReset	8	static
C:/PYRASOBC-main/OBC_STDPF/espf/core/middlewares/external/libcubeobc/api/src/tctlmCubeComputerControlProgram8.c:1981:11:tctlmCubeComputerControlProgram8_setImageTransferSetup	8	static
C:/PYRASOBC-main/OBC_STDPF/espf/core/middlewares/external/libcubeobc/api/src/tctlmCubeComputerControlProgram8.c:1990:11:tctlmCubeComputerControlProgram8_setDummyEvent	8	static
C:/PYRASOBC-main/OBC_STDPF/espf/core/middlewares/external/libcubeobc/api/src/tctlmCubeComputerControlProgram8.c:1999:11:tctlmCubeComputerControlProgram8_setUnsolicitedEventSetup	8	static
C:/PYRASOBC-main/OBC_STDPF/espf/core/middlewares/external/libcubeobc/api/src/tctlmCubeComputerControlProgram8.c:2008:11:tctlmCubeComputerControlProgram8_setTelemetryLogTransferSetup	8	static
C:/PYRASOBC-main/OBC_STDPF/espf/core/middlewares/external/libcubeobc/api/src/tctlmCubeComputerControlProgram8.c:2017:11:tctlmCubeComputerControlProgram8_setEventLogFilterTransferSetup	8	static
C:/PYRASOBC-main/OBC_STDPF/espf/core/middlewares/external/libcubeobc/api/src/tctlmCubeComputerControlProgram8.c:2026:11:tctlmCubeComputerControlProgram8_setEraseLogData	8	static
C:/PYRASOBC-main/OBC_STDPF/espf/core/middlewares/external/libcubeobc/api/src/tctlmCubeComputerControlProgram8.c:2038:11:tctlmCubeComputerControlProgram8_getIdentification	8	static
C:/PYRASOBC-main/OBC_STDPF/espf/core/middlewares/external/libcubeobc/api/src/tctlmCubeComputerControlProgram8.c:2047:11:tctlmCubeComputerControlProgram8_getSerialNumber	8	static
C:/PYRASOBC-main/OBC_STDPF/espf/core/middlewares/external/libcubeobc/api/src/tctlmCubeComputerControlProgram8.c:2056:11:tctlmCubeComputerControlProgram8_getErrorLogIndex	8	static
C:/PYRASOBC-main/OBC_STDPF/espf/core/middlewares/external/libcubeobc/api/src/tctlmCubeComputerControlProgram8.c:2065:11:tctlmCubeComputerControlProgram8_getErrorLogEntry	8	static
C:/PYRASOBC-main/OBC_STDPF/espf/core/middlewares/external/libcubeobc/api/src/tctlmCubeComputerControlProgram8.c:2074:11:tctlmCubeComputerControlProgram8_getErrorLogSettings	8	static
C:/PYRASOBC-main/OBC_STDPF/espf/core/middlewares/external/libcubeobc/api/src/tctlmCubeComputerControlProgram8.c:2083:11:tctlmCubeComputerControlProgram8_getUnixTime	8	static
C:/PYRASOBC-main/OBC_STDPF/espf/core/middlewares/external/libcubeobc/api/src/tctlmCubeComputerControlProgram8.c:2092:11:tctlmCubeComputerControlProgram8_getConfigPersistDiagnostics	8	static
C:/PYRASOBC-main/OBC_STDPF/espf/core/middlewares/external/libcubeobc/api/src/tctlmCubeComputerControlProgram8.c:2101:11:tctlmCubeComputerControlProgram8_getCommsStatus	8	static
C:/PYRASOBC-main/OBC_STDPF/espf/core/middlewares/external/libcubeobc/api/src/tctlmCubeComputerControlProgram8.c:2110:11:tctlmCubeComputerControlProgram8_getVersion	8	static
C:/PYRASOBC-main/OBC_STDPF/espf/core/middlewares/external/libcubeobc/api/src/tctlmCubeComputerControlProgram8.c:2119:11:tctlmCubeComputerControlProgram8_getBootStatus	8	static
C:/PYRASOBC-main/OBC_STDPF/espf/core/middlewares/external/libcubeobc/api/src/tctlmCubeComputerControlProgram8.c:2128:11:tctlmCubeComputerControlProgram8_getTelecommandAcknowledge	8	static
C:/PYRASOBC-main/OBC_STDPF/espf/core/middlewares/external/libcubeobc/api/src/tctlmCubeComputerControlProgram8.c:2137:11:tctlmCubeComputerControlProgram8_getCommonErrorCodes	8	static
C:/PYRASOBC-main/OBC_STDPF/espf/core/middlewares/external/libcubeobc/api/src/tctlmCubeComputerControlProgram8.c:2146:11:tctlmCubeComputerControlProgram8_getIdentification2	8	static
C:/PYRASOBC-main/OBC_STDPF/espf/core/middlewares/external/libcubeobc/api/src/tctlmCubeComputerControlProgram8.c:2155:11:tctlmCubeComputerControlProgram8_getTlmStrAurigaHealth	48	static
C:/PYRASOBC-main/OBC_STDPF/espf/core/middlewares/external/libcubeobc/api/src/tctlmCubeComputerControlProgram8.c:2476:11:tctlmCubeComputerControlProgram8_getTlmStrCubeAurigaRaw	48	static
C:/PYRASOBC-main/OBC_STDPF/espf/core/middlewares/external/libcubeobc/api/src/tctlmCubeComputerControlProgram8.c:2857:11:tctlmCubeComputerControlProgram8_getReferenceFmcParam	48	static
C:/PYRASOBC-main/OBC_STDPF/espf/core/middlewares/external/libcubeobc/api/src/tctlmCubeComputerControlProgram8.c:2918:11:tctlmCubeComputerControlProgram8_getReferenceIrcVector	48	static
C:/PYRASOBC-main/OBC_STDPF/espf/core/middlewares/external/libcubeobc/api/src/tctlmCubeComputerControlProgram8.c:2972:11:tctlmCubeComputerControlProgram8_getReferenceTarget	48	static
C:/PYRASOBC-main/OBC_STDPF/espf/core/middlewares/external/libcubeobc/api/src/tctlmCubeComputerControlProgram8.c:3026:11:tctlmCubeComputerControlProgram8_getTlmGnssUartStatus	48	static
C:/PYRASOBC-main/OBC_STDPF/espf/core/middlewares/external/libcubeobc/api/src/tctlmCubeComputerControlProgram8.c:3075:11:tctlmCubeComputerControlProgram8_getCubeNodePortMap	48	static
C:/PYRASOBC-main/OBC_STDPF/espf/core/middlewares/external/libcubeobc/api/src/tctlmCubeComputerControlProgram8.c:3274:11:tctlmCubeComputerControlProgram8_getTlmStrCubeStarRaw	48	static
C:/PYRASOBC-main/OBC_STDPF/espf/core/middlewares/external/libcubeobc/api/src/tctlmCubeComputerControlProgram8.c:3481:11:tctlmCubeComputerControlProgram8_getFileTransferStatus	48	static
C:/PYRASOBC-main/OBC_STDPF/espf/core/middlewares/external/libcubeobc/api/src/tctlmCubeComputerControlProgram8.c:3670:11:tctlmCubeComputerControlProgram8_getOrbMode	48	static
C:/PYRASOBC-main/OBC_STDPF/espf/core/middlewares/external/libcubeobc/api/src/tctlmCubeComputerControlProgram8.c:3716:11:tctlmCubeComputerControlProgram8_getTlmExecutionPoint	48	static
C:/PYRASOBC-main/OBC_STDPF/espf/core/middlewares/external/libcubeobc/api/src/tctlmCubeComputerControlProgram8.c:3762:11:tctlmCubeComputerControlProgram8_getTlmHil	48	static
C:/PYRASOBC-main/OBC_STDPF/espf/core/middlewares/external/libcubeobc/api/src/tctlmCubeComputerControlProgram8.c:4084:11:tctlmCubeComputerControlProgram8_getTlmStrHealth	48	static
C:/PYRASOBC-main/OBC_STDPF/espf/core/middlewares/external/libcubeobc/api/src/tctlmCubeComputerControlProgram8.c:4261:11:tctlmCubeComputerControlProgram8_getTlmStrPst3sHealth	48	static
C:/PYRASOBC-main/OBC_STDPF/espf/core/middlewares/external/libcubeobc/api/src/tctlmCubeComputerControlProgram8.c:4378:11:tctlmCubeComputerControlProgram8_getTlmCubeMagHealth	48	static
C:/PYRASOBC-main/OBC_STDPF/espf/core/middlewares/external/libcubeobc/api/src/tctlmCubeComputerControlProgram8.c:4579:11:tctlmCubeComputerControlProgram8_getTlmFssCubeSenseSunHealth	48	static
C:/PYRASOBC-main/OBC_STDPF/espf/core/middlewares/external/libcubeobc/api/src/tctlmCubeComputerControlProgram8.c:4838:11:tctlmCubeComputerControlProgram8_getTlmTorquerCurrents	48	static
C:/PYRASOBC-main/OBC_STDPF/espf/core/middlewares/external/libcubeobc/api/src/tctlmCubeComputerControlProgram8.c:4958:11:tctlmCubeComputerControlProgram8_getTlmFssCubeSenseSunRaw	48	static
C:/PYRASOBC-main/OBC_STDPF/espf/core/middlewares/external/libcubeobc/api/src/tctlmCubeComputerControlProgram8.c:5163:11:tctlmCubeComputerControlProgram8_getTlmExtSensorRaw	48	static
C:/PYRASOBC-main/OBC_STDPF/espf/core/middlewares/external/libcubeobc/api/src/tctlmCubeComputerControlProgram8.c:5286:11:tctlmCubeComputerControlProgram8_getTlmController	48	static
C:/PYRASOBC-main/OBC_STDPF/espf/core/middlewares/external/libcubeobc/api/src/tctlmCubeComputerControlProgram8.c:5623:11:tctlmCubeComputerControlProgram8_getTlmEstimatorBackup	48	static
C:/PYRASOBC-main/OBC_STDPF/espf/core/middlewares/external/libcubeobc/api/src/tctlmCubeComputerControlProgram8.c:5919:11:tctlmCubeComputerControlProgram8_getTlmModels	48	static
C:/PYRASOBC-main/OBC_STDPF/espf/core/middlewares/external/libcubeobc/api/src/tctlmCubeComputerControlProgram8.c:6192:11:tctlmCubeComputerControlProgram8_getTlmSensorCalGnss	48	static
C:/PYRASOBC-main/OBC_STDPF/espf/core/middlewares/external/libcubeobc/api/src/tctlmCubeComputerControlProgram8.c:6288:11:tctlmCubeComputerControlProgram8_getTlmSensorCalHss	48	static
C:/PYRASOBC-main/OBC_STDPF/espf/core/middlewares/external/libcubeobc/api/src/tctlmCubeComputerControlProgram8.c:6405:11:tctlmCubeComputerControlProgram8_getTlmSensorCalMag	48	static
C:/PYRASOBC-main/OBC_STDPF/espf/core/middlewares/external/libcubeobc/api/src/tctlmCubeComputerControlProgram8.c:6536:11:tctlmCubeComputerControlProgram8_getTlmSensorCalFss	48	static
C:/PYRASOBC-main/OBC_STDPF/espf/core/middlewares/external/libcubeobc/api/src/tctlmCubeComputerControlProgram8.c:6749:11:tctlmCubeComputerControlProgram8_getTlmHssCubeSenseEarthRaw	48	static
C:/PYRASOBC-main/OBC_STDPF/espf/core/middlewares/external/libcubeobc/api/src/tctlmCubeComputerControlProgram8.c:6876:11:tctlmCubeComputerControlProgram8_getTlmSensorRawMag	48	static
C:/PYRASOBC-main/OBC_STDPF/espf/core/middlewares/external/libcubeobc/api/src/tctlmCubeComputerControlProgram8.c:6993:11:tctlmCubeComputerControlProgram8_getReferenceRpy	48	static
C:/PYRASOBC-main/OBC_STDPF/espf/core/middlewares/external/libcubeobc/api/src/tctlmCubeComputerControlProgram8.c:7047:11:tctlmCubeComputerControlProgram8_getOpenLoopCommandMtq	48	static
C:/PYRASOBC-main/OBC_STDPF/espf/core/middlewares/external/libcubeobc/api/src/tctlmCubeComputerControlProgram8.c:7101:11:tctlmCubeComputerControlProgram8_getPowerState	8	static
C:/PYRASOBC-main/OBC_STDPF/espf/core/middlewares/external/libcubeobc/api/src/tctlmCubeComputerControlProgram8.c:7110:11:tctlmCubeComputerControlProgram8_getAdcsRunMode	48	static
C:/PYRASOBC-main/OBC_STDPF/espf/core/middlewares/external/libcubeobc/api/src/tctlmCubeComputerControlProgram8.c:7156:11:tctlmCubeComputerControlProgram8_getConMode	48	static
C:/PYRASOBC-main/OBC_STDPF/espf/core/middlewares/external/libcubeobc/api/src/tctlmCubeComputerControlProgram8.c:7207:11:tctlmCubeComputerControlProgram8_getConfigActuatorRwl	48	static
C:/PYRASOBC-main/OBC_STDPF/espf/core/middlewares/external/libcubeobc/api/src/tctlmCubeComputerControlProgram8.c:7335:11:tctlmCubeComputerControlProgram8_getConfigOrbitTargetParams	48	static
C:/PYRASOBC-main/OBC_STDPF/espf/core/middlewares/external/libcubeobc/api/src/tctlmCubeComputerControlProgram8.c:7414:11:tctlmCubeComputerControlProgram8_getConfigAsgp4	48	static
C:/PYRASOBC-main/OBC_STDPF/espf/core/middlewares/external/libcubeobc/api/src/tctlmCubeComputerControlProgram8.c:7501:11:tctlmCubeComputerControlProgram8_getConfigAdcsSatellite	48	static
C:/PYRASOBC-main/OBC_STDPF/espf/core/middlewares/external/libcubeobc/api/src/tctlmCubeComputerControlProgram8.c:7651:11:tctlmCubeComputerControlProgram8_getConfigAdcsController	48	static
C:/PYRASOBC-main/OBC_STDPF/espf/core/middlewares/external/libcubeobc/api/src/tctlmCubeComputerControlProgram8.c:7838:11:tctlmCubeComputerControlProgram8_getConfigMag0OrbitCal	48	static
C:/PYRASOBC-main/OBC_STDPF/espf/core/middlewares/external/libcubeobc/api/src/tctlmCubeComputerControlProgram8.c:7985:11:tctlmCubeComputerControlProgram8_getConfigDefaultModes	48	static
C:/PYRASOBC-main/OBC_STDPF/espf/core/middlewares/external/libcubeobc/api/src/tctlmCubeComputerControlProgram8.c:8052:11:tctlmCubeComputerControlProgram8_getConfigMount	48	static
C:/PYRASOBC-main/OBC_STDPF/espf/core/middlewares/external/libcubeobc/api/src/tctlmCubeComputerControlProgram8.c:8624:11:tctlmCubeComputerControlProgram8_getConfigMag1OrbitCal	48	static
C:/PYRASOBC-main/OBC_STDPF/espf/core/middlewares/external/libcubeobc/api/src/tctlmCubeComputerControlProgram8.c:8771:11:tctlmCubeComputerControlProgram8_getConfigAdcsEstimator	48	static
C:/PYRASOBC-main/OBC_STDPF/espf/core/middlewares/external/libcubeobc/api/src/tctlmCubeComputerControlProgram8.c:8911:11:tctlmCubeComputerControlProgram8_getConfigOrbitSatParams	48	static
C:/PYRASOBC-main/OBC_STDPF/espf/core/middlewares/external/libcubeobc/api/src/tctlmCubeComputerControlProgram8.c:8990:11:tctlmCubeComputerControlProgram8_getConfigNodeSelection	48	static
C:/PYRASOBC-main/OBC_STDPF/espf/core/middlewares/external/libcubeobc/api/src/tctlmCubeComputerControlProgram8.c:9069:11:tctlmCubeComputerControlProgram8_getConfigActuatorMtq	48	static
C:/PYRASOBC-main/OBC_STDPF/espf/core/middlewares/external/libcubeobc/api/src/tctlmCubeComputerControlProgram8.c:9138:11:tctlmCubeComputerControlProgram8_getEstMode	48	static
C:/PYRASOBC-main/OBC_STDPF/espf/core/middlewares/external/libcubeobc/api/src/tctlmCubeComputerControlProgram8.c:9191:11:tctlmCubeComputerControlProgram8_getAdcsOpState	48	static
C:/PYRASOBC-main/OBC_STDPF/espf/core/middlewares/external/libcubeobc/api/src/tctlmCubeComputerControlProgram8.c:9237:11:tctlmCubeComputerControlProgram8_getSimSensorRaw	48	static
C:/PYRASOBC-main/OBC_STDPF/espf/core/middlewares/external/libcubeobc/api/src/tctlmCubeComputerControlProgram8.c:10201:11:tctlmCubeComputerControlProgram8_getOpenLoopCommandRwl	48	static
C:/PYRASOBC-main/OBC_STDPF/espf/core/middlewares/external/libcubeobc/api/src/tctlmCubeComputerControlProgram8.c:10260:11:tctlmCubeComputerControlProgram8_getTlmSensorRawCss	48	static
C:/PYRASOBC-main/OBC_STDPF/espf/core/middlewares/external/libcubeobc/api/src/tctlmCubeComputerControlProgram8.c:10366:11:tctlmCubeComputerControlProgram8_getTlmSensorRawGyro	48	static
C:/PYRASOBC-main/OBC_STDPF/espf/core/middlewares/external/libcubeobc/api/src/tctlmCubeComputerControlProgram8.c:10459:11:tctlmCubeComputerControlProgram8_getTlmSensorRawRwl	48	static
C:/PYRASOBC-main/OBC_STDPF/espf/core/middlewares/external/libcubeobc/api/src/tctlmCubeComputerControlProgram8.c:10556:11:tctlmCubeComputerControlProgram8_getTlmSensorCalCss	48	static
C:/PYRASOBC-main/OBC_STDPF/espf/core/middlewares/external/libcubeobc/api/src/tctlmCubeComputerControlProgram8.c:10639:11:tctlmCubeComputerControlProgram8_getTlmSensorCalGyro	48	static
C:/PYRASOBC-main/OBC_STDPF/espf/core/middlewares/external/libcubeobc/api/src/tctlmCubeComputerControlProgram8.c:10776:11:tctlmCubeComputerControlProgram8_getTlmSensorCalStr	48	static
C:/PYRASOBC-main/OBC_STDPF/espf/core/middlewares/external/libcubeobc/api/src/tctlmCubeComputerControlProgram8.c:11163:11:tctlmCubeComputerControlProgram8_getTlmSensorCalRwl	48	static
C:/PYRASOBC-main/OBC_STDPF/espf/core/middlewares/external/libcubeobc/api/src/tctlmCubeComputerControlProgram8.c:11249:11:tctlmCubeComputerControlProgram8_getTlmEstimatorMain	48	static
C:/PYRASOBC-main/OBC_STDPF/espf/core/middlewares/external/libcubeobc/api/src/tctlmCubeComputerControlProgram8.c:11545:11:tctlmCubeComputerControlProgram8_getTlmEstimatorMainHighRes	48	static
C:/PYRASOBC-main/OBC_STDPF/espf/core/middlewares/external/libcubeobc/api/src/tctlmCubeComputerControlProgram8.c:11629:11:tctlmCubeComputerControlProgram8_getTlmGnssRaw	48	static
C:/PYRASOBC-main/OBC_STDPF/espf/core/middlewares/external/libcubeobc/api/src/tctlmCubeComputerControlProgram8.c:11759:11:tctlmCubeComputerControlProgram8_getTlmStrPst3sRaw	48	static
C:/PYRASOBC-main/OBC_STDPF/espf/core/middlewares/external/libcubeobc/api/src/tctlmCubeComputerControlProgram8.c:12212:11:tctlmCubeComputerControlProgram8_getTlmAcpExecution	48	static
C:/PYRASOBC-main/OBC_STDPF/espf/core/middlewares/external/libcubeobc/api/src/tctlmCubeComputerControlProgram8.c:12332:11:tctlmCubeComputerControlProgram8_getOpenLoopCommandHxyzRW	48	static
C:/PYRASOBC-main/OBC_STDPF/espf/core/middlewares/external/libcubeobc/api/src/tctlmCubeComputerControlProgram8.c:12386:11:tctlmCubeComputerControlProgram8_getTlmCubeComputerHealth	48	static
C:/PYRASOBC-main/OBC_STDPF/espf/core/middlewares/external/libcubeobc/api/src/tctlmCubeComputerControlProgram8.c:12591:11:tctlmCubeComputerControlProgram8_getTlmHssCubeSenseEarthHealth	48	static
C:/PYRASOBC-main/OBC_STDPF/espf/core/middlewares/external/libcubeobc/api/src/tctlmCubeComputerControlProgram8.c:12712:11:tctlmCubeComputerControlProgram8_getTlmRwlHealth	48	static
C:/PYRASOBC-main/OBC_STDPF/espf/core/middlewares/external/libcubeobc/api/src/tctlmCubeComputerControlProgram8.c:12879:11:tctlmCubeComputerControlProgram8_getFrame	8	static
C:/PYRASOBC-main/OBC_STDPF/espf/core/middlewares/external/libcubeobc/api/src/tctlmCubeComputerControlProgram8.c:12888:11:tctlmCubeComputerControlProgram8_getFrameInfo	8	static
C:/PYRASOBC-main/OBC_STDPF/espf/core/middlewares/external/libcubeobc/api/src/tctlmCubeComputerControlProgram8.c:12897:11:tctlmCubeComputerControlProgram8_getConfigMagSensingElement	48	static
C:/PYRASOBC-main/OBC_STDPF/espf/core/middlewares/external/libcubeobc/api/src/tctlmCubeComputerControlProgram8.c:12950:11:tctlmCubeComputerControlProgram8_getTlmNssRwlHealth	48	static
C:/PYRASOBC-main/OBC_STDPF/espf/core/middlewares/external/libcubeobc/api/src/tctlmCubeComputerControlProgram8.c:13221:11:tctlmCubeComputerControlProgram8_getTlmRwlNssRwlRaw	48	static
C:/PYRASOBC-main/OBC_STDPF/espf/core/middlewares/external/libcubeobc/api/src/tctlmCubeComputerControlProgram8.c:13602:11:tctlmCubeComputerControlProgram8_getTelemtryLogInclusionMasks	8	static
C:/PYRASOBC-main/OBC_STDPF/espf/core/middlewares/external/libcubeobc/api/src/tctlmCubeComputerControlProgram8.c:13611:11:tctlmCubeComputerControlProgram8_getUnsolicitedTlmSetup	8	static
C:/PYRASOBC-main/OBC_STDPF/espf/core/middlewares/external/libcubeobc/api/src/tctlmCubeComputerControlProgram8.c:13620:11:tctlmCubeComputerControlProgram8_getPassThrough	8	static
C:/PYRASOBC-main/OBC_STDPF/espf/core/middlewares/external/libcubeobc/api/src/tctlmCubeComputerControlProgram8.c:13629:11:tctlmCubeComputerControlProgram8_getComponentErrorCodes	8	static
C:/PYRASOBC-main/OBC_STDPF/espf/core/middlewares/external/libcubeobc/api/src/tctlmCubeComputerControlProgram8.c:13638:11:tctlmCubeComputerControlProgram8_getImageFileInfo	8	static
C:/PYRASOBC-main/OBC_STDPF/espf/core/middlewares/external/libcubeobc/api/src/tctlmCubeComputerControlProgram8.c:13647:11:tctlmCubeComputerControlProgram8_getImageTransferStatus	8	static
C:/PYRASOBC-main/OBC_STDPF/espf/core/middlewares/external/libcubeobc/api/src/tctlmCubeComputerControlProgram8.c:13656:11:tctlmCubeComputerControlProgram8_getUnsolicitedEventSetup	8	static
C:/PYRASOBC-main/OBC_STDPF/espf/core/middlewares/external/libcubeobc/api/src/tctlmCubeComputerControlProgram8.c:13665:11:tctlmCubeComputerControlProgram8_getTelemtryLogStatus	8	static
C:/PYRASOBC-main/OBC_STDPF/espf/core/middlewares/external/libcubeobc/api/src/tctlmCubeComputerControlProgram8.c:13674:11:tctlmCubeComputerControlProgram8_getEventLogStatus	8	static
C:/PYRASOBC-main/OBC_STDPF/espf/core/middlewares/external/libcubeobc/api/src/tctlmCubeComputerControlProgram8.c:13683:11:tctlmCubeComputerControlProgram8_getTlmGyrLitefuforsRaw	48	static
C:/PYRASOBC-main/OBC_STDPF/espf/core/middlewares/external/libcubeobc/api/src/tctlmCubeComputerControlProgram8.c:14056:11:tctlmCubeComputerControlProgram8_getTlmNodeInitState	48	static
C:/PYRASOBC-main/OBC_STDPF/espf/core/middlewares/external/libcubeobc/api/src/tctlmCubeComputerControlProgram8.c:14235:11:tctlmCubeComputerControlProgram8_getExpectedNodes	8	static
C:/PYRASOBC-main/OBC_STDPF/espf/core/middlewares/external/libcubeobc/api/src/tctlmCubeComputerControlProgram8.c:14244:11:tctlmCubeComputerControlProgram8_getPortMap	8	static
C:/PYRASOBC-main/OBC_STDPF/espf/core/middlewares/external/libcubeobc/api/src/tctlmCubeComputerControlProgram8.c:14253:11:tctlmCubeComputerControlProgram8_getPortDiagnostics	8	static
C:/PYRASOBC-main/OBC_STDPF/espf/core/middlewares/external/libcubeobc/api/src/tctlmCubeComputerControlProgram8.c:14262:11:tctlmCubeComputerControlProgram8_getFileTransferSetup	48	static
C:/PYRASOBC-main/OBC_STDPF/espf/core/middlewares/external/libcubeobc/api/src/tctlmCubeComputerControlProgram8.c:14351:11:tctlmCubeComputerControlProgram8_getFileInfo	48	static
C:/PYRASOBC-main/OBC_STDPF/espf/core/middlewares/external/libcubeobc/api/src/tctlmCubeComputerControlProgram8.c:14500:11:tctlmCubeComputerControlProgram8_getTlmLitefuforsHealth	48	static
C:/PYRASOBC-main/OBC_STDPF/espf/core/middlewares/external/libcubeobc/api/src/tctlmCubeComputerControlProgram8.c:14681:11:tctlmCubeComputerControlProgram8_getTlmAsgp4	48	static
