C:/PYRASOBC-main/OBC_STDPF/espf/core/services/beacons/src/beacons_sm_config_user.c:33:20:reset_internal_state	16	static
C:/PYRASOBC-main/OBC_STDPF/espf/core/services/beacons/src/beacons_sm_config_user.c:26:1:cmp_logger_def_init	0	static
C:/PYRASOBC-main/OBC_STDPF/espf/core/services/beacons/src/beacons_sm_config_user.c:50:6:beacons_sm_on_entry_Init	8	static
C:/PYRASOBC-main/OBC_STDPF/espf/core/services/beacons/src/beacons_sm_config_user.c:65:6:beacons_sm_on_entry_Started	8	static
C:/PYRASOBC-main/OBC_STDPF/espf/core/services/beacons/src/beacons_sm_config_user.c:81:6:beacons_sm_on_exit_Started	8	static
C:/PYRASOBC-main/OBC_STDPF/espf/core/services/beacons/src/beacons_sm_config_user.c:96:6:beacons_sm_on_entry_Beacon_Wait_Time	16	static
C:/PYRASOBC-main/OBC_STDPF/espf/core/services/beacons/src/beacons_sm_config_user.c:123:6:beacons_sm_on_entry_Stopped	8	static
C:/PYRASOBC-main/OBC_STDPF/espf/core/services/beacons/src/beacons_sm_config_user.c:140:6:beacons_sm_guard_can_stop_operation	8	static
C:/PYRASOBC-main/OBC_STDPF/espf/core/services/beacons/src/beacons_sm_config_user.c:156:6:beacons_sm_guard_is_beacon_time_expired	8	static
C:/PYRASOBC-main/OBC_STDPF/espf/core/services/beacons/src/beacons_sm_config_user.c:171:6:beacons_sm_guard_all_beacons_transmitted	0	static
C:/PYRASOBC-main/OBC_STDPF/espf/core/services/beacons/src/beacons_sm_config_user.c:188:6:beacons_sm_guard_is_sink_timeout_expired	8	static
C:/PYRASOBC-main/OBC_STDPF/espf/core/services/beacons/src/beacons_sm_config_user.c:203:6:beacons_sm_guard_can_continue_transmission	8	static
C:/PYRASOBC-main/OBC_STDPF/espf/core/services/beacons/src/beacons_sm_config_user.c:222:6:beacons_sm_action_reload_config	8	static
C:/PYRASOBC-main/OBC_STDPF/espf/core/services/beacons/src/beacons_sm_config_user.c:259:6:beacons_sm_action_reset_send_state	16	static
C:/PYRASOBC-main/OBC_STDPF/espf/core/services/beacons/src/beacons_sm_config_user.c:277:6:beacons_sm_action_log_sink_timeout_error	8	static
C:/PYRASOBC-main/OBC_STDPF/espf/core/services/beacons/src/beacons_sm_config_user.c:291:6:beacons_sm_action_send_beacon	40	static
C:/PYRASOBC-main/OBC_STDPF/espf/core/services/beacons/src/beacons_sm_config_user.c:243:6:beacons_sm_action_start_beacon_burst	16	static
