C:/PYRASOBC-main/OBC_STDPF/espf/arch/stm32h753iit/drivers/pps/src/pps.c:313:13:pps_gpio_validate_cfg	0	static
C:/PYRASOBC-main/OBC_STDPF/espf/arch/stm32h753iit/drivers/pps/src/pps.c:289:13:pps_tlm_entry	16	static
C:/PYRASOBC-main/OBC_STDPF/espf/arch/stm32h753iit/drivers/pps/src/pps.c:449:13:pps_thread	8	static
C:/PYRASOBC-main/OBC_STDPF/espf/arch/stm32h753iit/drivers/pps/src/pps.c:440:13:pps_tim_msp_deinit	8	static
C:/PYRASOBC-main/OBC_STDPF/espf/arch/stm32h753iit/drivers/pps/src/pps.c:422:13:pps_tim_msp_init	16	static
C:/PYRASOBC-main/OBC_STDPF/espf/arch/stm32h753iit/drivers/pps/src/pps.c:393:17:pps_tim_calc_prescaler	48	static
C:/PYRASOBC-main/OBC_STDPF/espf/arch/stm32h753iit/drivers/pps/src/pps.c:247:13:pps_tim_stop	8	static
C:/PYRASOBC-main/OBC_STDPF/espf/arch/stm32h753iit/drivers/pps/src/pps.c:227:13:pps_tim_start	8	static
C:/PYRASOBC-main/OBC_STDPF/espf/arch/stm32h753iit/drivers/pps/src/pps.c:270:13:pps_tim_reset	8	static
C:/PYRASOBC-main/OBC_STDPF/espf/arch/stm32h753iit/drivers/pps/src/pps.c:40:1:cmp_logger_def_init	0	static
C:/PYRASOBC-main/OBC_STDPF/espf/arch/stm32h753iit/drivers/pps/src/pps.c:152:6:pps_init	48	static
C:/PYRASOBC-main/OBC_STDPF/espf/arch/stm32h753iit/drivers/pps/src/pps.c:208:6:pps_deinit	8	static
C:/PYRASOBC-main/OBC_STDPF/espf/arch/stm32h753iit/drivers/pps/src/pps.c:348:6:pps_irq_handler	8	static
C:/PYRASOBC-main/OBC_STDPF/espf/arch/stm32h753iit/drivers/pps/src/pps.c:354:6:pps_get_offset	8	static
C:/PYRASOBC-main/OBC_STDPF/espf/arch/stm32h753iit/drivers/pps/src/pps.c:373:6:pps_set_rtc_sync_status	0	static
C:/PYRASOBC-main/OBC_STDPF/espf/arch/stm32h753iit/drivers/pps/src/pps.c:378:6:pps_increment_sync_success	0	static
C:/PYRASOBC-main/OBC_STDPF/espf/arch/stm32h753iit/drivers/pps/src/pps.c:383:6:pps_increment_sync_fail	0	static
