C:/PYRASOBC-main/OBC_STDPF/espf/core/middlewares/external/csp/src/rtable/csp_rtable_static.c:28:21:csp_rtable_find_route	0	static
C:/PYRASOBC-main/OBC_STDPF/espf/core/middlewares/external/csp/src/rtable/csp_rtable_static.c:40:5:csp_rtable_set_internal	24	static
C:/PYRASOBC-main/OBC_STDPF/espf/core/middlewares/external/csp/src/rtable/csp_rtable_static.c:56:6:csp_rtable_free	8	static
C:/PYRASOBC-main/OBC_STDPF/espf/core/middlewares/external/csp/src/rtable/csp_rtable_static.c:61:6:csp_rtable_iterate	16	static
