C:/PYRASOBC-main/OBC_STDPF/espf/core/middlewares/external/micropython/extmod/vfs.c:162:17:mp_vfs_autodetect	8	static
C:/PYRASOBC-main/OBC_STDPF/espf/core/middlewares/external/micropython/extmod/vfs.c:109:17:mp_vfs_proxy_call	32	static
C:/PYRASOBC-main/OBC_STDPF/espf/core/middlewares/external/micropython/extmod/vfs.c:267:10:mp_vfs_umount	24	static
C:/PYRASOBC-main/OBC_STDPF/espf/core/middlewares/external/micropython/extmod/vfs.c:348:10:mp_vfs_getcwd	32	static
C:/PYRASOBC-main/OBC_STDPF/espf/core/middlewares/external/micropython/extmod/vfs.c:379:17:mp_vfs_ilistdir_it_iternext	24	static
C:/PYRASOBC-main/OBC_STDPF/espf/core/middlewares/external/micropython/extmod/vfs.c:57:17:mp_vfs_lookup_path	24	static
C:/PYRASOBC-main/OBC_STDPF/espf/core/middlewares/external/micropython/extmod/vfs.c:204:10:mp_vfs_mount	56	static
C:/PYRASOBC-main/OBC_STDPF/espf/core/middlewares/external/micropython/extmod/vfs.c:96:24:lookup_path	32	static
C:/PYRASOBC-main/OBC_STDPF/espf/core/middlewares/external/micropython/extmod/vfs.c:300:10:mp_vfs_open	32	static
C:/PYRASOBC-main/OBC_STDPF/espf/core/middlewares/external/micropython/extmod/vfs.c:325:10:mp_vfs_chdir	16	static
C:/PYRASOBC-main/OBC_STDPF/espf/core/middlewares/external/micropython/extmod/vfs.c:410:10:mp_vfs_ilistdir	24	static
C:/PYRASOBC-main/OBC_STDPF/espf/core/middlewares/external/micropython/extmod/vfs.c:435:10:mp_vfs_listdir	16	static
C:/PYRASOBC-main/OBC_STDPF/espf/core/middlewares/external/micropython/extmod/vfs.c:446:10:mp_vfs_mkdir	16	static
C:/PYRASOBC-main/OBC_STDPF/espf/core/middlewares/external/micropython/extmod/vfs.c:456:10:mp_vfs_remove	16	static
C:/PYRASOBC-main/OBC_STDPF/espf/core/middlewares/external/micropython/extmod/vfs.c:463:10:mp_vfs_rename	24	static
C:/PYRASOBC-main/OBC_STDPF/espf/core/middlewares/external/micropython/extmod/vfs.c:475:10:mp_vfs_rmdir	16	static
C:/PYRASOBC-main/OBC_STDPF/espf/core/middlewares/external/micropython/extmod/vfs.c:482:10:mp_vfs_stat	16	static
C:/PYRASOBC-main/OBC_STDPF/espf/core/middlewares/external/micropython/extmod/vfs.c:497:10:mp_vfs_statvfs	16	static
C:/PYRASOBC-main/OBC_STDPF/espf/core/middlewares/external/micropython/extmod/vfs.c:127:18:mp_vfs_import_stat	104	static
C:/PYRASOBC-main/OBC_STDPF/espf/core/middlewares/external/micropython/extmod/vfs.c:531:5:mp_vfs_mount_and_chdir_protected	104	static
