C:/PYRASOBC-main/OBC_STDPF/espf/core/services/aocs/aocs_cntrl/src/aocs_pm.c:804:16:fs_aocs_pm_assess_stability	8	static
C:/PYRASOBC-main/OBC_STDPF/espf/core/services/aocs/aocs_cntrl/src/aocs_pm.c:593:13:fs_aocs_pm_manage_offset	16	static
C:/PYRASOBC-main/OBC_STDPF/espf/core/services/aocs/aocs_cntrl/src/aocs_pm.c:256:6:aocs_pm_reset	16	static
C:/PYRASOBC-main/OBC_STDPF/espf/core/services/aocs/aocs_cntrl/src/aocs_pm.c:631:13:fs_aocs_update_att_buff	72	static
C:/PYRASOBC-main/OBC_STDPF/espf/core/services/aocs/aocs_cntrl/src/aocs_pm.c:103:6:aocs_pm_calc_performance	64	static
C:/PYRASOBC-main/OBC_STDPF/espf/core/services/aocs/aocs_cntrl/src/aocs_pm.c:281:10:aocs_pm_get_max_time_for_auto_logging	24	static
C:/PYRASOBC-main/OBC_STDPF/espf/core/services/aocs/aocs_cntrl/src/aocs_pm.c:292:9:aocs_pm_set_max_time_for_auto_logging	32	static
C:/PYRASOBC-main/OBC_STDPF/espf/core/services/aocs/aocs_cntrl/src/aocs_pm.c:328:6:aocs_pm_start_auto_logging	0	static
C:/PYRASOBC-main/OBC_STDPF/espf/core/services/aocs/aocs_cntrl/src/aocs_pm.c:345:6:aocs_pm_stop_auto_logging	0	static
C:/PYRASOBC-main/OBC_STDPF/espf/core/services/aocs/aocs_cntrl/src/aocs_pm.c:351:6:aocs_pm_start_logging	0	static
C:/PYRASOBC-main/OBC_STDPF/espf/core/services/aocs/aocs_cntrl/src/aocs_pm.c:357:23:aocs_pm_get_data_type_for_assessment	0	static
C:/PYRASOBC-main/OBC_STDPF/espf/core/services/aocs/aocs_cntrl/src/aocs_pm.c:362:9:aocs_pm_set_data_type_for_assessment	24	static
C:/PYRASOBC-main/OBC_STDPF/espf/core/services/aocs/aocs_cntrl/src/aocs_pm.c:390:9:aocs_pm_get_update_interval	0	static
C:/PYRASOBC-main/OBC_STDPF/espf/core/services/aocs/aocs_cntrl/src/aocs_pm.c:395:9:aocs_pm_set_update_interval	24	static
C:/PYRASOBC-main/OBC_STDPF/espf/core/services/aocs/aocs_cntrl/src/aocs_pm.c:424:10:aocs_pm_get_samples_to_skip	0	static
C:/PYRASOBC-main/OBC_STDPF/espf/core/services/aocs/aocs_cntrl/src/aocs_pm.c:429:9:aocs_pm_set_samples_to_skip	24	static
C:/PYRASOBC-main/OBC_STDPF/espf/core/services/aocs/aocs_cntrl/src/aocs_pm.c:460:6:aocs_pm_get_config_form_nvm	24	static
C:/PYRASOBC-main/OBC_STDPF/espf/core/services/aocs/aocs_cntrl/src/aocs_pm.c:473:9:aocs_pm_set_config_to_nvm	32	static
C:/PYRASOBC-main/OBC_STDPF/espf/core/services/aocs/aocs_cntrl/src/aocs_pm.c:510:6:aocs_pm_get_threshold	16	static
C:/PYRASOBC-main/OBC_STDPF/espf/core/services/aocs/aocs_cntrl/src/aocs_pm.c:520:6:aocs_pm_get_threshold_from_nvm	48	static
C:/PYRASOBC-main/OBC_STDPF/espf/core/services/aocs/aocs_cntrl/src/aocs_pm.c:86:6:aocs_pm_init	16	static
C:/PYRASOBC-main/OBC_STDPF/espf/core/services/aocs/aocs_cntrl/src/aocs_pm.c:536:9:aocs_pm_set_thresholds_to_nvm	56	static
C:/PYRASOBC-main/OBC_STDPF/espf/core/services/aocs/aocs_cntrl/src/aocs_pm.c:573:6:aocs_pm_get_output	16	static
