C:/PYRASOBC-main/OBC_STDPF/espf/core/services/file_tools/src/fm_mng.c:1663:27:getcstr_storage_status	0	static
C:/PYRASOBC-main/OBC_STDPF/espf/core/services/file_tools/src/fm_mng.c:1709:13:skip_path_delimiter	0	static
C:/PYRASOBC-main/OBC_STDPF/espf/core/services/file_tools/src/fm_mng.c:1786:20:get_default_volume	0	static
C:/PYRASOBC-main/OBC_STDPF/espf/core/services/file_tools/src/fm_mng.c:1918:20:get_free_index_without_lock	4	static
C:/PYRASOBC-main/OBC_STDPF/espf/core/services/file_tools/src/fm_mng.c:2072:17:get_opened_handle_count_all_volumes	8	static
C:/PYRASOBC-main/OBC_STDPF/espf/core/services/file_tools/src/fm_mng.c:2204:20:crc_read	48	static
C:/PYRASOBC-main/OBC_STDPF/espf/core/services/file_tools/src/fm_mng.c:2271:20:file_list_handler	56	static
C:/PYRASOBC-main/OBC_STDPF/espf/core/services/file_tools/src/fm_mng.c:2127:13:update_storage_status	32	static
C:/PYRASOBC-main/OBC_STDPF/espf/core/services/file_tools/src/fm_mng.c:2171:13:fm_task	80	static
C:/PYRASOBC-main/OBC_STDPF/espf/core/services/file_tools/src/fm_mng.c:2119:13:storage_status_update_callback	16	static
C:/PYRASOBC-main/OBC_STDPF/espf/core/services/file_tools/src/fm_mng.c:1969:13:is_handle_in_index_list	16	static
C:/PYRASOBC-main/OBC_STDPF/espf/core/services/file_tools/src/fm_mng.c:1938:20:get_free_index	16	static
C:/PYRASOBC-main/OBC_STDPF/espf/core/services/file_tools/src/fm_mng.c:1947:20:get_free_file_object	16	static
C:/PYRASOBC-main/OBC_STDPF/espf/core/services/file_tools/src/fm_mng.c:1995:13:is_valid_handle	16	static
C:/PYRASOBC-main/OBC_STDPF/espf/core/services/file_tools/src/fm_mng.c:2091:17:get_opened_handle_count	16	static
C:/PYRASOBC-main/OBC_STDPF/espf/core/services/file_tools/src/fm_mng.c:1796:20:find_volume	32	static
C:/PYRASOBC-main/OBC_STDPF/espf/core/services/file_tools/src/fm_mng.c:1877:20:adjust_path_and_get_volume	24	static
C:/PYRASOBC-main/OBC_STDPF/espf/core/services/file_tools/src/fm_mng.c:1830:20:get_volume_from_path	24	static
C:/PYRASOBC-main/OBC_STDPF/espf/core/services/file_tools/src/fm_mng.c:1704:20:is_char_path_valid	8	static
C:/PYRASOBC-main/OBC_STDPF/espf/core/services/file_tools/src/fm_mng.c:1723:20:normalize_path	32	static
C:/PYRASOBC-main/OBC_STDPF/espf/core/services/file_tools/src/fm_mng.c:1815:20:get_volume_and_normalize_path	16	static
C:/PYRASOBC-main/OBC_STDPF/espf/core/services/file_tools/src/fm_mng.c:2013:20:release_index_without_lock	24	static
C:/PYRASOBC-main/OBC_STDPF/espf/core/services/file_tools/src/fm_mng.c:2043:20:release_index	16	static
C:/PYRASOBC-main/OBC_STDPF/espf/core/services/file_tools/src/fm_mng.c:2052:20:release_index_by_volume	16	static
C:/PYRASOBC-main/OBC_STDPF/espf/core/services/file_tools/src/fm_mng.c:2162:13:update_stats	8	static
C:/PYRASOBC-main/OBC_STDPF/espf/core/services/file_tools/src/fm_mng.c:2245:20:crc_opened_file	40	static
C:/PYRASOBC-main/OBC_STDPF/espf/core/services/file_tools/src/fm_mng.c:2342:20:foreach_stack	152	static
C:/PYRASOBC-main/OBC_STDPF/espf/core/services/file_tools/src/fm_mng.c:2330:20:foreach_match_handler	16	static
C:/PYRASOBC-main/OBC_STDPF/espf/core/services/file_tools/src/fm_mng.c:2286:20:foreach_dir_handler	88	static
C:/PYRASOBC-main/OBC_STDPF/espf/core/services/file_tools/src/fm_mng.c:166:1:cmp_logger_def_init	0	static
C:/PYRASOBC-main/OBC_STDPF/espf/core/services/file_tools/src/fm_mng.c:667:13:fm_result_to_str	0	static
C:/PYRASOBC-main/OBC_STDPF/espf/core/services/file_tools/src/fm_mng.c:699:6:fm_init	16	static
C:/PYRASOBC-main/OBC_STDPF/espf/core/services/file_tools/src/fm_mng.c:739:13:fm_open	96	static
C:/PYRASOBC-main/OBC_STDPF/espf/core/services/file_tools/src/fm_mng.c:785:13:fm_open_internal	96	static
C:/PYRASOBC-main/OBC_STDPF/espf/core/services/file_tools/src/fm_mng.c:823:6:fm_is_open	8	static
C:/PYRASOBC-main/OBC_STDPF/espf/core/services/file_tools/src/fm_mng.c:828:13:fm_close	16	static
C:/PYRASOBC-main/OBC_STDPF/espf/core/services/file_tools/src/fm_mng.c:844:13:fm_gets	16	static
C:/PYRASOBC-main/OBC_STDPF/espf/core/services/file_tools/src/fm_mng.c:864:13:fm_read	48	static
C:/PYRASOBC-main/OBC_STDPF/espf/core/services/file_tools/src/fm_mng.c:895:13:fm_read_at_pos	56	static
C:/PYRASOBC-main/OBC_STDPF/espf/core/services/file_tools/src/fm_mng.c:933:13:fm_write	48	static
C:/PYRASOBC-main/OBC_STDPF/espf/core/services/file_tools/src/fm_mng.c:967:13:fm_write_at_pos	56	static
C:/PYRASOBC-main/OBC_STDPF/espf/core/services/file_tools/src/fm_mng.c:1007:13:fm_printf	40	static
C:/PYRASOBC-main/OBC_STDPF/espf/core/services/file_tools/src/fm_mng.c:1045:13:fm_vprintf	40	static
C:/PYRASOBC-main/OBC_STDPF/espf/core/services/file_tools/src/fm_mng.c:1080:13:fm_truncate	32	static
C:/PYRASOBC-main/OBC_STDPF/espf/core/services/file_tools/src/fm_mng.c:1114:13:fm_size	16	static
C:/PYRASOBC-main/OBC_STDPF/espf/core/services/file_tools/src/fm_mng.c:1135:13:fm_tell	16	static
C:/PYRASOBC-main/OBC_STDPF/espf/core/services/file_tools/src/fm_mng.c:1156:13:fm_seek	16	static
C:/PYRASOBC-main/OBC_STDPF/espf/core/services/file_tools/src/fm_mng.c:1173:13:fm_sync	16	static
C:/PYRASOBC-main/OBC_STDPF/espf/core/services/file_tools/src/fm_mng.c:1190:13:fm_stat	88	static
C:/PYRASOBC-main/OBC_STDPF/espf/core/services/file_tools/src/fm_mng.c:1212:13:fm_crc	72	static
C:/PYRASOBC-main/OBC_STDPF/espf/core/services/file_tools/src/fm_mng.c:1246:13:fm_rename	128	static
C:/PYRASOBC-main/OBC_STDPF/espf/core/services/file_tools/src/fm_mng.c:1277:13:fm_delete	72	static
C:/PYRASOBC-main/OBC_STDPF/espf/core/services/file_tools/src/fm_mng.c:1292:13:fm_mkdir	72	static
C:/PYRASOBC-main/OBC_STDPF/espf/core/services/file_tools/src/fm_mng.c:1306:13:fm_list	88	static
C:/PYRASOBC-main/OBC_STDPF/espf/core/services/file_tools/src/fm_mng.c:1349:13:fm_foreach_flat	88	static
C:/PYRASOBC-main/OBC_STDPF/espf/core/services/file_tools/src/fm_mng.c:1370:13:fm_foreach	88	static
C:/PYRASOBC-main/OBC_STDPF/espf/core/services/file_tools/src/fm_mng.c:1395:13:fm_dir_open	72	static
C:/PYRASOBC-main/OBC_STDPF/espf/core/services/file_tools/src/fm_mng.c:1433:13:fm_dir_open_internal	80	static
C:/PYRASOBC-main/OBC_STDPF/espf/core/services/file_tools/src/fm_mng.c:1465:13:fm_dir_next	16	static
C:/PYRASOBC-main/OBC_STDPF/espf/core/services/file_tools/src/fm_mng.c:1488:13:fm_dir_close	8	static
C:/PYRASOBC-main/OBC_STDPF/espf/core/services/file_tools/src/fm_mng.c:1500:13:fm_format	16	static
C:/PYRASOBC-main/OBC_STDPF/espf/core/services/file_tools/src/fm_mng.c:1514:13:fm_get_handle_count	24	static
C:/PYRASOBC-main/OBC_STDPF/espf/core/services/file_tools/src/fm_mng.c:1545:13:fm_get_free	24	static
C:/PYRASOBC-main/OBC_STDPF/espf/core/services/file_tools/src/fm_mng.c:1565:13:fm_get_stat_by_id	16	static
C:/PYRASOBC-main/OBC_STDPF/espf/core/services/file_tools/src/fm_mng.c:1586:13:fm_clear_stats	8	static
C:/PYRASOBC-main/OBC_STDPF/espf/core/services/file_tools/src/fm_mng.c:1595:13:fm_storage_init	24	static
C:/PYRASOBC-main/OBC_STDPF/espf/core/services/file_tools/src/fm_mng.c:1613:13:fm_storage_status	24	static
C:/PYRASOBC-main/OBC_STDPF/espf/core/services/file_tools/src/fm_mng.c:1632:6:fm_storage_status_ready	16	static
