C:/PYRASOBC-main/OBC_STDPF/espf/core/services/file_tools/src/sd_mng.c:297:20:sd_str_card_status	0	static
C:/PYRASOBC-main/OBC_STDPF/espf/core/services/file_tools/src/sd_mng.c:318:20:sd_str_dresult	0	static
C:/PYRASOBC-main/OBC_STDPF/espf/core/services/file_tools/src/sd_mng.c:337:20:sd_str_ioctl	0	static
C:/PYRASOBC-main/OBC_STDPF/espf/core/services/file_tools/src/sd_mng.c:746:20:is_memory_dma_aligned	0	static
C:/PYRASOBC-main/OBC_STDPF/espf/core/services/file_tools/src/sd_mng.c:1085:13:sd_update_card_state	8	static
C:/PYRASOBC-main/OBC_STDPF/espf/core/services/file_tools/src/sd_mng.c:461:13:sd_filter_detection_pin	16	static
C:/PYRASOBC-main/OBC_STDPF/espf/core/services/file_tools/src/sd_mng.c:489:13:sd_detect_card	8	static
C:/PYRASOBC-main/OBC_STDPF/espf/core/services/file_tools/src/sd_mng.c:514:20:sd_init_periph	8	static
C:/PYRASOBC-main/OBC_STDPF/espf/core/services/file_tools/src/sd_mng.c:584:20:sd_deinit_power	8	static
C:/PYRASOBC-main/OBC_STDPF/espf/core/services/file_tools/src/sd_mng.c:578:20:sd_init_power	8	static
C:/PYRASOBC-main/OBC_STDPF/espf/core/services/file_tools/src/sd_mng.c:641:20:sd_deinit_irq	8	static
C:/PYRASOBC-main/OBC_STDPF/espf/core/services/file_tools/src/sd_mng.c:614:20:sd_deinit_pins	40	static
C:/PYRASOBC-main/OBC_STDPF/espf/core/services/file_tools/src/sd_mng.c:671:20:sd_mcu_deinit	8	static
C:/PYRASOBC-main/OBC_STDPF/espf/core/services/file_tools/src/sd_mng.c:558:20:sd_init_power_pins	48	static
C:/PYRASOBC-main/OBC_STDPF/espf/core/services/file_tools/src/sd_mng.c:590:20:sd_init_pins	56	static
C:/PYRASOBC-main/OBC_STDPF/espf/core/services/file_tools/src/sd_mng.c:649:20:sd_init_hsd	8	static
C:/PYRASOBC-main/OBC_STDPF/espf/core/services/file_tools/src/sd_mng.c:663:20:sd_init_hal	8	static
C:/PYRASOBC-main/OBC_STDPF/espf/core/services/file_tools/src/sd_mng.c:404:20:sd_lock	8	static
C:/PYRASOBC-main/OBC_STDPF/espf/core/services/file_tools/src/sd_mng.c:409:20:sd_unlock	8	static
C:/PYRASOBC-main/OBC_STDPF/espf/core/services/file_tools/src/sd_mng.c:1096:25:sd_get_status	8	static
C:/PYRASOBC-main/OBC_STDPF/espf/core/services/file_tools/src/sd_mng.c:691:32:sd_hal_init	8	static
C:/PYRASOBC-main/OBC_STDPF/espf/core/services/file_tools/src/sd_mng.c:1152:28:sd_get_status_generic	8	static
C:/PYRASOBC-main/OBC_STDPF/espf/core/services/file_tools/src/sd_mng.c:541:20:sd_init_clock	200	static
C:/PYRASOBC-main/OBC_STDPF/espf/core/services/file_tools/src/sd_mng.c:631:20:sd_init_irq	8	static
C:/PYRASOBC-main/OBC_STDPF/espf/core/services/file_tools/src/sd_mng.c:680:20:sd_mcu_init	8	static
C:/PYRASOBC-main/OBC_STDPF/espf/core/services/file_tools/src/sd_mng.c:708:32:sd_full_reinit	8	static
C:/PYRASOBC-main/OBC_STDPF/espf/core/services/file_tools/src/sd_mng.c:414:13:sd_task	16	static
C:/PYRASOBC-main/OBC_STDPF/espf/core/services/file_tools/src/sd_mng.c:440:20:sd_task_notify_isr	8	static
C:/PYRASOBC-main/OBC_STDPF/espf/core/services/file_tools/src/sd_mng.c:716:25:sd_wait_for_transfer	24	static
C:/PYRASOBC-main/OBC_STDPF/espf/core/services/file_tools/src/sd_mng.c:450:20:sd_task_notify	8	static
C:/PYRASOBC-main/OBC_STDPF/espf/core/services/file_tools/src/sd_mng.c:1125:25:sd_reinit	24	static
C:/PYRASOBC-main/OBC_STDPF/espf/core/services/file_tools/src/sd_mng.c:1157:28:sd_reinit_generic	8	static
C:/PYRASOBC-main/OBC_STDPF/espf/core/services/file_tools/src/sd_mng.c:987:21:sd_ioctl	32	static
C:/PYRASOBC-main/OBC_STDPF/espf/core/services/file_tools/src/sd_mng.c:869:21:sd_write_dma	16	static
C:/PYRASOBC-main/OBC_STDPF/espf/core/services/file_tools/src/sd_mng.c:890:21:sd_write_dma_with_sector_buffering	24	static
C:/PYRASOBC-main/OBC_STDPF/espf/core/services/file_tools/src/sd_mng.c:909:21:sd_write	32	static
C:/PYRASOBC-main/OBC_STDPF/espf/core/services/file_tools/src/sd_mng.c:953:21:sd_write_retry	96	static
C:/PYRASOBC-main/OBC_STDPF/espf/core/services/file_tools/src/sd_mng.c:751:21:sd_read_dma	16	static
C:/PYRASOBC-main/OBC_STDPF/espf/core/services/file_tools/src/sd_mng.c:773:21:sd_read_dma_with_sector_buffering	24	static
C:/PYRASOBC-main/OBC_STDPF/espf/core/services/file_tools/src/sd_mng.c:792:21:sd_read	32	static
C:/PYRASOBC-main/OBC_STDPF/espf/core/services/file_tools/src/sd_mng.c:836:21:sd_read_retry	96	static
C:/PYRASOBC-main/OBC_STDPF/espf/core/services/file_tools/src/sd_mng.c:125:1:cmp_logger_def_init	0	static
C:/PYRASOBC-main/OBC_STDPF/espf/core/services/file_tools/src/sd_mng.c:219:6:sd_init	32	static
C:/PYRASOBC-main/OBC_STDPF/espf/core/services/file_tools/src/sd_mng.c:255:6:sd_card_presence_change_notify_isr	8	static
C:/PYRASOBC-main/OBC_STDPF/espf/core/services/file_tools/src/sd_mng.c:262:25:sd_get_default_driver	0	static
C:/PYRASOBC-main/OBC_STDPF/espf/core/services/file_tools/src/sd_mng.c:267:6:sd_set_status_change_callback	0	static
C:/PYRASOBC-main/OBC_STDPF/espf/core/services/file_tools/src/sd_mng.c:273:6:HAL_SD_RxCpltCallback	16	static
C:/PYRASOBC-main/OBC_STDPF/espf/core/services/file_tools/src/sd_mng.c:282:6:HAL_SD_TxCpltCallback	16	static
