C:/PYRASOBC-main/OBC_STDPF/espf/arch/stm32h753iit/drivers/power/eps_ii/src/eps_ii_telemetry.c:964:16:get_id_by_addr	0	static
C:/PYRASOBC-main/OBC_STDPF/espf/arch/stm32h753iit/drivers/power/eps_ii/src/eps_ii_telemetry.c:1111:16:convert_sensor_value_to_int16	0	static
C:/PYRASOBC-main/OBC_STDPF/espf/arch/stm32h753iit/drivers/power/eps_ii/src/eps_ii_telemetry.c:1129:17:convert_sensor_value_to_uint16	0	static
C:/PYRASOBC-main/OBC_STDPF/espf/arch/stm32h753iit/drivers/power/eps_ii/src/eps_ii_telemetry.c:979:13:update_ina_values	32	static
C:/PYRASOBC-main/OBC_STDPF/espf/arch/stm32h753iit/drivers/power/eps_ii/src/eps_ii_telemetry.c:1003:13:update_balancer_values	56	static
C:/PYRASOBC-main/OBC_STDPF/espf/arch/stm32h753iit/drivers/power/eps_ii/src/eps_ii_telemetry.c:1079:13:update_charger_values	32	static
C:/PYRASOBC-main/OBC_STDPF/espf/arch/stm32h753iit/drivers/power/eps_ii/src/eps_ii_telemetry.c:722:13:request_bp_raw_sensors	120	static
C:/PYRASOBC-main/OBC_STDPF/espf/arch/stm32h753iit/drivers/power/eps_ii/src/eps_ii_telemetry.c:791:13:eps_ii_bp_cmd_exec_fdir_checks	40	static
C:/PYRASOBC-main/OBC_STDPF/espf/arch/stm32h753iit/drivers/power/eps_ii/src/eps_ii_telemetry.c:852:13:eps_ii_bp_fdir_checks	48	static
C:/PYRASOBC-main/OBC_STDPF/espf/arch/stm32h753iit/drivers/power/eps_ii/src/eps_ii_telemetry.c:1147:13:calculate_average_values_for_all_bps	56	static
C:/PYRASOBC-main/OBC_STDPF/espf/arch/stm32h753iit/drivers/power/eps_ii/src/eps_ii_telemetry.c:767:13:request_pdm_raw_sensors	120	static
C:/PYRASOBC-main/OBC_STDPF/espf/arch/stm32h753iit/drivers/power/eps_ii/src/eps_ii_telemetry.c:908:13:eps_ii_pdm_cmd_exec_fdir_checks	32	static
C:/PYRASOBC-main/OBC_STDPF/espf/arch/stm32h753iit/drivers/power/eps_ii/src/eps_ii_telemetry.c:652:13:eps_ii_telemetry_task	88	static
C:/PYRASOBC-main/OBC_STDPF/espf/arch/stm32h753iit/drivers/power/eps_ii/src/eps_ii_telemetry.c:369:6:eps_ii_tlm_init_memory	32	dynamic
C:/PYRASOBC-main/OBC_STDPF/espf/arch/stm32h753iit/drivers/power/eps_ii/src/eps_ii_telemetry.c:396:6:eps_ii_tlm_init_os	8	static
C:/PYRASOBC-main/OBC_STDPF/espf/arch/stm32h753iit/drivers/power/eps_ii/src/eps_ii_telemetry.c:412:6:eps_ii_batt_info_notif	24	static
C:/PYRASOBC-main/OBC_STDPF/espf/arch/stm32h753iit/drivers/power/eps_ii/src/eps_ii_telemetry.c:464:6:eps_ii_bp_dev_health_notif	64	static
C:/PYRASOBC-main/OBC_STDPF/espf/arch/stm32h753iit/drivers/power/eps_ii/src/eps_ii_telemetry.c:495:6:eps_ii_pow_dist_info_notif	112	static
C:/PYRASOBC-main/OBC_STDPF/espf/arch/stm32h753iit/drivers/power/eps_ii/src/eps_ii_telemetry.c:531:6:eps_ii_pdm_dev_health_notif	80	static
C:/PYRASOBC-main/OBC_STDPF/espf/arch/stm32h753iit/drivers/power/eps_ii/src/eps_ii_telemetry.c:580:6:eps_ii_raw_sensors_notif	240	static
