C:/PYRASOBC-main/OBC_STDPF/espf/arch/stm32h753iit/drivers/positioning/gnss/src/gnss.c:121:20:gnss_init	56	static
C:/PYRASOBC-main/OBC_STDPF/espf/arch/stm32h753iit/drivers/positioning/gnss/src/gnss.c:436:20:reset_data_buffers	8	static
C:/PYRASOBC-main/OBC_STDPF/espf/arch/stm32h753iit/drivers/positioning/gnss/src/gnss.c:377:13:response_timer_elapsed	16	static
C:/PYRASOBC-main/OBC_STDPF/espf/arch/stm32h753iit/drivers/positioning/gnss/src/gnss.c:360:13:response_timer_reset	8	static
C:/PYRASOBC-main/OBC_STDPF/espf/arch/stm32h753iit/drivers/positioning/gnss/src/gnss.c:329:27:stop	8	static
C:/PYRASOBC-main/OBC_STDPF/espf/arch/stm32h753iit/drivers/positioning/gnss/src/gnss.c:235:20:gnss_stop	8	static
C:/PYRASOBC-main/OBC_STDPF/espf/arch/stm32h753iit/drivers/positioning/gnss/src/gnss.c:284:27:start	16	static
C:/PYRASOBC-main/OBC_STDPF/espf/arch/stm32h753iit/drivers/positioning/gnss/src/gnss.c:393:13:power_cycle	8	static
C:/PYRASOBC-main/OBC_STDPF/espf/arch/stm32h753iit/drivers/positioning/gnss/src/gnss.c:515:13:resp_task	360	static
C:/PYRASOBC-main/OBC_STDPF/espf/arch/stm32h753iit/drivers/positioning/gnss/src/gnss.c:230:20:gnss_run	8	static
C:/PYRASOBC-main/OBC_STDPF/espf/arch/stm32h753iit/drivers/positioning/gnss/src/gnss.c:447:13:init_task	32	static
C:/PYRASOBC-main/OBC_STDPF/espf/arch/stm32h753iit/drivers/positioning/gnss/src/gnss.c:198:20:gnss_deinit	8	static
C:/PYRASOBC-main/OBC_STDPF/espf/arch/stm32h753iit/drivers/positioning/gnss/src/gnss.c:47:1:cmp_logger_def_init	0	static
C:/PYRASOBC-main/OBC_STDPF/espf/arch/stm32h753iit/drivers/positioning/gnss/src/gnss.c:240:6:gnss_is_on	8	static
C:/PYRASOBC-main/OBC_STDPF/espf/arch/stm32h753iit/drivers/positioning/gnss/src/gnss.c:253:6:gnss_is_tm_valid	0	static
